-- Found ament_cmake: 1.3.14 (/opt/ros/humble/share/ament_cmake/cmake)
-- Found rosidl_default_generators: 1.2.1 (/opt/ros/humble/share/rosidl_default_generators/cmake)
-- Using all available rosidl_typesupport_c: rosidl_typesupport_fastrtps_c;rosidl_typesupport_introspection_c
-- Found rosidl_adapter: 3.1.8 (/opt/ros/humble/share/rosidl_adapter/cmake)
-- Using all available rosidl_typesupport_cpp: rosidl_typesupport_fastrtps_cpp;rosidl_typesupport_introspection_cpp
-- Found ament_cmake_ros: 0.10.0 (/opt/ros/humble/share/ament_cmake_ros/cmake)
-- Using all available rosidl_typesupport_c: rosidl_typesupport_fastrtps_c;rosidl_typesupport_introspection_c
-- Using all available rosidl_typesupport_cpp: rosidl_typesupport_fastrtps_cpp;rosidl_typesupport_introspection_cpp
-- Found python_cmake_module: 0.10.0 (/opt/ros/humble/share/python_cmake_module/cmake)
-- Using PYTHON_EXECUTABLE: /usr/bin/python3
-- Using PYTHON_INCLUDE_DIRS: /usr/include/python3.10
-- Using PYTHON_LIBRARIES: /usr/lib/aarch64-linux-gnu/libpython3.10.so
-- Configuring done
-- Generating done
-- Build files have been written to: /home/zork/ProjectHailMarry/build/cuas_msgs
Consolidate compiler generated dependencies of target cuas_msgs__rosidl_generator_c
[  1%] Built target cuas_msgs__cpp
[  2%] Built target cuas_msgs__rs
[ 13%] Built target cuas_msgs__rosidl_generator_c
[ 13%] Built target ament_cmake_python_copy_cuas_msgs
Consolidate compiler generated dependencies of target cuas_msgs__rosidl_typesupport_fastrtps_cpp
Consolidate compiler generated dependencies of target cuas_msgs__rosidl_typesupport_introspection_cpp
Consolidate compiler generated dependencies of target cuas_msgs__rosidl_typesupport_c
Consolidate compiler generated dependencies of target cuas_msgs__rosidl_typesupport_cpp
Consolidate compiler generated dependencies of target cuas_msgs__rosidl_typesupport_introspection_c
Consolidate compiler generated dependencies of target cuas_msgs__rosidl_typesupport_fastrtps_c
[ 61%] Built target cuas_msgs__rosidl_typesupport_introspection_cpp
[ 65%] Built target cuas_msgs__rosidl_typesupport_fastrtps_cpp
[ 65%] Built target cuas_msgs__rosidl_typesupport_cpp
[ 66%] Built target cuas_msgs__rosidl_typesupport_c
[ 69%] Built target cuas_msgs__rosidl_typesupport_introspection_c
[ 80%] Built target cuas_msgs__rosidl_typesupport_fastrtps_c
[ 80%] Built target cuas_msgs
[ 81%] Built target cuas_msgs__py
Consolidate compiler generated dependencies of target cuas_msgs__rosidl_generator_py
[ 91%] Built target cuas_msgs__rosidl_generator_py
Consolidate compiler generated dependencies of target cuas_msgs__rosidl_typesupport_introspection_c__pyext
Consolidate compiler generated dependencies of target cuas_msgs__rosidl_typesupport_fastrtps_c__pyext
Consolidate compiler generated dependencies of target cuas_msgs__rosidl_typesupport_c__pyext
[ 94%] Built target cuas_msgs__rosidl_typesupport_c__pyext
[ 97%] Built target cuas_msgs__rosidl_typesupport_fastrtps_c__pyext
[100%] Built target cuas_msgs__rosidl_typesupport_introspection_c__pyext
running egg_info
writing cuas_msgs.egg-info/PKG-INFO
writing dependency_links to cuas_msgs.egg-info/dependency_links.txt
writing top-level names to cuas_msgs.egg-info/top_level.txt
reading manifest file 'cuas_msgs.egg-info/SOURCES.txt'
writing manifest file 'cuas_msgs.egg-info/SOURCES.txt'
[100%] Built target ament_cmake_python_build_cuas_msgs_egg
-- Install configuration: ""
-- Up-to-date: /home/zork/ProjectHailMarry/install/cuas_msgs/share/ament_index/resource_index/rosidl_interfaces/cuas_msgs
-- Up-to-date: /home/zork/ProjectHailMarry/install/cuas_msgs/include/cuas_msgs/cuas_msgs
-- Up-to-date: /home/zork/ProjectHailMarry/install/cuas_msgs/include/cuas_msgs/cuas_msgs/msg
-- Up-to-date: /home/zork/ProjectHailMarry/install/cuas_msgs/include/cuas_msgs/cuas_msgs/msg/track.h
-- Up-to-date: /home/zork/ProjectHailMarry/install/cuas_msgs/include/cuas_msgs/cuas_msgs/msg/rosidl_generator_c__visibility_control.h
-- Up-to-date: /home/zork/ProjectHailMarry/install/cuas_msgs/include/cuas_msgs/cuas_msgs/msg/radar_detection.h
-- Up-to-date: /home/zork/ProjectHailMarry/install/cuas_msgs/include/cuas_msgs/cuas_msgs/msg/detail
-- Up-to-date: /home/zork/ProjectHailMarry/install/cuas_msgs/include/cuas_msgs/cuas_msgs/msg/detail/track__functions.c
-- Up-to-date: /home/zork/ProjectHailMarry/install/cuas_msgs/include/cuas_msgs/cuas_msgs/msg/detail/radar_frame__functions.h
-- Up-to-date: /home/zork/ProjectHailMarry/install/cuas_msgs/include/cuas_msgs/cuas_msgs/msg/detail/track__struct.h
-- Up-to-date: /home/zork/ProjectHailMarry/install/cuas_msgs/include/cuas_msgs/cuas_msgs/msg/detail/threat_report__functions.c
-- Up-to-date: /home/zork/ProjectHailMarry/install/cuas_msgs/include/cuas_msgs/cuas_msgs/msg/detail/radar_frame__struct.h
-- Up-to-date: /home/zork/ProjectHailMarry/install/cuas_msgs/include/cuas_msgs/cuas_msgs/msg/detail/fused_detection__functions.c
-- Up-to-date: /home/zork/ProjectHailMarry/install/cuas_msgs/include/cuas_msgs/cuas_msgs/msg/detail/radar_frame__type_support.h
-- Up-to-date: /home/zork/ProjectHailMarry/install/cuas_msgs/include/cuas_msgs/cuas_msgs/msg/detail/fused_detection__functions.h
-- Up-to-date: /home/zork/ProjectHailMarry/install/cuas_msgs/include/cuas_msgs/cuas_msgs/msg/detail/track__type_support.h
-- Up-to-date: /home/zork/ProjectHailMarry/install/cuas_msgs/include/cuas_msgs/cuas_msgs/msg/detail/fused_detection__type_support.h
-- Up-to-date: /home/zork/ProjectHailMarry/install/cuas_msgs/include/cuas_msgs/cuas_msgs/msg/detail/radar_detection__struct.h
-- Up-to-date: /home/zork/ProjectHailMarry/install/cuas_msgs/include/cuas_msgs/cuas_msgs/msg/detail/radar_frame__functions.c
-- Up-to-date: /home/zork/ProjectHailMarry/install/cuas_msgs/include/cuas_msgs/cuas_msgs/msg/detail/track_array__struct.h
-- Up-to-date: /home/zork/ProjectHailMarry/install/cuas_msgs/include/cuas_msgs/cuas_msgs/msg/detail/track_array__functions.c
-- Up-to-date: /home/zork/ProjectHailMarry/install/cuas_msgs/include/cuas_msgs/cuas_msgs/msg/detail/radar_detection__type_support.h
-- Up-to-date: /home/zork/ProjectHailMarry/install/cuas_msgs/include/cuas_msgs/cuas_msgs/msg/detail/threat_report__functions.h
-- Up-to-date: /home/zork/ProjectHailMarry/install/cuas_msgs/include/cuas_msgs/cuas_msgs/msg/detail/fused_detection__struct.h
-- Up-to-date: /home/zork/ProjectHailMarry/install/cuas_msgs/include/cuas_msgs/cuas_msgs/msg/detail/threat_report__type_support.h
-- Up-to-date: /home/zork/ProjectHailMarry/install/cuas_msgs/include/cuas_msgs/cuas_msgs/msg/detail/track_array__type_support.h
-- Up-to-date: /home/zork/ProjectHailMarry/install/cuas_msgs/include/cuas_msgs/cuas_msgs/msg/detail/radar_detection__functions.c
-- Up-to-date: /home/zork/ProjectHailMarry/install/cuas_msgs/include/cuas_msgs/cuas_msgs/msg/detail/track__functions.h
-- Up-to-date: /home/zork/ProjectHailMarry/install/cuas_msgs/include/cuas_msgs/cuas_msgs/msg/detail/radar_detection__functions.h
-- Up-to-date: /home/zork/ProjectHailMarry/install/cuas_msgs/include/cuas_msgs/cuas_msgs/msg/detail/threat_report__struct.h
-- Up-to-date: /home/zork/ProjectHailMarry/install/cuas_msgs/include/cuas_msgs/cuas_msgs/msg/detail/track_array__functions.h
-- Up-to-date: /home/zork/ProjectHailMarry/install/cuas_msgs/include/cuas_msgs/cuas_msgs/msg/radar_frame.h
-- Up-to-date: /home/zork/ProjectHailMarry/install/cuas_msgs/include/cuas_msgs/cuas_msgs/msg/track_array.h
-- Up-to-date: /home/zork/ProjectHailMarry/install/cuas_msgs/include/cuas_msgs/cuas_msgs/msg/fused_detection.h
-- Up-to-date: /home/zork/ProjectHailMarry/install/cuas_msgs/include/cuas_msgs/cuas_msgs/msg/threat_report.h
-- Up-to-date: /home/zork/ProjectHailMarry/install/cuas_msgs/share/cuas_msgs/environment/library_path.sh
-- Installing: /home/zork/ProjectHailMarry/install/cuas_msgs/share/cuas_msgs/environment/library_path.dsv
-- Up-to-date: /home/zork/ProjectHailMarry/install/cuas_msgs/lib/libcuas_msgs__rosidl_generator_c.so
-- Up-to-date: /home/zork/ProjectHailMarry/install/cuas_msgs/include/cuas_msgs/cuas_msgs
-- Up-to-date: /home/zork/ProjectHailMarry/install/cuas_msgs/include/cuas_msgs/cuas_msgs/msg
-- Up-to-date: /home/zork/ProjectHailMarry/install/cuas_msgs/include/cuas_msgs/cuas_msgs/msg/rosidl_typesupport_fastrtps_c__visibility_control.h
-- Up-to-date: /home/zork/ProjectHailMarry/install/cuas_msgs/include/cuas_msgs/cuas_msgs/msg/detail
-- Up-to-date: /home/zork/ProjectHailMarry/install/cuas_msgs/include/cuas_msgs/cuas_msgs/msg/detail/track__rosidl_typesupport_fastrtps_c.h
-- Up-to-date: /home/zork/ProjectHailMarry/install/cuas_msgs/include/cuas_msgs/cuas_msgs/msg/detail/radar_frame__rosidl_typesupport_fastrtps_c.h
-- Up-to-date: /home/zork/ProjectHailMarry/install/cuas_msgs/include/cuas_msgs/cuas_msgs/msg/detail/fused_detection__rosidl_typesupport_fastrtps_c.h
-- Up-to-date: /home/zork/ProjectHailMarry/install/cuas_msgs/include/cuas_msgs/cuas_msgs/msg/detail/threat_report__rosidl_typesupport_fastrtps_c.h
-- Up-to-date: /home/zork/ProjectHailMarry/install/cuas_msgs/include/cuas_msgs/cuas_msgs/msg/detail/radar_detection__rosidl_typesupport_fastrtps_c.h
-- Up-to-date: /home/zork/ProjectHailMarry/install/cuas_msgs/include/cuas_msgs/cuas_msgs/msg/detail/track_array__rosidl_typesupport_fastrtps_c.h
-- Up-to-date: /home/zork/ProjectHailMarry/install/cuas_msgs/lib/libcuas_msgs__rosidl_typesupport_fastrtps_c.so
-- Up-to-date: /home/zork/ProjectHailMarry/install/cuas_msgs/include/cuas_msgs/cuas_msgs
-- Up-to-date: /home/zork/ProjectHailMarry/install/cuas_msgs/include/cuas_msgs/cuas_msgs/msg
-- Up-to-date: /home/zork/ProjectHailMarry/install/cuas_msgs/include/cuas_msgs/cuas_msgs/msg/detail
-- Up-to-date: /home/zork/ProjectHailMarry/install/cuas_msgs/include/cuas_msgs/cuas_msgs/msg/detail/threat_report__rosidl_typesupport_introspection_c.h
-- Up-to-date: /home/zork/ProjectHailMarry/install/cuas_msgs/include/cuas_msgs/cuas_msgs/msg/detail/track__type_support.c
-- Up-to-date: /home/zork/ProjectHailMarry/install/cuas_msgs/include/cuas_msgs/cuas_msgs/msg/detail/track_array__type_support.c
-- Up-to-date: /home/zork/ProjectHailMarry/install/cuas_msgs/include/cuas_msgs/cuas_msgs/msg/detail/radar_detection__rosidl_typesupport_introspection_c.h
-- Up-to-date: /home/zork/ProjectHailMarry/install/cuas_msgs/include/cuas_msgs/cuas_msgs/msg/detail/radar_frame__type_support.c
-- Up-to-date: /home/zork/ProjectHailMarry/install/cuas_msgs/include/cuas_msgs/cuas_msgs/msg/detail/track_array__rosidl_typesupport_introspection_c.h
-- Up-to-date: /home/zork/ProjectHailMarry/install/cuas_msgs/include/cuas_msgs/cuas_msgs/msg/detail/track__rosidl_typesupport_introspection_c.h
-- Up-to-date: /home/zork/ProjectHailMarry/install/cuas_msgs/include/cuas_msgs/cuas_msgs/msg/detail/fused_detection__rosidl_typesupport_introspection_c.h
-- Up-to-date: /home/zork/ProjectHailMarry/install/cuas_msgs/include/cuas_msgs/cuas_msgs/msg/detail/radar_detection__type_support.c
-- Up-to-date: /home/zork/ProjectHailMarry/install/cuas_msgs/include/cuas_msgs/cuas_msgs/msg/detail/fused_detection__type_support.c
-- Up-to-date: /home/zork/ProjectHailMarry/install/cuas_msgs/include/cuas_msgs/cuas_msgs/msg/detail/threat_report__type_support.c
-- Up-to-date: /home/zork/ProjectHailMarry/install/cuas_msgs/include/cuas_msgs/cuas_msgs/msg/detail/radar_frame__rosidl_typesupport_introspection_c.h
-- Up-to-date: /home/zork/ProjectHailMarry/install/cuas_msgs/include/cuas_msgs/cuas_msgs/msg/rosidl_typesupport_introspection_c__visibility_control.h
-- Up-to-date: /home/zork/ProjectHailMarry/install/cuas_msgs/lib/libcuas_msgs__rosidl_typesupport_introspection_c.so
-- Up-to-date: /home/zork/ProjectHailMarry/install/cuas_msgs/lib/libcuas_msgs__rosidl_typesupport_c.so
-- Up-to-date: /home/zork/ProjectHailMarry/install/cuas_msgs/include/cuas_msgs/cuas_msgs
-- Up-to-date: /home/zork/ProjectHailMarry/install/cuas_msgs/include/cuas_msgs/cuas_msgs/msg
-- Up-to-date: /home/zork/ProjectHailMarry/install/cuas_msgs/include/cuas_msgs/cuas_msgs/msg/threat_report.hpp
-- Up-to-date: /home/zork/ProjectHailMarry/install/cuas_msgs/include/cuas_msgs/cuas_msgs/msg/fused_detection.hpp
-- Up-to-date: /home/zork/ProjectHailMarry/install/cuas_msgs/include/cuas_msgs/cuas_msgs/msg/detail
-- Up-to-date: /home/zork/ProjectHailMarry/install/cuas_msgs/include/cuas_msgs/cuas_msgs/msg/detail/fused_detection__traits.hpp
-- Up-to-date: /home/zork/ProjectHailMarry/install/cuas_msgs/include/cuas_msgs/cuas_msgs/msg/detail/radar_frame__struct.hpp
-- Up-to-date: /home/zork/ProjectHailMarry/install/cuas_msgs/include/cuas_msgs/cuas_msgs/msg/detail/track_array__type_support.hpp
-- Up-to-date: /home/zork/ProjectHailMarry/install/cuas_msgs/include/cuas_msgs/cuas_msgs/msg/detail/fused_detection__struct.hpp
-- Up-to-date: /home/zork/ProjectHailMarry/install/cuas_msgs/include/cuas_msgs/cuas_msgs/msg/detail/radar_detection__type_support.hpp
-- Up-to-date: /home/zork/ProjectHailMarry/install/cuas_msgs/include/cuas_msgs/cuas_msgs/msg/detail/track__type_support.hpp
-- Up-to-date: /home/zork/ProjectHailMarry/install/cuas_msgs/include/cuas_msgs/cuas_msgs/msg/detail/track__struct.hpp
-- Up-to-date: /home/zork/ProjectHailMarry/install/cuas_msgs/include/cuas_msgs/cuas_msgs/msg/detail/fused_detection__type_support.hpp
-- Up-to-date: /home/zork/ProjectHailMarry/install/cuas_msgs/include/cuas_msgs/cuas_msgs/msg/detail/track_array__traits.hpp
-- Up-to-date: /home/zork/ProjectHailMarry/install/cuas_msgs/include/cuas_msgs/cuas_msgs/msg/detail/radar_frame__builder.hpp
-- Up-to-date: /home/zork/ProjectHailMarry/install/cuas_msgs/include/cuas_msgs/cuas_msgs/msg/detail/threat_report__builder.hpp
-- Up-to-date: /home/zork/ProjectHailMarry/install/cuas_msgs/include/cuas_msgs/cuas_msgs/msg/detail/radar_frame__type_support.hpp
-- Up-to-date: /home/zork/ProjectHailMarry/install/cuas_msgs/include/cuas_msgs/cuas_msgs/msg/detail/threat_report__traits.hpp
-- Up-to-date: /home/zork/ProjectHailMarry/install/cuas_msgs/include/cuas_msgs/cuas_msgs/msg/detail/radar_detection__builder.hpp
-- Up-to-date: /home/zork/ProjectHailMarry/install/cuas_msgs/include/cuas_msgs/cuas_msgs/msg/detail/radar_frame__traits.hpp
-- Up-to-date: /home/zork/ProjectHailMarry/install/cuas_msgs/include/cuas_msgs/cuas_msgs/msg/detail/track_array__struct.hpp
-- Up-to-date: /home/zork/ProjectHailMarry/install/cuas_msgs/include/cuas_msgs/cuas_msgs/msg/detail/track__traits.hpp
-- Up-to-date: /home/zork/ProjectHailMarry/install/cuas_msgs/include/cuas_msgs/cuas_msgs/msg/detail/track__builder.hpp
-- Up-to-date: /home/zork/ProjectHailMarry/install/cuas_msgs/include/cuas_msgs/cuas_msgs/msg/detail/threat_report__type_support.hpp
-- Up-to-date: /home/zork/ProjectHailMarry/install/cuas_msgs/include/cuas_msgs/cuas_msgs/msg/detail/radar_detection__struct.hpp
-- Up-to-date: /home/zork/ProjectHailMarry/install/cuas_msgs/include/cuas_msgs/cuas_msgs/msg/detail/fused_detection__builder.hpp
-- Up-to-date: /home/zork/ProjectHailMarry/install/cuas_msgs/include/cuas_msgs/cuas_msgs/msg/detail/threat_report__struct.hpp
-- Up-to-date: /home/zork/ProjectHailMarry/install/cuas_msgs/include/cuas_msgs/cuas_msgs/msg/detail/radar_detection__traits.hpp
-- Up-to-date: /home/zork/ProjectHailMarry/install/cuas_msgs/include/cuas_msgs/cuas_msgs/msg/detail/track_array__builder.hpp
-- Up-to-date: /home/zork/ProjectHailMarry/install/cuas_msgs/include/cuas_msgs/cuas_msgs/msg/track.hpp
-- Up-to-date: /home/zork/ProjectHailMarry/install/cuas_msgs/include/cuas_msgs/cuas_msgs/msg/track_array.hpp
-- Up-to-date: /home/zork/ProjectHailMarry/install/cuas_msgs/include/cuas_msgs/cuas_msgs/msg/radar_frame.hpp
-- Up-to-date: /home/zork/ProjectHailMarry/install/cuas_msgs/include/cuas_msgs/cuas_msgs/msg/radar_detection.hpp
-- Up-to-date: /home/zork/ProjectHailMarry/install/cuas_msgs/include/cuas_msgs/cuas_msgs/msg/rosidl_generator_cpp__visibility_control.hpp
-- Up-to-date: /home/zork/ProjectHailMarry/install/cuas_msgs/include/cuas_msgs/cuas_msgs
-- Up-to-date: /home/zork/ProjectHailMarry/install/cuas_msgs/include/cuas_msgs/cuas_msgs/msg
-- Up-to-date: /home/zork/ProjectHailMarry/install/cuas_msgs/include/cuas_msgs/cuas_msgs/msg/detail
-- Up-to-date: /home/zork/ProjectHailMarry/install/cuas_msgs/include/cuas_msgs/cuas_msgs/msg/detail/dds_fastrtps
-- Up-to-date: /home/zork/ProjectHailMarry/install/cuas_msgs/include/cuas_msgs/cuas_msgs/msg/detail/track__rosidl_typesupport_fastrtps_cpp.hpp
-- Up-to-date: /home/zork/ProjectHailMarry/install/cuas_msgs/include/cuas_msgs/cuas_msgs/msg/detail/threat_report__rosidl_typesupport_fastrtps_cpp.hpp
-- Up-to-date: /home/zork/ProjectHailMarry/install/cuas_msgs/include/cuas_msgs/cuas_msgs/msg/detail/fused_detection__rosidl_typesupport_fastrtps_cpp.hpp
-- Up-to-date: /home/zork/ProjectHailMarry/install/cuas_msgs/include/cuas_msgs/cuas_msgs/msg/detail/radar_frame__rosidl_typesupport_fastrtps_cpp.hpp
-- Up-to-date: /home/zork/ProjectHailMarry/install/cuas_msgs/include/cuas_msgs/cuas_msgs/msg/detail/radar_detection__rosidl_typesupport_fastrtps_cpp.hpp
-- Up-to-date: /home/zork/ProjectHailMarry/install/cuas_msgs/include/cuas_msgs/cuas_msgs/msg/detail/track_array__rosidl_typesupport_fastrtps_cpp.hpp
-- Up-to-date: /home/zork/ProjectHailMarry/install/cuas_msgs/include/cuas_msgs/cuas_msgs/msg/rosidl_typesupport_fastrtps_cpp__visibility_control.h
-- Up-to-date: /home/zork/ProjectHailMarry/install/cuas_msgs/lib/libcuas_msgs__rosidl_typesupport_fastrtps_cpp.so
-- Up-to-date: /home/zork/ProjectHailMarry/install/cuas_msgs/include/cuas_msgs/cuas_msgs
-- Up-to-date: /home/zork/ProjectHailMarry/install/cuas_msgs/include/cuas_msgs/cuas_msgs/msg
-- Up-to-date: /home/zork/ProjectHailMarry/install/cuas_msgs/include/cuas_msgs/cuas_msgs/msg/detail
-- Up-to-date: /home/zork/ProjectHailMarry/install/cuas_msgs/include/cuas_msgs/cuas_msgs/msg/detail/threat_report__type_support.cpp
-- Up-to-date: /home/zork/ProjectHailMarry/install/cuas_msgs/include/cuas_msgs/cuas_msgs/msg/detail/threat_report__rosidl_typesupport_introspection_cpp.hpp
-- Up-to-date: /home/zork/ProjectHailMarry/install/cuas_msgs/include/cuas_msgs/cuas_msgs/msg/detail/fused_detection__type_support.cpp
-- Up-to-date: /home/zork/ProjectHailMarry/install/cuas_msgs/include/cuas_msgs/cuas_msgs/msg/detail/track__rosidl_typesupport_introspection_cpp.hpp
-- Up-to-date: /home/zork/ProjectHailMarry/install/cuas_msgs/include/cuas_msgs/cuas_msgs/msg/detail/track__type_support.cpp
-- Up-to-date: /home/zork/ProjectHailMarry/install/cuas_msgs/include/cuas_msgs/cuas_msgs/msg/detail/track_array__type_support.cpp
-- Up-to-date: /home/zork/ProjectHailMarry/install/cuas_msgs/include/cuas_msgs/cuas_msgs/msg/detail/radar_frame__type_support.cpp
-- Up-to-date: /home/zork/ProjectHailMarry/install/cuas_msgs/include/cuas_msgs/cuas_msgs/msg/detail/radar_detection__type_support.cpp
-- Up-to-date: /home/zork/ProjectHailMarry/install/cuas_msgs/include/cuas_msgs/cuas_msgs/msg/detail/radar_frame__rosidl_typesupport_introspection_cpp.hpp
-- Up-to-date: /home/zork/ProjectHailMarry/install/cuas_msgs/include/cuas_msgs/cuas_msgs/msg/detail/track_array__rosidl_typesupport_introspection_cpp.hpp
-- Up-to-date: /home/zork/ProjectHailMarry/install/cuas_msgs/include/cuas_msgs/cuas_msgs/msg/detail/radar_detection__rosidl_typesupport_introspection_cpp.hpp
-- Up-to-date: /home/zork/ProjectHailMarry/install/cuas_msgs/include/cuas_msgs/cuas_msgs/msg/detail/fused_detection__rosidl_typesupport_introspection_cpp.hpp
-- Up-to-date: /home/zork/ProjectHailMarry/install/cuas_msgs/lib/libcuas_msgs__rosidl_typesupport_introspection_cpp.so
-- Up-to-date: /home/zork/ProjectHailMarry/install/cuas_msgs/lib/libcuas_msgs__rosidl_typesupport_cpp.so
-- Up-to-date: /home/zork/ProjectHailMarry/install/cuas_msgs/share/cuas_msgs/environment/pythonpath.sh
-- Installing: /home/zork/ProjectHailMarry/install/cuas_msgs/share/cuas_msgs/environment/pythonpath.dsv
-- Up-to-date: /home/zork/ProjectHailMarry/install/cuas_msgs/local/lib/python3.10/dist-packages/cuas_msgs-0.1.0-py3.10.egg-info
-- Installing: /home/zork/ProjectHailMarry/install/cuas_msgs/local/lib/python3.10/dist-packages/cuas_msgs-0.1.0-py3.10.egg-info/SOURCES.txt
-- Installing: /home/zork/ProjectHailMarry/install/cuas_msgs/local/lib/python3.10/dist-packages/cuas_msgs-0.1.0-py3.10.egg-info/PKG-INFO
-- Installing: /home/zork/ProjectHailMarry/install/cuas_msgs/local/lib/python3.10/dist-packages/cuas_msgs-0.1.0-py3.10.egg-info/top_level.txt
-- Installing: /home/zork/ProjectHailMarry/install/cuas_msgs/local/lib/python3.10/dist-packages/cuas_msgs-0.1.0-py3.10.egg-info/dependency_links.txt
-- Up-to-date: /home/zork/ProjectHailMarry/install/cuas_msgs/local/lib/python3.10/dist-packages/cuas_msgs
-- Up-to-date: /home/zork/ProjectHailMarry/install/cuas_msgs/local/lib/python3.10/dist-packages/cuas_msgs/_cuas_msgs_s.ep.rosidl_typesupport_introspection_c.c
-- Up-to-date: /home/zork/ProjectHailMarry/install/cuas_msgs/local/lib/python3.10/dist-packages/cuas_msgs/_cuas_msgs_s.ep.rosidl_typesupport_fastrtps_c.c
-- Up-to-date: /home/zork/ProjectHailMarry/install/cuas_msgs/local/lib/python3.10/dist-packages/cuas_msgs/libcuas_msgs__rosidl_generator_py.so
-- Up-to-date: /home/zork/ProjectHailMarry/install/cuas_msgs/local/lib/python3.10/dist-packages/cuas_msgs/msg
-- Up-to-date: /home/zork/ProjectHailMarry/install/cuas_msgs/local/lib/python3.10/dist-packages/cuas_msgs/msg/_track_array_s.c
-- Up-to-date: /home/zork/ProjectHailMarry/install/cuas_msgs/local/lib/python3.10/dist-packages/cuas_msgs/msg/_track_s.c
-- Up-to-date: /home/zork/ProjectHailMarry/install/cuas_msgs/local/lib/python3.10/dist-packages/cuas_msgs/msg/__init__.py
-- Up-to-date: /home/zork/ProjectHailMarry/install/cuas_msgs/local/lib/python3.10/dist-packages/cuas_msgs/msg/_threat_report_s.c
-- Up-to-date: /home/zork/ProjectHailMarry/install/cuas_msgs/local/lib/python3.10/dist-packages/cuas_msgs/msg/_fused_detection_s.c
-- Up-to-date: /home/zork/ProjectHailMarry/install/cuas_msgs/local/lib/python3.10/dist-packages/cuas_msgs/msg/_radar_detection.py
-- Up-to-date: /home/zork/ProjectHailMarry/install/cuas_msgs/local/lib/python3.10/dist-packages/cuas_msgs/msg/_radar_frame.py
-- Up-to-date: /home/zork/ProjectHailMarry/install/cuas_msgs/local/lib/python3.10/dist-packages/cuas_msgs/msg/_threat_report.py
-- Up-to-date: /home/zork/ProjectHailMarry/install/cuas_msgs/local/lib/python3.10/dist-packages/cuas_msgs/msg/_radar_detection_s.c
-- Up-to-date: /home/zork/ProjectHailMarry/install/cuas_msgs/local/lib/python3.10/dist-packages/cuas_msgs/msg/_fused_detection.py
-- Up-to-date: /home/zork/ProjectHailMarry/install/cuas_msgs/local/lib/python3.10/dist-packages/cuas_msgs/msg/_track_array.py
-- Up-to-date: /home/zork/ProjectHailMarry/install/cuas_msgs/local/lib/python3.10/dist-packages/cuas_msgs/msg/_track.py
-- Up-to-date: /home/zork/ProjectHailMarry/install/cuas_msgs/local/lib/python3.10/dist-packages/cuas_msgs/msg/_radar_frame_s.c
-- Up-to-date: /home/zork/ProjectHailMarry/install/cuas_msgs/local/lib/python3.10/dist-packages/cuas_msgs/cuas_msgs_s__rosidl_typesupport_introspection_c.cpython-310-aarch64-linux-gnu.so
-- Installing: /home/zork/ProjectHailMarry/install/cuas_msgs/local/lib/python3.10/dist-packages/cuas_msgs/__init__.py
-- Up-to-date: /home/zork/ProjectHailMarry/install/cuas_msgs/local/lib/python3.10/dist-packages/cuas_msgs/cuas_msgs_s__rosidl_typesupport_c.cpython-310-aarch64-linux-gnu.so
-- Up-to-date: /home/zork/ProjectHailMarry/install/cuas_msgs/local/lib/python3.10/dist-packages/cuas_msgs/cuas_msgs_s__rosidl_typesupport_fastrtps_c.cpython-310-aarch64-linux-gnu.so
-- Up-to-date: /home/zork/ProjectHailMarry/install/cuas_msgs/local/lib/python3.10/dist-packages/cuas_msgs/_cuas_msgs_s.ep.rosidl_typesupport_c.c
Listing '/home/zork/ProjectHailMarry/install/cuas_msgs/local/lib/python3.10/dist-packages/cuas_msgs'...
Compiling '/home/zork/ProjectHailMarry/install/cuas_msgs/local/lib/python3.10/dist-packages/cuas_msgs/__init__.py'...
Listing '/home/zork/ProjectHailMarry/install/cuas_msgs/local/lib/python3.10/dist-packages/cuas_msgs/msg'...
-- Up-to-date: /home/zork/ProjectHailMarry/install/cuas_msgs/local/lib/python3.10/dist-packages/cuas_msgs/cuas_msgs_s__rosidl_typesupport_fastrtps_c.cpython-310-aarch64-linux-gnu.so
-- Up-to-date: /home/zork/ProjectHailMarry/install/cuas_msgs/local/lib/python3.10/dist-packages/cuas_msgs/cuas_msgs_s__rosidl_typesupport_introspection_c.cpython-310-aarch64-linux-gnu.so
-- Up-to-date: /home/zork/ProjectHailMarry/install/cuas_msgs/local/lib/python3.10/dist-packages/cuas_msgs/cuas_msgs_s__rosidl_typesupport_c.cpython-310-aarch64-linux-gnu.so
-- Up-to-date: /home/zork/ProjectHailMarry/install/cuas_msgs/lib/libcuas_msgs__rosidl_generator_py.so
-- Up-to-date: /home/zork/ProjectHailMarry/install/cuas_msgs/share/ament_index/resource_index/rust_packages/cuas_msgs
-- Up-to-date: /home/zork/ProjectHailMarry/install/cuas_msgs/share/cuas_msgs/rust
-- Up-to-date: /home/zork/ProjectHailMarry/install/cuas_msgs/share/cuas_msgs/rust/src
-- Up-to-date: /home/zork/ProjectHailMarry/install/cuas_msgs/share/cuas_msgs/rust/src/msg
-- Up-to-date: /home/zork/ProjectHailMarry/install/cuas_msgs/share/cuas_msgs/rust/src/msg/rmw.rs
-- Up-to-date: /home/zork/ProjectHailMarry/install/cuas_msgs/share/cuas_msgs/rust/src/lib.rs
-- Up-to-date: /home/zork/ProjectHailMarry/install/cuas_msgs/share/cuas_msgs/rust/src/msg.rs
-- Up-to-date: /home/zork/ProjectHailMarry/install/cuas_msgs/share/cuas_msgs/rust/Cargo.toml
-- Up-to-date: /home/zork/ProjectHailMarry/install/cuas_msgs/share/cuas_msgs/rust/build.rs
-- Up-to-date: /home/zork/ProjectHailMarry/install/cuas_msgs/share/cuas_msgs/msg/RadarDetection.idl
-- Up-to-date: /home/zork/ProjectHailMarry/install/cuas_msgs/share/cuas_msgs/msg/RadarFrame.idl
-- Up-to-date: /home/zork/ProjectHailMarry/install/cuas_msgs/share/cuas_msgs/msg/FusedDetection.idl
-- Up-to-date: /home/zork/ProjectHailMarry/install/cuas_msgs/share/cuas_msgs/msg/Track.idl
-- Up-to-date: /home/zork/ProjectHailMarry/install/cuas_msgs/share/cuas_msgs/msg/TrackArray.idl
-- Up-to-date: /home/zork/ProjectHailMarry/install/cuas_msgs/share/cuas_msgs/msg/ThreatReport.idl
-- Up-to-date: /home/zork/ProjectHailMarry/install/cuas_msgs/share/cuas_msgs/msg/RadarDetection.msg
-- Up-to-date: /home/zork/ProjectHailMarry/install/cuas_msgs/share/cuas_msgs/msg/RadarFrame.msg
-- Up-to-date: /home/zork/ProjectHailMarry/install/cuas_msgs/share/cuas_msgs/msg/FusedDetection.msg
-- Up-to-date: /home/zork/ProjectHailMarry/install/cuas_msgs/share/cuas_msgs/msg/Track.msg
-- Up-to-date: /home/zork/ProjectHailMarry/install/cuas_msgs/share/cuas_msgs/msg/TrackArray.msg
-- Up-to-date: /home/zork/ProjectHailMarry/install/cuas_msgs/share/cuas_msgs/msg/ThreatReport.msg
-- Up-to-date: /home/zork/ProjectHailMarry/install/cuas_msgs/share/ament_index/resource_index/package_run_dependencies/cuas_msgs
-- Up-to-date: /home/zork/ProjectHailMarry/install/cuas_msgs/share/ament_index/resource_index/parent_prefix_path/cuas_msgs
-- Up-to-date: /home/zork/ProjectHailMarry/install/cuas_msgs/share/cuas_msgs/environment/ament_prefix_path.sh
-- Installing: /home/zork/ProjectHailMarry/install/cuas_msgs/share/cuas_msgs/environment/ament_prefix_path.dsv
-- Up-to-date: /home/zork/ProjectHailMarry/install/cuas_msgs/share/cuas_msgs/environment/path.sh
-- Installing: /home/zork/ProjectHailMarry/install/cuas_msgs/share/cuas_msgs/environment/path.dsv
-- Up-to-date: /home/zork/ProjectHailMarry/install/cuas_msgs/share/cuas_msgs/local_setup.bash
-- Up-to-date: /home/zork/ProjectHailMarry/install/cuas_msgs/share/cuas_msgs/local_setup.sh
-- Up-to-date: /home/zork/ProjectHailMarry/install/cuas_msgs/share/cuas_msgs/local_setup.zsh
-- Installing: /home/zork/ProjectHailMarry/install/cuas_msgs/share/cuas_msgs/local_setup.dsv
-- Installing: /home/zork/ProjectHailMarry/install/cuas_msgs/share/cuas_msgs/package.dsv
-- Up-to-date: /home/zork/ProjectHailMarry/install/cuas_msgs/share/ament_index/resource_index/packages/cuas_msgs
-- Up-to-date: /home/zork/ProjectHailMarry/install/cuas_msgs/share/cuas_msgs/cmake/export_cuas_msgs__rosidl_generator_cExport.cmake
-- Up-to-date: /home/zork/ProjectHailMarry/install/cuas_msgs/share/cuas_msgs/cmake/export_cuas_msgs__rosidl_generator_cExport-noconfig.cmake
-- Up-to-date: /home/zork/ProjectHailMarry/install/cuas_msgs/share/cuas_msgs/cmake/export_cuas_msgs__rosidl_typesupport_fastrtps_cExport.cmake
-- Up-to-date: /home/zork/ProjectHailMarry/install/cuas_msgs/share/cuas_msgs/cmake/export_cuas_msgs__rosidl_typesupport_fastrtps_cExport-noconfig.cmake
-- Up-to-date: /home/zork/ProjectHailMarry/install/cuas_msgs/share/cuas_msgs/cmake/cuas_msgs__rosidl_typesupport_introspection_cExport.cmake
-- Up-to-date: /home/zork/ProjectHailMarry/install/cuas_msgs/share/cuas_msgs/cmake/cuas_msgs__rosidl_typesupport_introspection_cExport-noconfig.cmake
-- Up-to-date: /home/zork/ProjectHailMarry/install/cuas_msgs/share/cuas_msgs/cmake/cuas_msgs__rosidl_typesupport_cExport.cmake
-- Up-to-date: /home/zork/ProjectHailMarry/install/cuas_msgs/share/cuas_msgs/cmake/cuas_msgs__rosidl_typesupport_cExport-noconfig.cmake
-- Up-to-date: /home/zork/ProjectHailMarry/install/cuas_msgs/share/cuas_msgs/cmake/export_cuas_msgs__rosidl_generator_cppExport.cmake
-- Up-to-date: /home/zork/ProjectHailMarry/install/cuas_msgs/share/cuas_msgs/cmake/export_cuas_msgs__rosidl_typesupport_fastrtps_cppExport.cmake
-- Up-to-date: /home/zork/ProjectHailMarry/install/cuas_msgs/share/cuas_msgs/cmake/export_cuas_msgs__rosidl_typesupport_fastrtps_cppExport-noconfig.cmake
-- Up-to-date: /home/zork/ProjectHailMarry/install/cuas_msgs/share/cuas_msgs/cmake/cuas_msgs__rosidl_typesupport_introspection_cppExport.cmake
-- Up-to-date: /home/zork/ProjectHailMarry/install/cuas_msgs/share/cuas_msgs/cmake/cuas_msgs__rosidl_typesupport_introspection_cppExport-noconfig.cmake
-- Up-to-date: /home/zork/ProjectHailMarry/install/cuas_msgs/share/cuas_msgs/cmake/cuas_msgs__rosidl_typesupport_cppExport.cmake
-- Up-to-date: /home/zork/ProjectHailMarry/install/cuas_msgs/share/cuas_msgs/cmake/cuas_msgs__rosidl_typesupport_cppExport-noconfig.cmake
-- Up-to-date: /home/zork/ProjectHailMarry/install/cuas_msgs/share/cuas_msgs/cmake/export_cuas_msgs__rosidl_generator_pyExport.cmake
-- Up-to-date: /home/zork/ProjectHailMarry/install/cuas_msgs/share/cuas_msgs/cmake/export_cuas_msgs__rosidl_generator_pyExport-noconfig.cmake
-- Up-to-date: /home/zork/ProjectHailMarry/install/cuas_msgs/share/cuas_msgs/cmake/rosidl_cmake-extras.cmake
-- Up-to-date: /home/zork/ProjectHailMarry/install/cuas_msgs/share/cuas_msgs/cmake/ament_cmake_export_include_directories-extras.cmake
-- Up-to-date: /home/zork/ProjectHailMarry/install/cuas_msgs/share/cuas_msgs/cmake/ament_cmake_export_libraries-extras.cmake
-- Up-to-date: /home/zork/ProjectHailMarry/install/cuas_msgs/share/cuas_msgs/cmake/ament_cmake_export_targets-extras.cmake
-- Up-to-date: /home/zork/ProjectHailMarry/install/cuas_msgs/share/cuas_msgs/cmake/rosidl_cmake_export_typesupport_targets-extras.cmake
-- Up-to-date: /home/zork/ProjectHailMarry/install/cuas_msgs/share/cuas_msgs/cmake/ament_cmake_export_dependencies-extras.cmake
-- Up-to-date: /home/zork/ProjectHailMarry/install/cuas_msgs/share/cuas_msgs/cmake/rosidl_cmake_export_typesupport_libraries-extras.cmake
-- Up-to-date: /home/zork/ProjectHailMarry/install/cuas_msgs/share/cuas_msgs/cmake/cuas_msgsConfig.cmake
-- Up-to-date: /home/zork/ProjectHailMarry/install/cuas_msgs/share/cuas_msgs/cmake/cuas_msgsConfig-version.cmake
-- Up-to-date: /home/zork/ProjectHailMarry/install/cuas_msgs/share/cuas_msgs/package.xml
