[0.016s] Invoking command in '/home/zork/ProjectHailMarry/build/cuas_msgs': /usr/bin/cmake /home/zork/ProjectHailMarry/msgs/cuas_msgs -DCMAKE_INSTALL_PREFIX=install -DCATKIN_INSTALL_INTO_PREFIX_ROOT=0 -DCMAKE_INSTALL_PREFIX=/home/zork/ProjectHailMarry/install/cuas_msgs
[0.038s] -- Found ament_cmake: 1.3.14 (/opt/ros/humble/share/ament_cmake/cmake)
[0.309s] -- Found rosidl_default_generators: 1.2.1 (/opt/ros/humble/share/rosidl_default_generators/cmake)
[0.312s] -- Using all available rosidl_typesupport_c: rosidl_typesupport_fastrtps_c;rosidl_typesupport_introspection_c
[0.317s] -- Found rosidl_adapter: 3.1.8 (/opt/ros/humble/share/rosidl_adapter/cmake)
[0.380s] -- Using all available rosidl_typesupport_cpp: rosidl_typesupport_fastrtps_cpp;rosidl_typesupport_introspection_cpp
[0.978s] -- Found ament_cmake_ros: 0.10.0 (/opt/ros/humble/share/ament_cmake_ros/cmake)
[1.390s] -- Using all available rosidl_typesupport_c: rosidl_typesupport_fastrtps_c;rosidl_typesupport_introspection_c
[1.941s] -- Using all available rosidl_typesupport_cpp: rosidl_typesupport_fastrtps_cpp;rosidl_typesupport_introspection_cpp
[1.995s] -- Found python_cmake_module: 0.10.0 (/opt/ros/humble/share/python_cmake_module/cmake)
[2.050s] -- Using PYTHON_EXECUTABLE: /usr/bin/python3
[2.051s] -- Using PYTHON_INCLUDE_DIRS: /usr/include/python3.10
[2.051s] -- Using PYTHON_LIBRARIES: /usr/lib/aarch64-linux-gnu/libpython3.10.so
[2.236s] -- Configuring done
[2.337s] -- Generating done
[2.373s] -- Build files have been written to: /home/zork/ProjectHailMarry/build/cuas_msgs
[2.398s] Invoked command in '/home/zork/ProjectHailMarry/build/cuas_msgs' returned '0': /usr/bin/cmake /home/zork/ProjectHailMarry/msgs/cuas_msgs -DCMAKE_INSTALL_PREFIX=install -DCATKIN_INSTALL_INTO_PREFIX_ROOT=0 -DCMAKE_INSTALL_PREFIX=/home/zork/ProjectHailMarry/install/cuas_msgs
[2.402s] Invoking command in '/home/zork/ProjectHailMarry/build/cuas_msgs': /usr/bin/cmake --build /home/zork/ProjectHailMarry/build/cuas_msgs -- -j6 -l6
[2.505s] Consolidate compiler generated dependencies of target cuas_msgs__rosidl_generator_c
[2.519s] [  1%] Built target cuas_msgs__cpp
[2.519s] [  2%] Built target cuas_msgs__rs
[2.530s] [ 13%] Built target cuas_msgs__rosidl_generator_c
[2.538s] [ 13%] Built target ament_cmake_python_copy_cuas_msgs
[2.551s] Consolidate compiler generated dependencies of target cuas_msgs__rosidl_typesupport_fastrtps_cpp
[2.551s] Consolidate compiler generated dependencies of target cuas_msgs__rosidl_typesupport_introspection_cpp
[2.553s] Consolidate compiler generated dependencies of target cuas_msgs__rosidl_typesupport_c
[2.553s] Consolidate compiler generated dependencies of target cuas_msgs__rosidl_typesupport_cpp
[2.554s] Consolidate compiler generated dependencies of target cuas_msgs__rosidl_typesupport_introspection_c
[2.572s] Consolidate compiler generated dependencies of target cuas_msgs__rosidl_typesupport_fastrtps_c
[2.576s] [ 61%] Built target cuas_msgs__rosidl_typesupport_introspection_cpp
[2.576s] [ 65%] Built target cuas_msgs__rosidl_typesupport_fastrtps_cpp
[2.576s] [ 65%] Built target cuas_msgs__rosidl_typesupport_cpp
[2.576s] [ 66%] Built target cuas_msgs__rosidl_typesupport_c
[2.579s] [ 69%] Built target cuas_msgs__rosidl_typesupport_introspection_c
[2.596s] [ 80%] Built target cuas_msgs__rosidl_typesupport_fastrtps_c
[2.639s] [ 80%] Built target cuas_msgs
[2.680s] [ 81%] Built target cuas_msgs__py
[2.710s] Consolidate compiler generated dependencies of target cuas_msgs__rosidl_generator_py
[2.734s] [ 91%] Built target cuas_msgs__rosidl_generator_py
[2.758s] Consolidate compiler generated dependencies of target cuas_msgs__rosidl_typesupport_introspection_c__pyext
[2.758s] Consolidate compiler generated dependencies of target cuas_msgs__rosidl_typesupport_fastrtps_c__pyext
[2.758s] Consolidate compiler generated dependencies of target cuas_msgs__rosidl_typesupport_c__pyext
[2.779s] [ 94%] Built target cuas_msgs__rosidl_typesupport_c__pyext
[2.779s] [ 97%] Built target cuas_msgs__rosidl_typesupport_fastrtps_c__pyext
[2.781s] [100%] Built target cuas_msgs__rosidl_typesupport_introspection_c__pyext
[3.009s] running egg_info
[3.010s] writing cuas_msgs.egg-info/PKG-INFO
[3.010s] writing dependency_links to cuas_msgs.egg-info/dependency_links.txt
[3.011s] writing top-level names to cuas_msgs.egg-info/top_level.txt
[3.015s] reading manifest file 'cuas_msgs.egg-info/SOURCES.txt'
[3.016s] writing manifest file 'cuas_msgs.egg-info/SOURCES.txt'
[3.088s] [100%] Built target ament_cmake_python_build_cuas_msgs_egg
[3.122s] Invoked command in '/home/zork/ProjectHailMarry/build/cuas_msgs' returned '0': /usr/bin/cmake --build /home/zork/ProjectHailMarry/build/cuas_msgs -- -j6 -l6
[3.153s] Invoking command in '/home/zork/ProjectHailMarry/build/cuas_msgs': /usr/bin/cmake --install /home/zork/ProjectHailMarry/build/cuas_msgs
[3.178s] -- Install configuration: ""
[3.178s] -- Up-to-date: /home/zork/ProjectHailMarry/install/cuas_msgs/share/ament_index/resource_index/rosidl_interfaces/cuas_msgs
[3.179s] -- Up-to-date: /home/zork/ProjectHailMarry/install/cuas_msgs/include/cuas_msgs/cuas_msgs
[3.179s] -- Up-to-date: /home/zork/ProjectHailMarry/install/cuas_msgs/include/cuas_msgs/cuas_msgs/msg
[3.180s] -- Up-to-date: /home/zork/ProjectHailMarry/install/cuas_msgs/include/cuas_msgs/cuas_msgs/msg/track.h
[3.181s] -- Up-to-date: /home/zork/ProjectHailMarry/install/cuas_msgs/include/cuas_msgs/cuas_msgs/msg/rosidl_generator_c__visibility_control.h
[3.181s] -- Up-to-date: /home/zork/ProjectHailMarry/install/cuas_msgs/include/cuas_msgs/cuas_msgs/msg/radar_detection.h
[3.181s] -- Up-to-date: /home/zork/ProjectHailMarry/install/cuas_msgs/include/cuas_msgs/cuas_msgs/msg/detail
[3.182s] -- Up-to-date: /home/zork/ProjectHailMarry/install/cuas_msgs/include/cuas_msgs/cuas_msgs/msg/detail/track__functions.c
[3.182s] -- Up-to-date: /home/zork/ProjectHailMarry/install/cuas_msgs/include/cuas_msgs/cuas_msgs/msg/detail/radar_frame__functions.h
[3.184s] -- Up-to-date: /home/zork/ProjectHailMarry/install/cuas_msgs/include/cuas_msgs/cuas_msgs/msg/detail/track__struct.h
[3.184s] -- Up-to-date: /home/zork/ProjectHailMarry/install/cuas_msgs/include/cuas_msgs/cuas_msgs/msg/detail/threat_report__functions.c
[3.185s] -- Up-to-date: /home/zork/ProjectHailMarry/install/cuas_msgs/include/cuas_msgs/cuas_msgs/msg/detail/radar_frame__struct.h
[3.186s] -- Up-to-date: /home/zork/ProjectHailMarry/install/cuas_msgs/include/cuas_msgs/cuas_msgs/msg/detail/fused_detection__functions.c
[3.186s] -- Up-to-date: /home/zork/ProjectHailMarry/install/cuas_msgs/include/cuas_msgs/cuas_msgs/msg/detail/radar_frame__type_support.h
[3.187s] -- Up-to-date: /home/zork/ProjectHailMarry/install/cuas_msgs/include/cuas_msgs/cuas_msgs/msg/detail/fused_detection__functions.h
[3.187s] -- Up-to-date: /home/zork/ProjectHailMarry/install/cuas_msgs/include/cuas_msgs/cuas_msgs/msg/detail/track__type_support.h
[3.188s] -- Up-to-date: /home/zork/ProjectHailMarry/install/cuas_msgs/include/cuas_msgs/cuas_msgs/msg/detail/fused_detection__type_support.h
[3.188s] -- Up-to-date: /home/zork/ProjectHailMarry/install/cuas_msgs/include/cuas_msgs/cuas_msgs/msg/detail/radar_detection__struct.h
[3.189s] -- Up-to-date: /home/zork/ProjectHailMarry/install/cuas_msgs/include/cuas_msgs/cuas_msgs/msg/detail/radar_frame__functions.c
[3.190s] -- Up-to-date: /home/zork/ProjectHailMarry/install/cuas_msgs/include/cuas_msgs/cuas_msgs/msg/detail/track_array__struct.h
[3.190s] -- Up-to-date: /home/zork/ProjectHailMarry/install/cuas_msgs/include/cuas_msgs/cuas_msgs/msg/detail/track_array__functions.c
[3.190s] -- Up-to-date: /home/zork/ProjectHailMarry/install/cuas_msgs/include/cuas_msgs/cuas_msgs/msg/detail/radar_detection__type_support.h
[3.190s] -- Up-to-date: /home/zork/ProjectHailMarry/install/cuas_msgs/include/cuas_msgs/cuas_msgs/msg/detail/threat_report__functions.h
[3.191s] -- Up-to-date: /home/zork/ProjectHailMarry/install/cuas_msgs/include/cuas_msgs/cuas_msgs/msg/detail/fused_detection__struct.h
[3.191s] -- Up-to-date: /home/zork/ProjectHailMarry/install/cuas_msgs/include/cuas_msgs/cuas_msgs/msg/detail/threat_report__type_support.h
[3.191s] -- Up-to-date: /home/zork/ProjectHailMarry/install/cuas_msgs/include/cuas_msgs/cuas_msgs/msg/detail/track_array__type_support.h
[3.191s] -- Up-to-date: /home/zork/ProjectHailMarry/install/cuas_msgs/include/cuas_msgs/cuas_msgs/msg/detail/radar_detection__functions.c
[3.192s] -- Up-to-date: /home/zork/ProjectHailMarry/install/cuas_msgs/include/cuas_msgs/cuas_msgs/msg/detail/track__functions.h
[3.192s] -- Up-to-date: /home/zork/ProjectHailMarry/install/cuas_msgs/include/cuas_msgs/cuas_msgs/msg/detail/radar_detection__functions.h
[3.192s] -- Up-to-date: /home/zork/ProjectHailMarry/install/cuas_msgs/include/cuas_msgs/cuas_msgs/msg/detail/threat_report__struct.h
[3.192s] -- Up-to-date: /home/zork/ProjectHailMarry/install/cuas_msgs/include/cuas_msgs/cuas_msgs/msg/detail/track_array__functions.h
[3.192s] -- Up-to-date: /home/zork/ProjectHailMarry/install/cuas_msgs/include/cuas_msgs/cuas_msgs/msg/radar_frame.h
[3.193s] -- Up-to-date: /home/zork/ProjectHailMarry/install/cuas_msgs/include/cuas_msgs/cuas_msgs/msg/track_array.h
[3.193s] -- Up-to-date: /home/zork/ProjectHailMarry/install/cuas_msgs/include/cuas_msgs/cuas_msgs/msg/fused_detection.h
[3.193s] -- Up-to-date: /home/zork/ProjectHailMarry/install/cuas_msgs/include/cuas_msgs/cuas_msgs/msg/threat_report.h
[3.193s] -- Up-to-date: /home/zork/ProjectHailMarry/install/cuas_msgs/share/cuas_msgs/environment/library_path.sh
[3.194s] -- Installing: /home/zork/ProjectHailMarry/install/cuas_msgs/share/cuas_msgs/environment/library_path.dsv
[3.194s] -- Up-to-date: /home/zork/ProjectHailMarry/install/cuas_msgs/lib/libcuas_msgs__rosidl_generator_c.so
[3.194s] -- Up-to-date: /home/zork/ProjectHailMarry/install/cuas_msgs/include/cuas_msgs/cuas_msgs
[3.194s] -- Up-to-date: /home/zork/ProjectHailMarry/install/cuas_msgs/include/cuas_msgs/cuas_msgs/msg
[3.195s] -- Up-to-date: /home/zork/ProjectHailMarry/install/cuas_msgs/include/cuas_msgs/cuas_msgs/msg/rosidl_typesupport_fastrtps_c__visibility_control.h
[3.195s] -- Up-to-date: /home/zork/ProjectHailMarry/install/cuas_msgs/include/cuas_msgs/cuas_msgs/msg/detail
[3.195s] -- Up-to-date: /home/zork/ProjectHailMarry/install/cuas_msgs/include/cuas_msgs/cuas_msgs/msg/detail/track__rosidl_typesupport_fastrtps_c.h
[3.195s] -- Up-to-date: /home/zork/ProjectHailMarry/install/cuas_msgs/include/cuas_msgs/cuas_msgs/msg/detail/radar_frame__rosidl_typesupport_fastrtps_c.h
[3.195s] -- Up-to-date: /home/zork/ProjectHailMarry/install/cuas_msgs/include/cuas_msgs/cuas_msgs/msg/detail/fused_detection__rosidl_typesupport_fastrtps_c.h
[3.196s] -- Up-to-date: /home/zork/ProjectHailMarry/install/cuas_msgs/include/cuas_msgs/cuas_msgs/msg/detail/threat_report__rosidl_typesupport_fastrtps_c.h
[3.196s] -- Up-to-date: /home/zork/ProjectHailMarry/install/cuas_msgs/include/cuas_msgs/cuas_msgs/msg/detail/radar_detection__rosidl_typesupport_fastrtps_c.h
[3.196s] -- Up-to-date: /home/zork/ProjectHailMarry/install/cuas_msgs/include/cuas_msgs/cuas_msgs/msg/detail/track_array__rosidl_typesupport_fastrtps_c.h
[3.196s] -- Up-to-date: /home/zork/ProjectHailMarry/install/cuas_msgs/lib/libcuas_msgs__rosidl_typesupport_fastrtps_c.so
[3.197s] -- Up-to-date: /home/zork/ProjectHailMarry/install/cuas_msgs/include/cuas_msgs/cuas_msgs
[3.197s] -- Up-to-date: /home/zork/ProjectHailMarry/install/cuas_msgs/include/cuas_msgs/cuas_msgs/msg
[3.197s] -- Up-to-date: /home/zork/ProjectHailMarry/install/cuas_msgs/include/cuas_msgs/cuas_msgs/msg/detail
[3.197s] -- Up-to-date: /home/zork/ProjectHailMarry/install/cuas_msgs/include/cuas_msgs/cuas_msgs/msg/detail/threat_report__rosidl_typesupport_introspection_c.h
[3.198s] -- Up-to-date: /home/zork/ProjectHailMarry/install/cuas_msgs/include/cuas_msgs/cuas_msgs/msg/detail/track__type_support.c
[3.198s] -- Up-to-date: /home/zork/ProjectHailMarry/install/cuas_msgs/include/cuas_msgs/cuas_msgs/msg/detail/track_array__type_support.c
[3.198s] -- Up-to-date: /home/zork/ProjectHailMarry/install/cuas_msgs/include/cuas_msgs/cuas_msgs/msg/detail/radar_detection__rosidl_typesupport_introspection_c.h
[3.198s] -- Up-to-date: /home/zork/ProjectHailMarry/install/cuas_msgs/include/cuas_msgs/cuas_msgs/msg/detail/radar_frame__type_support.c
[3.198s] -- Up-to-date: /home/zork/ProjectHailMarry/install/cuas_msgs/include/cuas_msgs/cuas_msgs/msg/detail/track_array__rosidl_typesupport_introspection_c.h
[3.199s] -- Up-to-date: /home/zork/ProjectHailMarry/install/cuas_msgs/include/cuas_msgs/cuas_msgs/msg/detail/track__rosidl_typesupport_introspection_c.h
[3.199s] -- Up-to-date: /home/zork/ProjectHailMarry/install/cuas_msgs/include/cuas_msgs/cuas_msgs/msg/detail/fused_detection__rosidl_typesupport_introspection_c.h
[3.199s] -- Up-to-date: /home/zork/ProjectHailMarry/install/cuas_msgs/include/cuas_msgs/cuas_msgs/msg/detail/radar_detection__type_support.c
[3.199s] -- Up-to-date: /home/zork/ProjectHailMarry/install/cuas_msgs/include/cuas_msgs/cuas_msgs/msg/detail/fused_detection__type_support.c
[3.200s] -- Up-to-date: /home/zork/ProjectHailMarry/install/cuas_msgs/include/cuas_msgs/cuas_msgs/msg/detail/threat_report__type_support.c
[3.200s] -- Up-to-date: /home/zork/ProjectHailMarry/install/cuas_msgs/include/cuas_msgs/cuas_msgs/msg/detail/radar_frame__rosidl_typesupport_introspection_c.h
[3.200s] -- Up-to-date: /home/zork/ProjectHailMarry/install/cuas_msgs/include/cuas_msgs/cuas_msgs/msg/rosidl_typesupport_introspection_c__visibility_control.h
[3.200s] -- Up-to-date: /home/zork/ProjectHailMarry/install/cuas_msgs/lib/libcuas_msgs__rosidl_typesupport_introspection_c.so
[3.200s] -- Up-to-date: /home/zork/ProjectHailMarry/install/cuas_msgs/lib/libcuas_msgs__rosidl_typesupport_c.so
[3.201s] -- Up-to-date: /home/zork/ProjectHailMarry/install/cuas_msgs/include/cuas_msgs/cuas_msgs
[3.201s] -- Up-to-date: /home/zork/ProjectHailMarry/install/cuas_msgs/include/cuas_msgs/cuas_msgs/msg
[3.201s] -- Up-to-date: /home/zork/ProjectHailMarry/install/cuas_msgs/include/cuas_msgs/cuas_msgs/msg/threat_report.hpp
[3.201s] -- Up-to-date: /home/zork/ProjectHailMarry/install/cuas_msgs/include/cuas_msgs/cuas_msgs/msg/fused_detection.hpp
[3.202s] -- Up-to-date: /home/zork/ProjectHailMarry/install/cuas_msgs/include/cuas_msgs/cuas_msgs/msg/detail
[3.202s] -- Up-to-date: /home/zork/ProjectHailMarry/install/cuas_msgs/include/cuas_msgs/cuas_msgs/msg/detail/fused_detection__traits.hpp
[3.202s] -- Up-to-date: /home/zork/ProjectHailMarry/install/cuas_msgs/include/cuas_msgs/cuas_msgs/msg/detail/radar_frame__struct.hpp
[3.202s] -- Up-to-date: /home/zork/ProjectHailMarry/install/cuas_msgs/include/cuas_msgs/cuas_msgs/msg/detail/track_array__type_support.hpp
[3.203s] -- Up-to-date: /home/zork/ProjectHailMarry/install/cuas_msgs/include/cuas_msgs/cuas_msgs/msg/detail/fused_detection__struct.hpp
[3.203s] -- Up-to-date: /home/zork/ProjectHailMarry/install/cuas_msgs/include/cuas_msgs/cuas_msgs/msg/detail/radar_detection__type_support.hpp
[3.203s] -- Up-to-date: /home/zork/ProjectHailMarry/install/cuas_msgs/include/cuas_msgs/cuas_msgs/msg/detail/track__type_support.hpp
[3.203s] -- Up-to-date: /home/zork/ProjectHailMarry/install/cuas_msgs/include/cuas_msgs/cuas_msgs/msg/detail/track__struct.hpp
[3.204s] -- Up-to-date: /home/zork/ProjectHailMarry/install/cuas_msgs/include/cuas_msgs/cuas_msgs/msg/detail/fused_detection__type_support.hpp
[3.204s] -- Up-to-date: /home/zork/ProjectHailMarry/install/cuas_msgs/include/cuas_msgs/cuas_msgs/msg/detail/track_array__traits.hpp
[3.204s] -- Up-to-date: /home/zork/ProjectHailMarry/install/cuas_msgs/include/cuas_msgs/cuas_msgs/msg/detail/radar_frame__builder.hpp
[3.204s] -- Up-to-date: /home/zork/ProjectHailMarry/install/cuas_msgs/include/cuas_msgs/cuas_msgs/msg/detail/threat_report__builder.hpp
[3.204s] -- Up-to-date: /home/zork/ProjectHailMarry/install/cuas_msgs/include/cuas_msgs/cuas_msgs/msg/detail/radar_frame__type_support.hpp
[3.205s] -- Up-to-date: /home/zork/ProjectHailMarry/install/cuas_msgs/include/cuas_msgs/cuas_msgs/msg/detail/threat_report__traits.hpp
[3.205s] -- Up-to-date: /home/zork/ProjectHailMarry/install/cuas_msgs/include/cuas_msgs/cuas_msgs/msg/detail/radar_detection__builder.hpp
[3.205s] -- Up-to-date: /home/zork/ProjectHailMarry/install/cuas_msgs/include/cuas_msgs/cuas_msgs/msg/detail/radar_frame__traits.hpp
[3.205s] -- Up-to-date: /home/zork/ProjectHailMarry/install/cuas_msgs/include/cuas_msgs/cuas_msgs/msg/detail/track_array__struct.hpp
[3.206s] -- Up-to-date: /home/zork/ProjectHailMarry/install/cuas_msgs/include/cuas_msgs/cuas_msgs/msg/detail/track__traits.hpp
[3.206s] -- Up-to-date: /home/zork/ProjectHailMarry/install/cuas_msgs/include/cuas_msgs/cuas_msgs/msg/detail/track__builder.hpp
[3.206s] -- Up-to-date: /home/zork/ProjectHailMarry/install/cuas_msgs/include/cuas_msgs/cuas_msgs/msg/detail/threat_report__type_support.hpp
[3.206s] -- Up-to-date: /home/zork/ProjectHailMarry/install/cuas_msgs/include/cuas_msgs/cuas_msgs/msg/detail/radar_detection__struct.hpp
[3.207s] -- Up-to-date: /home/zork/ProjectHailMarry/install/cuas_msgs/include/cuas_msgs/cuas_msgs/msg/detail/fused_detection__builder.hpp
[3.207s] -- Up-to-date: /home/zork/ProjectHailMarry/install/cuas_msgs/include/cuas_msgs/cuas_msgs/msg/detail/threat_report__struct.hpp
[3.207s] -- Up-to-date: /home/zork/ProjectHailMarry/install/cuas_msgs/include/cuas_msgs/cuas_msgs/msg/detail/radar_detection__traits.hpp
[3.207s] -- Up-to-date: /home/zork/ProjectHailMarry/install/cuas_msgs/include/cuas_msgs/cuas_msgs/msg/detail/track_array__builder.hpp
[3.207s] -- Up-to-date: /home/zork/ProjectHailMarry/install/cuas_msgs/include/cuas_msgs/cuas_msgs/msg/track.hpp
[3.208s] -- Up-to-date: /home/zork/ProjectHailMarry/install/cuas_msgs/include/cuas_msgs/cuas_msgs/msg/track_array.hpp
[3.208s] -- Up-to-date: /home/zork/ProjectHailMarry/install/cuas_msgs/include/cuas_msgs/cuas_msgs/msg/radar_frame.hpp
[3.208s] -- Up-to-date: /home/zork/ProjectHailMarry/install/cuas_msgs/include/cuas_msgs/cuas_msgs/msg/radar_detection.hpp
[3.208s] -- Up-to-date: /home/zork/ProjectHailMarry/install/cuas_msgs/include/cuas_msgs/cuas_msgs/msg/rosidl_generator_cpp__visibility_control.hpp
[3.209s] -- Up-to-date: /home/zork/ProjectHailMarry/install/cuas_msgs/include/cuas_msgs/cuas_msgs
[3.209s] -- Up-to-date: /home/zork/ProjectHailMarry/install/cuas_msgs/include/cuas_msgs/cuas_msgs/msg
[3.209s] -- Up-to-date: /home/zork/ProjectHailMarry/install/cuas_msgs/include/cuas_msgs/cuas_msgs/msg/detail
[3.209s] -- Up-to-date: /home/zork/ProjectHailMarry/install/cuas_msgs/include/cuas_msgs/cuas_msgs/msg/detail/dds_fastrtps
[3.210s] -- Up-to-date: /home/zork/ProjectHailMarry/install/cuas_msgs/include/cuas_msgs/cuas_msgs/msg/detail/track__rosidl_typesupport_fastrtps_cpp.hpp
[3.210s] -- Up-to-date: /home/zork/ProjectHailMarry/install/cuas_msgs/include/cuas_msgs/cuas_msgs/msg/detail/threat_report__rosidl_typesupport_fastrtps_cpp.hpp
[3.210s] -- Up-to-date: /home/zork/ProjectHailMarry/install/cuas_msgs/include/cuas_msgs/cuas_msgs/msg/detail/fused_detection__rosidl_typesupport_fastrtps_cpp.hpp
[3.210s] -- Up-to-date: /home/zork/ProjectHailMarry/install/cuas_msgs/include/cuas_msgs/cuas_msgs/msg/detail/radar_frame__rosidl_typesupport_fastrtps_cpp.hpp
[3.210s] -- Up-to-date: /home/zork/ProjectHailMarry/install/cuas_msgs/include/cuas_msgs/cuas_msgs/msg/detail/radar_detection__rosidl_typesupport_fastrtps_cpp.hpp
[3.211s] -- Up-to-date: /home/zork/ProjectHailMarry/install/cuas_msgs/include/cuas_msgs/cuas_msgs/msg/detail/track_array__rosidl_typesupport_fastrtps_cpp.hpp
[3.211s] -- Up-to-date: /home/zork/ProjectHailMarry/install/cuas_msgs/include/cuas_msgs/cuas_msgs/msg/rosidl_typesupport_fastrtps_cpp__visibility_control.h
[3.211s] -- Up-to-date: /home/zork/ProjectHailMarry/install/cuas_msgs/lib/libcuas_msgs__rosidl_typesupport_fastrtps_cpp.so
[3.211s] -- Up-to-date: /home/zork/ProjectHailMarry/install/cuas_msgs/include/cuas_msgs/cuas_msgs
[3.212s] -- Up-to-date: /home/zork/ProjectHailMarry/install/cuas_msgs/include/cuas_msgs/cuas_msgs/msg
[3.212s] -- Up-to-date: /home/zork/ProjectHailMarry/install/cuas_msgs/include/cuas_msgs/cuas_msgs/msg/detail
[3.212s] -- Up-to-date: /home/zork/ProjectHailMarry/install/cuas_msgs/include/cuas_msgs/cuas_msgs/msg/detail/threat_report__type_support.cpp
[3.212s] -- Up-to-date: /home/zork/ProjectHailMarry/install/cuas_msgs/include/cuas_msgs/cuas_msgs/msg/detail/threat_report__rosidl_typesupport_introspection_cpp.hpp
[3.212s] -- Up-to-date: /home/zork/ProjectHailMarry/install/cuas_msgs/include/cuas_msgs/cuas_msgs/msg/detail/fused_detection__type_support.cpp
[3.213s] -- Up-to-date: /home/zork/ProjectHailMarry/install/cuas_msgs/include/cuas_msgs/cuas_msgs/msg/detail/track__rosidl_typesupport_introspection_cpp.hpp
[3.213s] -- Up-to-date: /home/zork/ProjectHailMarry/install/cuas_msgs/include/cuas_msgs/cuas_msgs/msg/detail/track__type_support.cpp
[3.213s] -- Up-to-date: /home/zork/ProjectHailMarry/install/cuas_msgs/include/cuas_msgs/cuas_msgs/msg/detail/track_array__type_support.cpp
[3.213s] -- Up-to-date: /home/zork/ProjectHailMarry/install/cuas_msgs/include/cuas_msgs/cuas_msgs/msg/detail/radar_frame__type_support.cpp
[3.214s] -- Up-to-date: /home/zork/ProjectHailMarry/install/cuas_msgs/include/cuas_msgs/cuas_msgs/msg/detail/radar_detection__type_support.cpp
[3.214s] -- Up-to-date: /home/zork/ProjectHailMarry/install/cuas_msgs/include/cuas_msgs/cuas_msgs/msg/detail/radar_frame__rosidl_typesupport_introspection_cpp.hpp
[3.214s] -- Up-to-date: /home/zork/ProjectHailMarry/install/cuas_msgs/include/cuas_msgs/cuas_msgs/msg/detail/track_array__rosidl_typesupport_introspection_cpp.hpp
[3.214s] -- Up-to-date: /home/zork/ProjectHailMarry/install/cuas_msgs/include/cuas_msgs/cuas_msgs/msg/detail/radar_detection__rosidl_typesupport_introspection_cpp.hpp
[3.215s] -- Up-to-date: /home/zork/ProjectHailMarry/install/cuas_msgs/include/cuas_msgs/cuas_msgs/msg/detail/fused_detection__rosidl_typesupport_introspection_cpp.hpp
[3.215s] -- Up-to-date: /home/zork/ProjectHailMarry/install/cuas_msgs/lib/libcuas_msgs__rosidl_typesupport_introspection_cpp.so
[3.215s] -- Up-to-date: /home/zork/ProjectHailMarry/install/cuas_msgs/lib/libcuas_msgs__rosidl_typesupport_cpp.so
[3.215s] -- Up-to-date: /home/zork/ProjectHailMarry/install/cuas_msgs/share/cuas_msgs/environment/pythonpath.sh
[3.215s] -- Installing: /home/zork/ProjectHailMarry/install/cuas_msgs/share/cuas_msgs/environment/pythonpath.dsv
[3.216s] -- Up-to-date: /home/zork/ProjectHailMarry/install/cuas_msgs/local/lib/python3.10/dist-packages/cuas_msgs-0.1.0-py3.10.egg-info
[3.216s] -- Installing: /home/zork/ProjectHailMarry/install/cuas_msgs/local/lib/python3.10/dist-packages/cuas_msgs-0.1.0-py3.10.egg-info/SOURCES.txt
[3.216s] -- Installing: /home/zork/ProjectHailMarry/install/cuas_msgs/local/lib/python3.10/dist-packages/cuas_msgs-0.1.0-py3.10.egg-info/PKG-INFO
[3.216s] -- Installing: /home/zork/ProjectHailMarry/install/cuas_msgs/local/lib/python3.10/dist-packages/cuas_msgs-0.1.0-py3.10.egg-info/top_level.txt
[3.217s] -- Installing: /home/zork/ProjectHailMarry/install/cuas_msgs/local/lib/python3.10/dist-packages/cuas_msgs-0.1.0-py3.10.egg-info/dependency_links.txt
[3.217s] -- Up-to-date: /home/zork/ProjectHailMarry/install/cuas_msgs/local/lib/python3.10/dist-packages/cuas_msgs
[3.217s] -- Up-to-date: /home/zork/ProjectHailMarry/install/cuas_msgs/local/lib/python3.10/dist-packages/cuas_msgs/_cuas_msgs_s.ep.rosidl_typesupport_introspection_c.c
[3.217s] -- Up-to-date: /home/zork/ProjectHailMarry/install/cuas_msgs/local/lib/python3.10/dist-packages/cuas_msgs/_cuas_msgs_s.ep.rosidl_typesupport_fastrtps_c.c
[3.218s] -- Up-to-date: /home/zork/ProjectHailMarry/install/cuas_msgs/local/lib/python3.10/dist-packages/cuas_msgs/libcuas_msgs__rosidl_generator_py.so
[3.218s] -- Up-to-date: /home/zork/ProjectHailMarry/install/cuas_msgs/local/lib/python3.10/dist-packages/cuas_msgs/msg
[3.218s] -- Up-to-date: /home/zork/ProjectHailMarry/install/cuas_msgs/local/lib/python3.10/dist-packages/cuas_msgs/msg/_track_array_s.c
[3.218s] -- Up-to-date: /home/zork/ProjectHailMarry/install/cuas_msgs/local/lib/python3.10/dist-packages/cuas_msgs/msg/_track_s.c
[3.218s] -- Up-to-date: /home/zork/ProjectHailMarry/install/cuas_msgs/local/lib/python3.10/dist-packages/cuas_msgs/msg/__init__.py
[3.219s] -- Up-to-date: /home/zork/ProjectHailMarry/install/cuas_msgs/local/lib/python3.10/dist-packages/cuas_msgs/msg/_threat_report_s.c
[3.219s] -- Up-to-date: /home/zork/ProjectHailMarry/install/cuas_msgs/local/lib/python3.10/dist-packages/cuas_msgs/msg/_fused_detection_s.c
[3.219s] -- Up-to-date: /home/zork/ProjectHailMarry/install/cuas_msgs/local/lib/python3.10/dist-packages/cuas_msgs/msg/_radar_detection.py
[3.219s] -- Up-to-date: /home/zork/ProjectHailMarry/install/cuas_msgs/local/lib/python3.10/dist-packages/cuas_msgs/msg/_radar_frame.py
[3.220s] -- Up-to-date: /home/zork/ProjectHailMarry/install/cuas_msgs/local/lib/python3.10/dist-packages/cuas_msgs/msg/_threat_report.py
[3.220s] -- Up-to-date: /home/zork/ProjectHailMarry/install/cuas_msgs/local/lib/python3.10/dist-packages/cuas_msgs/msg/_radar_detection_s.c
[3.220s] -- Up-to-date: /home/zork/ProjectHailMarry/install/cuas_msgs/local/lib/python3.10/dist-packages/cuas_msgs/msg/_fused_detection.py
[3.220s] -- Up-to-date: /home/zork/ProjectHailMarry/install/cuas_msgs/local/lib/python3.10/dist-packages/cuas_msgs/msg/_track_array.py
[3.220s] -- Up-to-date: /home/zork/ProjectHailMarry/install/cuas_msgs/local/lib/python3.10/dist-packages/cuas_msgs/msg/_track.py
[3.221s] -- Up-to-date: /home/zork/ProjectHailMarry/install/cuas_msgs/local/lib/python3.10/dist-packages/cuas_msgs/msg/_radar_frame_s.c
[3.221s] -- Up-to-date: /home/zork/ProjectHailMarry/install/cuas_msgs/local/lib/python3.10/dist-packages/cuas_msgs/cuas_msgs_s__rosidl_typesupport_introspection_c.cpython-310-aarch64-linux-gnu.so
[3.221s] -- Installing: /home/zork/ProjectHailMarry/install/cuas_msgs/local/lib/python3.10/dist-packages/cuas_msgs/__init__.py
[3.221s] -- Up-to-date: /home/zork/ProjectHailMarry/install/cuas_msgs/local/lib/python3.10/dist-packages/cuas_msgs/cuas_msgs_s__rosidl_typesupport_c.cpython-310-aarch64-linux-gnu.so
[3.222s] -- Up-to-date: /home/zork/ProjectHailMarry/install/cuas_msgs/local/lib/python3.10/dist-packages/cuas_msgs/cuas_msgs_s__rosidl_typesupport_fastrtps_c.cpython-310-aarch64-linux-gnu.so
[3.222s] -- Up-to-date: /home/zork/ProjectHailMarry/install/cuas_msgs/local/lib/python3.10/dist-packages/cuas_msgs/_cuas_msgs_s.ep.rosidl_typesupport_c.c
[3.256s] Listing '/home/zork/ProjectHailMarry/install/cuas_msgs/local/lib/python3.10/dist-packages/cuas_msgs'...
[3.256s] Compiling '/home/zork/ProjectHailMarry/install/cuas_msgs/local/lib/python3.10/dist-packages/cuas_msgs/__init__.py'...
[3.256s] Listing '/home/zork/ProjectHailMarry/install/cuas_msgs/local/lib/python3.10/dist-packages/cuas_msgs/msg'...
[3.267s] -- Up-to-date: /home/zork/ProjectHailMarry/install/cuas_msgs/local/lib/python3.10/dist-packages/cuas_msgs/cuas_msgs_s__rosidl_typesupport_fastrtps_c.cpython-310-aarch64-linux-gnu.so
[3.267s] -- Up-to-date: /home/zork/ProjectHailMarry/install/cuas_msgs/local/lib/python3.10/dist-packages/cuas_msgs/cuas_msgs_s__rosidl_typesupport_introspection_c.cpython-310-aarch64-linux-gnu.so
[3.268s] -- Up-to-date: /home/zork/ProjectHailMarry/install/cuas_msgs/local/lib/python3.10/dist-packages/cuas_msgs/cuas_msgs_s__rosidl_typesupport_c.cpython-310-aarch64-linux-gnu.so
[3.268s] -- Up-to-date: /home/zork/ProjectHailMarry/install/cuas_msgs/lib/libcuas_msgs__rosidl_generator_py.so
[3.269s] -- Up-to-date: /home/zork/ProjectHailMarry/install/cuas_msgs/share/ament_index/resource_index/rust_packages/cuas_msgs
[3.270s] -- Up-to-date: /home/zork/ProjectHailMarry/install/cuas_msgs/share/cuas_msgs/rust
[3.271s] -- Up-to-date: /home/zork/ProjectHailMarry/install/cuas_msgs/share/cuas_msgs/rust/src
[3.271s] -- Up-to-date: /home/zork/ProjectHailMarry/install/cuas_msgs/share/cuas_msgs/rust/src/msg
[3.271s] -- Up-to-date: /home/zork/ProjectHailMarry/install/cuas_msgs/share/cuas_msgs/rust/src/msg/rmw.rs
[3.272s] -- Up-to-date: /home/zork/ProjectHailMarry/install/cuas_msgs/share/cuas_msgs/rust/src/lib.rs
[3.272s] -- Up-to-date: /home/zork/ProjectHailMarry/install/cuas_msgs/share/cuas_msgs/rust/src/msg.rs
[3.273s] -- Up-to-date: /home/zork/ProjectHailMarry/install/cuas_msgs/share/cuas_msgs/rust/Cargo.toml
[3.273s] -- Up-to-date: /home/zork/ProjectHailMarry/install/cuas_msgs/share/cuas_msgs/rust/build.rs
[3.274s] -- Up-to-date: /home/zork/ProjectHailMarry/install/cuas_msgs/share/cuas_msgs/msg/RadarDetection.idl
[3.274s] -- Up-to-date: /home/zork/ProjectHailMarry/install/cuas_msgs/share/cuas_msgs/msg/RadarFrame.idl
[3.275s] -- Up-to-date: /home/zork/ProjectHailMarry/install/cuas_msgs/share/cuas_msgs/msg/FusedDetection.idl
[3.275s] -- Up-to-date: /home/zork/ProjectHailMarry/install/cuas_msgs/share/cuas_msgs/msg/Track.idl
[3.276s] -- Up-to-date: /home/zork/ProjectHailMarry/install/cuas_msgs/share/cuas_msgs/msg/TrackArray.idl
[3.277s] -- Up-to-date: /home/zork/ProjectHailMarry/install/cuas_msgs/share/cuas_msgs/msg/ThreatReport.idl
[3.277s] -- Up-to-date: /home/zork/ProjectHailMarry/install/cuas_msgs/share/cuas_msgs/msg/RadarDetection.msg
[3.277s] -- Up-to-date: /home/zork/ProjectHailMarry/install/cuas_msgs/share/cuas_msgs/msg/RadarFrame.msg
[3.278s] -- Up-to-date: /home/zork/ProjectHailMarry/install/cuas_msgs/share/cuas_msgs/msg/FusedDetection.msg
[3.278s] -- Up-to-date: /home/zork/ProjectHailMarry/install/cuas_msgs/share/cuas_msgs/msg/Track.msg
[3.278s] -- Up-to-date: /home/zork/ProjectHailMarry/install/cuas_msgs/share/cuas_msgs/msg/TrackArray.msg
[3.278s] -- Up-to-date: /home/zork/ProjectHailMarry/install/cuas_msgs/share/cuas_msgs/msg/ThreatReport.msg
[3.279s] -- Up-to-date: /home/zork/ProjectHailMarry/install/cuas_msgs/share/ament_index/resource_index/package_run_dependencies/cuas_msgs
[3.279s] -- Up-to-date: /home/zork/ProjectHailMarry/install/cuas_msgs/share/ament_index/resource_index/parent_prefix_path/cuas_msgs
[3.279s] -- Up-to-date: /home/zork/ProjectHailMarry/install/cuas_msgs/share/cuas_msgs/environment/ament_prefix_path.sh
[3.279s] -- Installing: /home/zork/ProjectHailMarry/install/cuas_msgs/share/cuas_msgs/environment/ament_prefix_path.dsv
[3.280s] -- Up-to-date: /home/zork/ProjectHailMarry/install/cuas_msgs/share/cuas_msgs/environment/path.sh
[3.280s] -- Installing: /home/zork/ProjectHailMarry/install/cuas_msgs/share/cuas_msgs/environment/path.dsv
[3.280s] -- Up-to-date: /home/zork/ProjectHailMarry/install/cuas_msgs/share/cuas_msgs/local_setup.bash
[3.280s] -- Up-to-date: /home/zork/ProjectHailMarry/install/cuas_msgs/share/cuas_msgs/local_setup.sh
[3.280s] -- Up-to-date: /home/zork/ProjectHailMarry/install/cuas_msgs/share/cuas_msgs/local_setup.zsh
[3.281s] -- Installing: /home/zork/ProjectHailMarry/install/cuas_msgs/share/cuas_msgs/local_setup.dsv
[3.281s] -- Installing: /home/zork/ProjectHailMarry/install/cuas_msgs/share/cuas_msgs/package.dsv
[3.281s] -- Up-to-date: /home/zork/ProjectHailMarry/install/cuas_msgs/share/ament_index/resource_index/packages/cuas_msgs
[3.281s] -- Up-to-date: /home/zork/ProjectHailMarry/install/cuas_msgs/share/cuas_msgs/cmake/export_cuas_msgs__rosidl_generator_cExport.cmake
[3.282s] -- Up-to-date: /home/zork/ProjectHailMarry/install/cuas_msgs/share/cuas_msgs/cmake/export_cuas_msgs__rosidl_generator_cExport-noconfig.cmake
[3.282s] -- Up-to-date: /home/zork/ProjectHailMarry/install/cuas_msgs/share/cuas_msgs/cmake/export_cuas_msgs__rosidl_typesupport_fastrtps_cExport.cmake
[3.283s] -- Up-to-date: /home/zork/ProjectHailMarry/install/cuas_msgs/share/cuas_msgs/cmake/export_cuas_msgs__rosidl_typesupport_fastrtps_cExport-noconfig.cmake
[3.284s] -- Up-to-date: /home/zork/ProjectHailMarry/install/cuas_msgs/share/cuas_msgs/cmake/cuas_msgs__rosidl_typesupport_introspection_cExport.cmake
[3.284s] -- Up-to-date: /home/zork/ProjectHailMarry/install/cuas_msgs/share/cuas_msgs/cmake/cuas_msgs__rosidl_typesupport_introspection_cExport-noconfig.cmake
[3.285s] -- Up-to-date: /home/zork/ProjectHailMarry/install/cuas_msgs/share/cuas_msgs/cmake/cuas_msgs__rosidl_typesupport_cExport.cmake
[3.286s] -- Up-to-date: /home/zork/ProjectHailMarry/install/cuas_msgs/share/cuas_msgs/cmake/cuas_msgs__rosidl_typesupport_cExport-noconfig.cmake
[3.288s] -- Up-to-date: /home/zork/ProjectHailMarry/install/cuas_msgs/share/cuas_msgs/cmake/export_cuas_msgs__rosidl_generator_cppExport.cmake
[3.290s] -- Up-to-date: /home/zork/ProjectHailMarry/install/cuas_msgs/share/cuas_msgs/cmake/export_cuas_msgs__rosidl_typesupport_fastrtps_cppExport.cmake
[3.291s] -- Up-to-date: /home/zork/ProjectHailMarry/install/cuas_msgs/share/cuas_msgs/cmake/export_cuas_msgs__rosidl_typesupport_fastrtps_cppExport-noconfig.cmake
[3.291s] -- Up-to-date: /home/zork/ProjectHailMarry/install/cuas_msgs/share/cuas_msgs/cmake/cuas_msgs__rosidl_typesupport_introspection_cppExport.cmake
[3.291s] -- Up-to-date: /home/zork/ProjectHailMarry/install/cuas_msgs/share/cuas_msgs/cmake/cuas_msgs__rosidl_typesupport_introspection_cppExport-noconfig.cmake
[3.292s] -- Up-to-date: /home/zork/ProjectHailMarry/install/cuas_msgs/share/cuas_msgs/cmake/cuas_msgs__rosidl_typesupport_cppExport.cmake
[3.293s] -- Up-to-date: /home/zork/ProjectHailMarry/install/cuas_msgs/share/cuas_msgs/cmake/cuas_msgs__rosidl_typesupport_cppExport-noconfig.cmake
[3.294s] -- Up-to-date: /home/zork/ProjectHailMarry/install/cuas_msgs/share/cuas_msgs/cmake/export_cuas_msgs__rosidl_generator_pyExport.cmake
[3.294s] -- Up-to-date: /home/zork/ProjectHailMarry/install/cuas_msgs/share/cuas_msgs/cmake/export_cuas_msgs__rosidl_generator_pyExport-noconfig.cmake
[3.295s] -- Up-to-date: /home/zork/ProjectHailMarry/install/cuas_msgs/share/cuas_msgs/cmake/rosidl_cmake-extras.cmake
[3.295s] -- Up-to-date: /home/zork/ProjectHailMarry/install/cuas_msgs/share/cuas_msgs/cmake/ament_cmake_export_include_directories-extras.cmake
[3.297s] -- Up-to-date: /home/zork/ProjectHailMarry/install/cuas_msgs/share/cuas_msgs/cmake/ament_cmake_export_libraries-extras.cmake
[3.298s] -- Up-to-date: /home/zork/ProjectHailMarry/install/cuas_msgs/share/cuas_msgs/cmake/ament_cmake_export_targets-extras.cmake
[3.298s] -- Up-to-date: /home/zork/ProjectHailMarry/install/cuas_msgs/share/cuas_msgs/cmake/rosidl_cmake_export_typesupport_targets-extras.cmake
[3.299s] -- Up-to-date: /home/zork/ProjectHailMarry/install/cuas_msgs/share/cuas_msgs/cmake/ament_cmake_export_dependencies-extras.cmake
[3.301s] -- Up-to-date: /home/zork/ProjectHailMarry/install/cuas_msgs/share/cuas_msgs/cmake/rosidl_cmake_export_typesupport_libraries-extras.cmake
[3.301s] -- Up-to-date: /home/zork/ProjectHailMarry/install/cuas_msgs/share/cuas_msgs/cmake/cuas_msgsConfig.cmake
[3.302s] -- Up-to-date: /home/zork/ProjectHailMarry/install/cuas_msgs/share/cuas_msgs/cmake/cuas_msgsConfig-version.cmake
[3.303s] -- Up-to-date: /home/zork/ProjectHailMarry/install/cuas_msgs/share/cuas_msgs/package.xml
[3.304s] Invoked command in '/home/zork/ProjectHailMarry/build/cuas_msgs' returned '0': /usr/bin/cmake --install /home/zork/ProjectHailMarry/build/cuas_msgs
