[0.192s] DEBUG:colcon:Command line arguments: ['/usr/bin/colcon', 'build', '--packages-select', 'cuas_fusion']
[0.193s] DEBUG:colcon:Parsed command line arguments: Namespace(log_base=None, log_level=None, verb_name='build', build_base='build', install_base='install', merge_install=False, symlink_install=False, test_result_base=None, continue_on_error=False, executor='parallel', parallel_workers=6, event_handlers=None, ignore_user_meta=False, metas=['./colcon.meta'], base_paths=['.'], packages_ignore=None, packages_ignore_regex=None, paths=None, packages_up_to=None, packages_up_to_regex=None, packages_above=None, packages_above_and_dependencies=None, packages_above_depth=None, packages_select_by_dep=None, packages_skip_by_dep=None, packages_skip_up_to=None, packages_select_build_failed=False, packages_skip_build_finished=False, packages_select_test_failures=False, packages_skip_test_passed=False, packages_select=['cuas_fusion'], packages_skip=None, packages_select_regex=None, packages_skip_regex=None, packages_start=None, packages_end=None, allow_overriding=[], cmake_args=None, cmake_target=None, cmake_target_skip_unavailable=False, cmake_clean_cache=False, cmake_clean_first=False, cmake_force_configure=False, ament_cmake_args=None, catkin_cmake_args=None, catkin_skip_building_tests=False, verb_parser=<colcon_defaults.argument_parser.defaults.DefaultArgumentsDecorator object at 0xffffa4ea3070>, verb_extension=<colcon_core.verb.build.BuildVerb object at 0xffffa4ea2aa0>, main=<bound method BuildVerb.main of <colcon_core.verb.build.BuildVerb object at 0xffffa4ea2aa0>>)
[0.482s] Level 1:colcon.colcon_core.package_discovery:discover_packages(colcon_meta) check parameters
[0.482s] Level 1:colcon.colcon_core.package_discovery:discover_packages(recursive) check parameters
[0.482s] Level 1:colcon.colcon_core.package_discovery:discover_packages(ignore) check parameters
[0.482s] Level 1:colcon.colcon_core.package_discovery:discover_packages(path) check parameters
[0.482s] Level 1:colcon.colcon_core.package_discovery:discover_packages(colcon_meta) discover
[0.483s] Level 1:colcon.colcon_core.package_discovery:discover_packages(recursive) discover
[0.483s] INFO:colcon.colcon_core.package_discovery:Crawling recursively for packages in '/home/zork/ProjectHailMarry'
[0.483s] Level 1:colcon.colcon_core.package_identification:_identify(.) by extensions ['ignore', 'ignore_ament_install']
[0.483s] Level 1:colcon.colcon_core.package_identification:_identify(.) by extension 'ignore'
[0.483s] Level 1:colcon.colcon_core.package_identification:_identify(.) by extension 'ignore_ament_install'
[0.483s] Level 1:colcon.colcon_core.package_identification:_identify(.) by extensions ['colcon_pkg']
[0.484s] Level 1:colcon.colcon_core.package_identification:_identify(.) by extension 'colcon_pkg'
[0.484s] Level 1:colcon.colcon_core.package_identification:_identify(.) by extensions ['colcon_meta']
[0.484s] Level 1:colcon.colcon_core.package_identification:_identify(.) by extension 'colcon_meta'
[0.484s] Level 1:colcon.colcon_core.package_identification:_identify(.) by extensions ['ros']
[0.484s] Level 1:colcon.colcon_core.package_identification:_identify(.) by extension 'ros'
[0.505s] Level 1:colcon.colcon_core.package_identification:_identify(.) by extensions ['cmake', 'python']
[0.505s] Level 1:colcon.colcon_core.package_identification:_identify(.) by extension 'cmake'
[0.505s] Level 1:colcon.colcon_core.package_identification:_identify(.) by extension 'python'
[0.505s] Level 1:colcon.colcon_core.package_identification:_identify(.) by extensions ['python_setup_py']
[0.505s] Level 1:colcon.colcon_core.package_identification:_identify(.) by extension 'python_setup_py'
[0.506s] Level 1:colcon.colcon_core.package_identification:_identify(build) by extensions ['ignore', 'ignore_ament_install']
[0.506s] Level 1:colcon.colcon_core.package_identification:_identify(build) by extension 'ignore'
[0.506s] Level 1:colcon.colcon_core.package_identification:_identify(build) ignored
[0.506s] Level 1:colcon.colcon_core.package_identification:_identify(docs) by extensions ['ignore', 'ignore_ament_install']
[0.506s] Level 1:colcon.colcon_core.package_identification:_identify(docs) by extension 'ignore'
[0.506s] Level 1:colcon.colcon_core.package_identification:_identify(docs) by extension 'ignore_ament_install'
[0.507s] Level 1:colcon.colcon_core.package_identification:_identify(docs) by extensions ['colcon_pkg']
[0.507s] Level 1:colcon.colcon_core.package_identification:_identify(docs) by extension 'colcon_pkg'
[0.507s] Level 1:colcon.colcon_core.package_identification:_identify(docs) by extensions ['colcon_meta']
[0.507s] Level 1:colcon.colcon_core.package_identification:_identify(docs) by extension 'colcon_meta'
[0.507s] Level 1:colcon.colcon_core.package_identification:_identify(docs) by extensions ['ros']
[0.507s] Level 1:colcon.colcon_core.package_identification:_identify(docs) by extension 'ros'
[0.507s] Level 1:colcon.colcon_core.package_identification:_identify(docs) by extensions ['cmake', 'python']
[0.507s] Level 1:colcon.colcon_core.package_identification:_identify(docs) by extension 'cmake'
[0.507s] Level 1:colcon.colcon_core.package_identification:_identify(docs) by extension 'python'
[0.507s] Level 1:colcon.colcon_core.package_identification:_identify(docs) by extensions ['python_setup_py']
[0.507s] Level 1:colcon.colcon_core.package_identification:_identify(docs) by extension 'python_setup_py'
[0.508s] Level 1:colcon.colcon_core.package_identification:_identify(install) by extensions ['ignore', 'ignore_ament_install']
[0.508s] Level 1:colcon.colcon_core.package_identification:_identify(install) by extension 'ignore'
[0.508s] Level 1:colcon.colcon_core.package_identification:_identify(install) ignored
[0.508s] Level 1:colcon.colcon_core.package_identification:_identify(log) by extensions ['ignore', 'ignore_ament_install']
[0.508s] Level 1:colcon.colcon_core.package_identification:_identify(log) by extension 'ignore'
[0.508s] Level 1:colcon.colcon_core.package_identification:_identify(log) ignored
[0.508s] Level 1:colcon.colcon_core.package_identification:_identify(msgs) by extensions ['ignore', 'ignore_ament_install']
[0.509s] Level 1:colcon.colcon_core.package_identification:_identify(msgs) by extension 'ignore'
[0.509s] Level 1:colcon.colcon_core.package_identification:_identify(msgs) by extension 'ignore_ament_install'
[0.509s] Level 1:colcon.colcon_core.package_identification:_identify(msgs) by extensions ['colcon_pkg']
[0.509s] Level 1:colcon.colcon_core.package_identification:_identify(msgs) by extension 'colcon_pkg'
[0.509s] Level 1:colcon.colcon_core.package_identification:_identify(msgs) by extensions ['colcon_meta']
[0.509s] Level 1:colcon.colcon_core.package_identification:_identify(msgs) by extension 'colcon_meta'
[0.509s] Level 1:colcon.colcon_core.package_identification:_identify(msgs) by extensions ['ros']
[0.509s] Level 1:colcon.colcon_core.package_identification:_identify(msgs) by extension 'ros'
[0.509s] Level 1:colcon.colcon_core.package_identification:_identify(msgs) by extensions ['cmake', 'python']
[0.509s] Level 1:colcon.colcon_core.package_identification:_identify(msgs) by extension 'cmake'
[0.509s] Level 1:colcon.colcon_core.package_identification:_identify(msgs) by extension 'python'
[0.510s] Level 1:colcon.colcon_core.package_identification:_identify(msgs) by extensions ['python_setup_py']
[0.510s] Level 1:colcon.colcon_core.package_identification:_identify(msgs) by extension 'python_setup_py'
[0.510s] Level 1:colcon.colcon_core.package_identification:_identify(msgs/cuas_msgs) by extensions ['ignore', 'ignore_ament_install']
[0.510s] Level 1:colcon.colcon_core.package_identification:_identify(msgs/cuas_msgs) by extension 'ignore'
[0.510s] Level 1:colcon.colcon_core.package_identification:_identify(msgs/cuas_msgs) by extension 'ignore_ament_install'
[0.510s] Level 1:colcon.colcon_core.package_identification:_identify(msgs/cuas_msgs) by extensions ['colcon_pkg']
[0.510s] Level 1:colcon.colcon_core.package_identification:_identify(msgs/cuas_msgs) by extension 'colcon_pkg'
[0.510s] Level 1:colcon.colcon_core.package_identification:_identify(msgs/cuas_msgs) by extensions ['colcon_meta']
[0.510s] Level 1:colcon.colcon_core.package_identification:_identify(msgs/cuas_msgs) by extension 'colcon_meta'
[0.510s] Level 1:colcon.colcon_core.package_identification:_identify(msgs/cuas_msgs) by extensions ['ros']
[0.511s] Level 1:colcon.colcon_core.package_identification:_identify(msgs/cuas_msgs) by extension 'ros'
[0.515s] DEBUG:colcon.colcon_core.package_identification:Package 'msgs/cuas_msgs' with type 'ros.catkin' and name 'cuas_msgs'
[0.515s] Level 1:colcon.colcon_core.package_identification:_identify(scripts) by extensions ['ignore', 'ignore_ament_install']
[0.515s] Level 1:colcon.colcon_core.package_identification:_identify(scripts) by extension 'ignore'
[0.515s] Level 1:colcon.colcon_core.package_identification:_identify(scripts) by extension 'ignore_ament_install'
[0.515s] Level 1:colcon.colcon_core.package_identification:_identify(scripts) by extensions ['colcon_pkg']
[0.516s] Level 1:colcon.colcon_core.package_identification:_identify(scripts) by extension 'colcon_pkg'
[0.516s] Level 1:colcon.colcon_core.package_identification:_identify(scripts) by extensions ['colcon_meta']
[0.516s] Level 1:colcon.colcon_core.package_identification:_identify(scripts) by extension 'colcon_meta'
[0.516s] Level 1:colcon.colcon_core.package_identification:_identify(scripts) by extensions ['ros']
[0.516s] Level 1:colcon.colcon_core.package_identification:_identify(scripts) by extension 'ros'
[0.516s] Level 1:colcon.colcon_core.package_identification:_identify(scripts) by extensions ['cmake', 'python']
[0.516s] Level 1:colcon.colcon_core.package_identification:_identify(scripts) by extension 'cmake'
[0.516s] Level 1:colcon.colcon_core.package_identification:_identify(scripts) by extension 'python'
[0.516s] Level 1:colcon.colcon_core.package_identification:_identify(scripts) by extensions ['python_setup_py']
[0.516s] Level 1:colcon.colcon_core.package_identification:_identify(scripts) by extension 'python_setup_py'
[0.517s] Level 1:colcon.colcon_core.package_identification:_identify(src) by extensions ['ignore', 'ignore_ament_install']
[0.517s] Level 1:colcon.colcon_core.package_identification:_identify(src) by extension 'ignore'
[0.517s] Level 1:colcon.colcon_core.package_identification:_identify(src) by extension 'ignore_ament_install'
[0.517s] Level 1:colcon.colcon_core.package_identification:_identify(src) by extensions ['colcon_pkg']
[0.517s] Level 1:colcon.colcon_core.package_identification:_identify(src) by extension 'colcon_pkg'
[0.517s] Level 1:colcon.colcon_core.package_identification:_identify(src) by extensions ['colcon_meta']
[0.517s] Level 1:colcon.colcon_core.package_identification:_identify(src) by extension 'colcon_meta'
[0.517s] Level 1:colcon.colcon_core.package_identification:_identify(src) by extensions ['ros']
[0.517s] Level 1:colcon.colcon_core.package_identification:_identify(src) by extension 'ros'
[0.517s] Level 1:colcon.colcon_core.package_identification:_identify(src) by extensions ['cmake', 'python']
[0.517s] Level 1:colcon.colcon_core.package_identification:_identify(src) by extension 'cmake'
[0.517s] Level 1:colcon.colcon_core.package_identification:_identify(src) by extension 'python'
[0.518s] Level 1:colcon.colcon_core.package_identification:_identify(src) by extensions ['python_setup_py']
[0.518s] Level 1:colcon.colcon_core.package_identification:_identify(src) by extension 'python_setup_py'
[0.518s] Level 1:colcon.colcon_core.package_identification:_identify(src/cuas_fusion) by extensions ['ignore', 'ignore_ament_install']
[0.518s] Level 1:colcon.colcon_core.package_identification:_identify(src/cuas_fusion) by extension 'ignore'
[0.518s] Level 1:colcon.colcon_core.package_identification:_identify(src/cuas_fusion) by extension 'ignore_ament_install'
[0.518s] Level 1:colcon.colcon_core.package_identification:_identify(src/cuas_fusion) by extensions ['colcon_pkg']
[0.518s] Level 1:colcon.colcon_core.package_identification:_identify(src/cuas_fusion) by extension 'colcon_pkg'
[0.518s] Level 1:colcon.colcon_core.package_identification:_identify(src/cuas_fusion) by extensions ['colcon_meta']
[0.518s] Level 1:colcon.colcon_core.package_identification:_identify(src/cuas_fusion) by extension 'colcon_meta'
[0.518s] Level 1:colcon.colcon_core.package_identification:_identify(src/cuas_fusion) by extensions ['ros']
[0.519s] Level 1:colcon.colcon_core.package_identification:_identify(src/cuas_fusion) by extension 'ros'
[0.520s] DEBUG:colcon.colcon_core.package_identification:Package 'src/cuas_fusion' with type 'ros.catkin' and name 'cuas_fusion'
[0.520s] Level 1:colcon.colcon_core.package_identification:_identify(src/cuas_msgs) by extensions ['ignore', 'ignore_ament_install']
[0.520s] Level 1:colcon.colcon_core.package_identification:_identify(src/cuas_msgs) by extension 'ignore'
[0.520s] Level 1:colcon.colcon_core.package_identification:_identify(src/cuas_msgs) by extension 'ignore_ament_install'
[0.520s] Level 1:colcon.colcon_core.package_identification:_identify(src/cuas_msgs) by extensions ['colcon_pkg']
[0.520s] Level 1:colcon.colcon_core.package_identification:_identify(src/cuas_msgs) by extension 'colcon_pkg'
[0.520s] Level 1:colcon.colcon_core.package_identification:_identify(src/cuas_msgs) by extensions ['colcon_meta']
[0.520s] Level 1:colcon.colcon_core.package_identification:_identify(src/cuas_msgs) by extension 'colcon_meta'
[0.521s] Level 1:colcon.colcon_core.package_identification:_identify(src/cuas_msgs) by extensions ['ros']
[0.521s] Level 1:colcon.colcon_core.package_identification:_identify(src/cuas_msgs) by extension 'ros'
[0.521s] Level 1:colcon.colcon_core.package_identification:_identify(src/cuas_msgs) by extensions ['cmake', 'python']
[0.521s] Level 1:colcon.colcon_core.package_identification:_identify(src/cuas_msgs) by extension 'cmake'
[0.521s] Level 1:colcon.colcon_core.package_identification:_identify(src/cuas_msgs) by extension 'python'
[0.521s] Level 1:colcon.colcon_core.package_identification:_identify(src/cuas_msgs) by extensions ['python_setup_py']
[0.521s] Level 1:colcon.colcon_core.package_identification:_identify(src/cuas_msgs) by extension 'python_setup_py'
[0.521s] Level 1:colcon.colcon_core.package_identification:_identify(src/cuas_msgs/msg) by extensions ['ignore', 'ignore_ament_install']
[0.522s] Level 1:colcon.colcon_core.package_identification:_identify(src/cuas_msgs/msg) by extension 'ignore'
[0.522s] Level 1:colcon.colcon_core.package_identification:_identify(src/cuas_msgs/msg) by extension 'ignore_ament_install'
[0.522s] Level 1:colcon.colcon_core.package_identification:_identify(src/cuas_msgs/msg) by extensions ['colcon_pkg']
[0.522s] Level 1:colcon.colcon_core.package_identification:_identify(src/cuas_msgs/msg) by extension 'colcon_pkg'
[0.522s] Level 1:colcon.colcon_core.package_identification:_identify(src/cuas_msgs/msg) by extensions ['colcon_meta']
[0.522s] Level 1:colcon.colcon_core.package_identification:_identify(src/cuas_msgs/msg) by extension 'colcon_meta'
[0.522s] Level 1:colcon.colcon_core.package_identification:_identify(src/cuas_msgs/msg) by extensions ['ros']
[0.522s] Level 1:colcon.colcon_core.package_identification:_identify(src/cuas_msgs/msg) by extension 'ros'
[0.522s] Level 1:colcon.colcon_core.package_identification:_identify(src/cuas_msgs/msg) by extensions ['cmake', 'python']
[0.523s] Level 1:colcon.colcon_core.package_identification:_identify(src/cuas_msgs/msg) by extension 'cmake'
[0.523s] Level 1:colcon.colcon_core.package_identification:_identify(src/cuas_msgs/msg) by extension 'python'
[0.523s] Level 1:colcon.colcon_core.package_identification:_identify(src/cuas_msgs/msg) by extensions ['python_setup_py']
[0.523s] Level 1:colcon.colcon_core.package_identification:_identify(src/cuas_msgs/msg) by extension 'python_setup_py'
[0.523s] Level 1:colcon.colcon_core.package_identification:_identify(test) by extensions ['ignore', 'ignore_ament_install']
[0.523s] Level 1:colcon.colcon_core.package_identification:_identify(test) by extension 'ignore'
[0.523s] Level 1:colcon.colcon_core.package_identification:_identify(test) by extension 'ignore_ament_install'
[0.523s] Level 1:colcon.colcon_core.package_identification:_identify(test) by extensions ['colcon_pkg']
[0.523s] Level 1:colcon.colcon_core.package_identification:_identify(test) by extension 'colcon_pkg'
[0.523s] Level 1:colcon.colcon_core.package_identification:_identify(test) by extensions ['colcon_meta']
[0.523s] Level 1:colcon.colcon_core.package_identification:_identify(test) by extension 'colcon_meta'
[0.524s] Level 1:colcon.colcon_core.package_identification:_identify(test) by extensions ['ros']
[0.524s] Level 1:colcon.colcon_core.package_identification:_identify(test) by extension 'ros'
[0.524s] Level 1:colcon.colcon_core.package_identification:_identify(test) by extensions ['cmake', 'python']
[0.524s] Level 1:colcon.colcon_core.package_identification:_identify(test) by extension 'cmake'
[0.524s] Level 1:colcon.colcon_core.package_identification:_identify(test) by extension 'python'
[0.524s] Level 1:colcon.colcon_core.package_identification:_identify(test) by extensions ['python_setup_py']
[0.524s] Level 1:colcon.colcon_core.package_identification:_identify(test) by extension 'python_setup_py'
[0.524s] Level 1:colcon.colcon_core.package_identification:_identify(test/integration) by extensions ['ignore', 'ignore_ament_install']
[0.524s] Level 1:colcon.colcon_core.package_identification:_identify(test/integration) by extension 'ignore'
[0.524s] Level 1:colcon.colcon_core.package_identification:_identify(test/integration) by extension 'ignore_ament_install'
[0.525s] Level 1:colcon.colcon_core.package_identification:_identify(test/integration) by extensions ['colcon_pkg']
[0.525s] Level 1:colcon.colcon_core.package_identification:_identify(test/integration) by extension 'colcon_pkg'
[0.525s] Level 1:colcon.colcon_core.package_identification:_identify(test/integration) by extensions ['colcon_meta']
[0.525s] Level 1:colcon.colcon_core.package_identification:_identify(test/integration) by extension 'colcon_meta'
[0.525s] Level 1:colcon.colcon_core.package_identification:_identify(test/integration) by extensions ['ros']
[0.525s] Level 1:colcon.colcon_core.package_identification:_identify(test/integration) by extension 'ros'
[0.525s] Level 1:colcon.colcon_core.package_identification:_identify(test/integration) by extensions ['cmake', 'python']
[0.525s] Level 1:colcon.colcon_core.package_identification:_identify(test/integration) by extension 'cmake'
[0.525s] Level 1:colcon.colcon_core.package_identification:_identify(test/integration) by extension 'python'
[0.525s] Level 1:colcon.colcon_core.package_identification:_identify(test/integration) by extensions ['python_setup_py']
[0.525s] Level 1:colcon.colcon_core.package_identification:_identify(test/integration) by extension 'python_setup_py'
[0.526s] Level 1:colcon.colcon_core.package_identification:_identify(test/unit) by extensions ['ignore', 'ignore_ament_install']
[0.526s] Level 1:colcon.colcon_core.package_identification:_identify(test/unit) by extension 'ignore'
[0.526s] Level 1:colcon.colcon_core.package_identification:_identify(test/unit) by extension 'ignore_ament_install'
[0.526s] Level 1:colcon.colcon_core.package_identification:_identify(test/unit) by extensions ['colcon_pkg']
[0.526s] Level 1:colcon.colcon_core.package_identification:_identify(test/unit) by extension 'colcon_pkg'
[0.526s] Level 1:colcon.colcon_core.package_identification:_identify(test/unit) by extensions ['colcon_meta']
[0.526s] Level 1:colcon.colcon_core.package_identification:_identify(test/unit) by extension 'colcon_meta'
[0.526s] Level 1:colcon.colcon_core.package_identification:_identify(test/unit) by extensions ['ros']
[0.526s] Level 1:colcon.colcon_core.package_identification:_identify(test/unit) by extension 'ros'
[0.526s] Level 1:colcon.colcon_core.package_identification:_identify(test/unit) by extensions ['cmake', 'python']
[0.526s] Level 1:colcon.colcon_core.package_identification:_identify(test/unit) by extension 'cmake'
[0.527s] Level 1:colcon.colcon_core.package_identification:_identify(test/unit) by extension 'python'
[0.527s] Level 1:colcon.colcon_core.package_identification:_identify(test/unit) by extensions ['python_setup_py']
[0.527s] Level 1:colcon.colcon_core.package_identification:_identify(test/unit) by extension 'python_setup_py'
[0.527s] Level 1:colcon.colcon_core.package_discovery:discover_packages(recursive) using defaults
[0.527s] Level 1:colcon.colcon_core.package_discovery:discover_packages(ignore) discover
[0.527s] Level 1:colcon.colcon_core.package_discovery:discover_packages(ignore) using defaults
[0.527s] Level 1:colcon.colcon_core.package_discovery:discover_packages(path) discover
[0.527s] Level 1:colcon.colcon_core.package_discovery:discover_packages(path) using defaults
[0.561s] INFO:colcon.colcon_core.package_selection:Skipping not selected package 'cuas_msgs' in 'msgs/cuas_msgs'
[0.562s] Level 1:colcon.colcon_core.package_discovery:discover_packages(prefix_path) check parameters
[0.562s] Level 1:colcon.colcon_core.package_discovery:discover_packages(prefix_path) discover
[0.566s] DEBUG:colcon.colcon_installed_package_information.package_discovery:Found 2 installed packages in /home/zork/ProjectHailMarry/install
[0.568s] DEBUG:colcon.colcon_installed_package_information.package_discovery:Found 273 installed packages in /opt/ros/humble
[0.572s] Level 1:colcon.colcon_core.package_discovery:discover_packages(prefix_path) using defaults
[0.666s] Level 5:colcon.colcon_core.verb:set package 'cuas_fusion' build argument 'cmake_args' from command line to 'None'
[0.667s] Level 5:colcon.colcon_core.verb:set package 'cuas_fusion' build argument 'cmake_target' from command line to 'None'
[0.667s] Level 5:colcon.colcon_core.verb:set package 'cuas_fusion' build argument 'cmake_target_skip_unavailable' from command line to 'False'
[0.667s] Level 5:colcon.colcon_core.verb:set package 'cuas_fusion' build argument 'cmake_clean_cache' from command line to 'False'
[0.667s] Level 5:colcon.colcon_core.verb:set package 'cuas_fusion' build argument 'cmake_clean_first' from command line to 'False'
[0.667s] Level 5:colcon.colcon_core.verb:set package 'cuas_fusion' build argument 'cmake_force_configure' from command line to 'False'
[0.667s] Level 5:colcon.colcon_core.verb:set package 'cuas_fusion' build argument 'ament_cmake_args' from command line to 'None'
[0.667s] Level 5:colcon.colcon_core.verb:set package 'cuas_fusion' build argument 'catkin_cmake_args' from command line to 'None'
[0.667s] Level 5:colcon.colcon_core.verb:set package 'cuas_fusion' build argument 'catkin_skip_building_tests' from command line to 'False'
[0.667s] DEBUG:colcon.colcon_core.verb:Building package 'cuas_fusion' with the following arguments: {'ament_cmake_args': None, 'build_base': '/home/zork/ProjectHailMarry/build/cuas_fusion', 'catkin_cmake_args': None, 'catkin_skip_building_tests': False, 'cmake_args': None, 'cmake_clean_cache': False, 'cmake_clean_first': False, 'cmake_force_configure': False, 'cmake_target': None, 'cmake_target_skip_unavailable': False, 'install_base': '/home/zork/ProjectHailMarry/install/cuas_fusion', 'merge_install': False, 'path': '/home/zork/ProjectHailMarry/src/cuas_fusion', 'symlink_install': False, 'test_result_base': None}
[0.667s] INFO:colcon.colcon_core.executor:Executing jobs using 'parallel' executor
[0.669s] DEBUG:colcon.colcon_parallel_executor.executor.parallel:run_until_complete
[0.670s] INFO:colcon.colcon_ros.task.catkin.build:Building ROS package in '/home/zork/ProjectHailMarry/src/cuas_fusion' with build type 'catkin'
[0.670s] INFO:colcon.colcon_cmake.task.cmake.build:Building CMake package in '/home/zork/ProjectHailMarry/src/cuas_fusion'
[0.674s] INFO:colcon.colcon_core.plugin_system:Skipping extension 'colcon_core.shell.bat': Not used on non-Windows systems
[0.674s] INFO:colcon.colcon_core.shell:Skip shell extension 'powershell' for command environment: Not usable outside of PowerShell
[0.674s] DEBUG:colcon.colcon_core.shell:Skip shell extension 'dsv' for command environment
[0.690s] DEBUG:colcon.colcon_core.event_handler.log_command:Invoking command in '/home/zork/ProjectHailMarry/build/cuas_fusion': CMAKE_PREFIX_PATH=/home/zork/ProjectHailMarry/install/cuas_msgs:/home/zork/ProjectHailMarry/install/cuas_fusion LD_LIBRARY_PATH=/home/zork/ProjectHailMarry/install/cuas_msgs/lib:/opt/ros/humble/opt/rviz_ogre_vendor/lib:/opt/ros/humble/lib/aarch64-linux-gnu:/opt/ros/humble/lib:/usr/local/cuda-12.6/lib64 PKG_CONFIG_PATH=/home/zork/ProjectHailMarry/install/cuas_msgs/lib/aarch64-linux-gnu/pkgconfig:/home/zork/ProjectHailMarry/install/cuas_msgs/lib/pkgconfig:/home/zork/ProjectHailMarry/install/cuas_fusion/lib/aarch64-linux-gnu/pkgconfig:/home/zork/ProjectHailMarry/install/cuas_fusion/lib/pkgconfig ROS_PACKAGE_PATH=/home/zork/ProjectHailMarry/install/cuas_msgs/share:/home/zork/ProjectHailMarry/install/cuas_fusion/share /usr/bin/cmake --build /home/zork/ProjectHailMarry/build/cuas_fusion -- -j6 -l6
[0.827s] DEBUG:colcon.colcon_core.event_handler.log_command:Invoked command in '/home/zork/ProjectHailMarry/build/cuas_fusion' returned '0': CMAKE_PREFIX_PATH=/home/zork/ProjectHailMarry/install/cuas_msgs:/home/zork/ProjectHailMarry/install/cuas_fusion LD_LIBRARY_PATH=/home/zork/ProjectHailMarry/install/cuas_msgs/lib:/opt/ros/humble/opt/rviz_ogre_vendor/lib:/opt/ros/humble/lib/aarch64-linux-gnu:/opt/ros/humble/lib:/usr/local/cuda-12.6/lib64 PKG_CONFIG_PATH=/home/zork/ProjectHailMarry/install/cuas_msgs/lib/aarch64-linux-gnu/pkgconfig:/home/zork/ProjectHailMarry/install/cuas_msgs/lib/pkgconfig:/home/zork/ProjectHailMarry/install/cuas_fusion/lib/aarch64-linux-gnu/pkgconfig:/home/zork/ProjectHailMarry/install/cuas_fusion/lib/pkgconfig ROS_PACKAGE_PATH=/home/zork/ProjectHailMarry/install/cuas_msgs/share:/home/zork/ProjectHailMarry/install/cuas_fusion/share /usr/bin/cmake --build /home/zork/ProjectHailMarry/build/cuas_fusion -- -j6 -l6
[0.859s] DEBUG:colcon.colcon_core.event_handler.log_command:Invoking command in '/home/zork/ProjectHailMarry/build/cuas_fusion': CMAKE_PREFIX_PATH=/home/zork/ProjectHailMarry/install/cuas_msgs:/home/zork/ProjectHailMarry/install/cuas_fusion LD_LIBRARY_PATH=/home/zork/ProjectHailMarry/install/cuas_msgs/lib:/opt/ros/humble/opt/rviz_ogre_vendor/lib:/opt/ros/humble/lib/aarch64-linux-gnu:/opt/ros/humble/lib:/usr/local/cuda-12.6/lib64 PKG_CONFIG_PATH=/home/zork/ProjectHailMarry/install/cuas_msgs/lib/aarch64-linux-gnu/pkgconfig:/home/zork/ProjectHailMarry/install/cuas_msgs/lib/pkgconfig:/home/zork/ProjectHailMarry/install/cuas_fusion/lib/aarch64-linux-gnu/pkgconfig:/home/zork/ProjectHailMarry/install/cuas_fusion/lib/pkgconfig ROS_PACKAGE_PATH=/home/zork/ProjectHailMarry/install/cuas_msgs/share:/home/zork/ProjectHailMarry/install/cuas_fusion/share /usr/bin/cmake --install /home/zork/ProjectHailMarry/build/cuas_fusion
[0.881s] DEBUG:colcon.colcon_core.event_handler.log_command:Invoked command in '/home/zork/ProjectHailMarry/build/cuas_fusion' returned '0': CMAKE_PREFIX_PATH=/home/zork/ProjectHailMarry/install/cuas_msgs:/home/zork/ProjectHailMarry/install/cuas_fusion LD_LIBRARY_PATH=/home/zork/ProjectHailMarry/install/cuas_msgs/lib:/opt/ros/humble/opt/rviz_ogre_vendor/lib:/opt/ros/humble/lib/aarch64-linux-gnu:/opt/ros/humble/lib:/usr/local/cuda-12.6/lib64 PKG_CONFIG_PATH=/home/zork/ProjectHailMarry/install/cuas_msgs/lib/aarch64-linux-gnu/pkgconfig:/home/zork/ProjectHailMarry/install/cuas_msgs/lib/pkgconfig:/home/zork/ProjectHailMarry/install/cuas_fusion/lib/aarch64-linux-gnu/pkgconfig:/home/zork/ProjectHailMarry/install/cuas_fusion/lib/pkgconfig ROS_PACKAGE_PATH=/home/zork/ProjectHailMarry/install/cuas_msgs/share:/home/zork/ProjectHailMarry/install/cuas_fusion/share /usr/bin/cmake --install /home/zork/ProjectHailMarry/build/cuas_fusion
[0.882s] Level 1:colcon.colcon_core.shell:create_environment_hook('cuas_fusion', 'ros_package_path')
[0.882s] INFO:colcon.colcon_core.shell:Creating environment hook '/home/zork/ProjectHailMarry/install/cuas_fusion/share/cuas_fusion/hook/ros_package_path.ps1'
[0.884s] INFO:colcon.colcon_core.shell:Creating environment descriptor '/home/zork/ProjectHailMarry/install/cuas_fusion/share/cuas_fusion/hook/ros_package_path.dsv'
[0.886s] INFO:colcon.colcon_core.shell:Creating environment hook '/home/zork/ProjectHailMarry/install/cuas_fusion/share/cuas_fusion/hook/ros_package_path.sh'
[0.887s] Level 1:colcon.colcon_core.shell:create_environment_hook('cuas_fusion', 'pkg_config_path')
[0.888s] INFO:colcon.colcon_core.shell:Creating environment hook '/home/zork/ProjectHailMarry/install/cuas_fusion/share/cuas_fusion/hook/pkg_config_path.ps1'
[0.890s] INFO:colcon.colcon_core.shell:Creating environment descriptor '/home/zork/ProjectHailMarry/install/cuas_fusion/share/cuas_fusion/hook/pkg_config_path.dsv'
[0.891s] INFO:colcon.colcon_core.shell:Creating environment hook '/home/zork/ProjectHailMarry/install/cuas_fusion/share/cuas_fusion/hook/pkg_config_path.sh'
[0.900s] Level 1:colcon.colcon_core.shell:create_environment_hook('cuas_fusion', 'pkg_config_path_multiarch')
[0.901s] INFO:colcon.colcon_core.shell:Creating environment hook '/home/zork/ProjectHailMarry/install/cuas_fusion/share/cuas_fusion/hook/pkg_config_path_multiarch.ps1'
[0.903s] INFO:colcon.colcon_core.shell:Creating environment descriptor '/home/zork/ProjectHailMarry/install/cuas_fusion/share/cuas_fusion/hook/pkg_config_path_multiarch.dsv'
[0.905s] INFO:colcon.colcon_core.shell:Creating environment hook '/home/zork/ProjectHailMarry/install/cuas_fusion/share/cuas_fusion/hook/pkg_config_path_multiarch.sh'
[0.909s] Level 1:colcon.colcon_core.environment:create_environment_scripts_only(cuas_fusion)
[0.919s] Level 1:colcon.colcon_core.environment:checking '/home/zork/ProjectHailMarry/install/cuas_fusion' for CMake module files
[0.921s] Level 1:colcon.colcon_core.environment:checking '/home/zork/ProjectHailMarry/install/cuas_fusion' for CMake config files
[0.923s] Level 1:colcon.colcon_core.shell:create_environment_hook('cuas_fusion', 'cmake_prefix_path')
[0.924s] INFO:colcon.colcon_core.shell:Creating environment hook '/home/zork/ProjectHailMarry/install/cuas_fusion/share/cuas_fusion/hook/cmake_prefix_path.ps1'
[0.926s] INFO:colcon.colcon_core.shell:Creating environment descriptor '/home/zork/ProjectHailMarry/install/cuas_fusion/share/cuas_fusion/hook/cmake_prefix_path.dsv'
[0.927s] INFO:colcon.colcon_core.shell:Creating environment hook '/home/zork/ProjectHailMarry/install/cuas_fusion/share/cuas_fusion/hook/cmake_prefix_path.sh'
[0.930s] Level 1:colcon.colcon_core.environment:checking '/home/zork/ProjectHailMarry/install/cuas_fusion/lib'
[0.930s] Level 1:colcon.colcon_core.environment:checking '/home/zork/ProjectHailMarry/install/cuas_fusion/bin'
[0.931s] Level 1:colcon.colcon_core.environment:checking '/home/zork/ProjectHailMarry/install/cuas_fusion/lib/pkgconfig/cuas_fusion.pc'
[0.932s] Level 1:colcon.colcon_core.environment:checking '/home/zork/ProjectHailMarry/install/cuas_fusion/lib/python3.10/site-packages'
[0.933s] Level 1:colcon.colcon_core.environment:checking '/home/zork/ProjectHailMarry/install/cuas_fusion/bin'
[0.934s] INFO:colcon.colcon_core.shell:Creating package script '/home/zork/ProjectHailMarry/install/cuas_fusion/share/cuas_fusion/package.ps1'
[0.938s] INFO:colcon.colcon_core.shell:Creating package descriptor '/home/zork/ProjectHailMarry/install/cuas_fusion/share/cuas_fusion/package.dsv'
[0.940s] INFO:colcon.colcon_core.shell:Creating package script '/home/zork/ProjectHailMarry/install/cuas_fusion/share/cuas_fusion/package.sh'
[0.942s] INFO:colcon.colcon_core.shell:Creating package script '/home/zork/ProjectHailMarry/install/cuas_fusion/share/cuas_fusion/package.bash'
[0.944s] INFO:colcon.colcon_core.shell:Creating package script '/home/zork/ProjectHailMarry/install/cuas_fusion/share/cuas_fusion/package.zsh'
[0.946s] Level 1:colcon.colcon_core.environment:create_file_with_runtime_dependencies(/home/zork/ProjectHailMarry/install/cuas_fusion/share/colcon-core/packages/cuas_fusion)
[0.947s] DEBUG:colcon.colcon_parallel_executor.executor.parallel:closing loop
[0.948s] DEBUG:colcon.colcon_parallel_executor.executor.parallel:loop closed
[0.948s] DEBUG:colcon.colcon_parallel_executor.executor.parallel:run_until_complete finished with '0'
[0.948s] DEBUG:colcon.colcon_core.event_reactor:joining thread
[0.949s] DEBUG:colcon.colcon_core.event_reactor:joined thread
[0.950s] INFO:colcon.colcon_core.shell:Creating prefix script '/home/zork/ProjectHailMarry/install/local_setup.ps1'
[0.953s] INFO:colcon.colcon_core.shell:Creating prefix util module '/home/zork/ProjectHailMarry/install/_local_setup_util_ps1.py'
[0.957s] INFO:colcon.colcon_core.shell:Creating prefix chain script '/home/zork/ProjectHailMarry/install/setup.ps1'
[0.962s] INFO:colcon.colcon_core.shell:Creating prefix script '/home/zork/ProjectHailMarry/install/local_setup.sh'
[0.963s] INFO:colcon.colcon_core.shell:Creating prefix util module '/home/zork/ProjectHailMarry/install/_local_setup_util_sh.py'
[0.965s] INFO:colcon.colcon_core.shell:Creating prefix chain script '/home/zork/ProjectHailMarry/install/setup.sh'
[0.968s] INFO:colcon.colcon_core.shell:Creating prefix script '/home/zork/ProjectHailMarry/install/local_setup.bash'
[0.970s] INFO:colcon.colcon_core.shell:Creating prefix chain script '/home/zork/ProjectHailMarry/install/setup.bash'
[0.972s] INFO:colcon.colcon_core.shell:Creating prefix script '/home/zork/ProjectHailMarry/install/local_setup.zsh'
[0.974s] INFO:colcon.colcon_core.shell:Creating prefix chain script '/home/zork/ProjectHailMarry/install/setup.zsh'
