[0.018s] Invoking command in '/home/zork/ProjectHailMarry/build/cuas_fusion': CMAKE_PREFIX_PATH=/home/zork/ProjectHailMarry/install/cuas_msgs LD_LIBRARY_PATH=/home/zork/ProjectHailMarry/install/cuas_msgs/lib:/opt/ros/humble/opt/rviz_ogre_vendor/lib:/opt/ros/humble/lib/aarch64-linux-gnu:/opt/ros/humble/lib:/usr/local/cuda-12.6/lib64 PKG_CONFIG_PATH=/home/zork/ProjectHailMarry/install/cuas_msgs/lib/aarch64-linux-gnu/pkgconfig:/home/zork/ProjectHailMarry/install/cuas_msgs/lib/pkgconfig PYTHONPATH=/home/zork/ProjectHailMarry/install/cuas_msgs/local/lib/python3.10/dist-packages:${PYTHONPATH} ROS_PACKAGE_PATH=/home/zork/ProjectHailMarry/install/cuas_msgs/share /usr/bin/cmake /home/zork/ProjectHailMarry/src/cuas_fusion -DCATKIN_INSTALL_INTO_PREFIX_ROOT=0 -DCMAKE_INSTALL_PREFIX=/home/zork/ProjectHailMarry/install/cuas_fusion
[0.039s] -- Found ament_cmake: 1.3.14 (/opt/ros/humble/share/ament_cmake/cmake)
[0.315s] -- Found rclcpp: 16.0.19 (/opt/ros/humble/share/rclcpp/cmake)
[0.380s] -- Found rosidl_generator_c: 3.1.8 (/opt/ros/humble/share/rosidl_generator_c/cmake)
[0.384s] -- Found rosidl_adapter: 3.1.8 (/opt/ros/humble/share/rosidl_adapter/cmake)
[0.394s] -- Found rosidl_generator_cpp: 3.1.8 (/opt/ros/humble/share/rosidl_generator_cpp/cmake)
[0.409s] -- Using all available rosidl_typesupport_c: rosidl_typesupport_fastrtps_c;rosidl_typesupport_introspection_c
[0.428s] -- Using all available rosidl_typesupport_cpp: rosidl_typesupport_fastrtps_cpp;rosidl_typesupport_introspection_cpp
[0.481s] -- Found rmw_implementation_cmake: 6.1.2 (/opt/ros/humble/share/rmw_implementation_cmake/cmake)
[0.483s] -- Found rmw_fastrtps_cpp: 6.2.10 (/opt/ros/humble/share/rmw_fastrtps_cpp/cmake)
[0.643s] -- Using RMW implementation 'rmw_fastrtps_cpp' as default
[0.720s] -- Found sensor_msgs: 4.9.1 (/opt/ros/humble/share/sensor_msgs/cmake)
[0.765s] -- Found cuas_msgs: 0.1.0 (/home/zork/ProjectHailMarry/install/cuas_msgs/share/cuas_msgs/cmake)
[0.900s] -- Configuring done
[0.919s] -- Generating done
[0.926s] -- Build files have been written to: /home/zork/ProjectHailMarry/build/cuas_fusion
[0.944s] Invoked command in '/home/zork/ProjectHailMarry/build/cuas_fusion' returned '0': CMAKE_PREFIX_PATH=/home/zork/ProjectHailMarry/install/cuas_msgs LD_LIBRARY_PATH=/home/zork/ProjectHailMarry/install/cuas_msgs/lib:/opt/ros/humble/opt/rviz_ogre_vendor/lib:/opt/ros/humble/lib/aarch64-linux-gnu:/opt/ros/humble/lib:/usr/local/cuda-12.6/lib64 PKG_CONFIG_PATH=/home/zork/ProjectHailMarry/install/cuas_msgs/lib/aarch64-linux-gnu/pkgconfig:/home/zork/ProjectHailMarry/install/cuas_msgs/lib/pkgconfig PYTHONPATH=/home/zork/ProjectHailMarry/install/cuas_msgs/local/lib/python3.10/dist-packages:${PYTHONPATH} ROS_PACKAGE_PATH=/home/zork/ProjectHailMarry/install/cuas_msgs/share /usr/bin/cmake /home/zork/ProjectHailMarry/src/cuas_fusion -DCATKIN_INSTALL_INTO_PREFIX_ROOT=0 -DCMAKE_INSTALL_PREFIX=/home/zork/ProjectHailMarry/install/cuas_fusion
[0.947s] Invoking command in '/home/zork/ProjectHailMarry/build/cuas_fusion': CMAKE_PREFIX_PATH=/home/zork/ProjectHailMarry/install/cuas_msgs LD_LIBRARY_PATH=/home/zork/ProjectHailMarry/install/cuas_msgs/lib:/opt/ros/humble/opt/rviz_ogre_vendor/lib:/opt/ros/humble/lib/aarch64-linux-gnu:/opt/ros/humble/lib:/usr/local/cuda-12.6/lib64 PKG_CONFIG_PATH=/home/zork/ProjectHailMarry/install/cuas_msgs/lib/aarch64-linux-gnu/pkgconfig:/home/zork/ProjectHailMarry/install/cuas_msgs/lib/pkgconfig PYTHONPATH=/home/zork/ProjectHailMarry/install/cuas_msgs/local/lib/python3.10/dist-packages:${PYTHONPATH} ROS_PACKAGE_PATH=/home/zork/ProjectHailMarry/install/cuas_msgs/share /usr/bin/cmake --build /home/zork/ProjectHailMarry/build/cuas_fusion -- -j6 -l6
[1.049s] Consolidate compiler generated dependencies of target radar_parser_node
[1.081s] [ 50%] Building CXX object CMakeFiles/radar_parser_node.dir/src/drivers/radar_parser_node.cpp.o
[9.747s] [100%] Linking CXX executable radar_parser_node
[10.152s] [100%] Built target radar_parser_node
[10.177s] Invoked command in '/home/zork/ProjectHailMarry/build/cuas_fusion' returned '0': CMAKE_PREFIX_PATH=/home/zork/ProjectHailMarry/install/cuas_msgs LD_LIBRARY_PATH=/home/zork/ProjectHailMarry/install/cuas_msgs/lib:/opt/ros/humble/opt/rviz_ogre_vendor/lib:/opt/ros/humble/lib/aarch64-linux-gnu:/opt/ros/humble/lib:/usr/local/cuda-12.6/lib64 PKG_CONFIG_PATH=/home/zork/ProjectHailMarry/install/cuas_msgs/lib/aarch64-linux-gnu/pkgconfig:/home/zork/ProjectHailMarry/install/cuas_msgs/lib/pkgconfig PYTHONPATH=/home/zork/ProjectHailMarry/install/cuas_msgs/local/lib/python3.10/dist-packages:${PYTHONPATH} ROS_PACKAGE_PATH=/home/zork/ProjectHailMarry/install/cuas_msgs/share /usr/bin/cmake --build /home/zork/ProjectHailMarry/build/cuas_fusion -- -j6 -l6
[10.209s] Invoking command in '/home/zork/ProjectHailMarry/build/cuas_fusion': CMAKE_PREFIX_PATH=/home/zork/ProjectHailMarry/install/cuas_msgs LD_LIBRARY_PATH=/home/zork/ProjectHailMarry/install/cuas_msgs/lib:/opt/ros/humble/opt/rviz_ogre_vendor/lib:/opt/ros/humble/lib/aarch64-linux-gnu:/opt/ros/humble/lib:/usr/local/cuda-12.6/lib64 PKG_CONFIG_PATH=/home/zork/ProjectHailMarry/install/cuas_msgs/lib/aarch64-linux-gnu/pkgconfig:/home/zork/ProjectHailMarry/install/cuas_msgs/lib/pkgconfig PYTHONPATH=/home/zork/ProjectHailMarry/install/cuas_msgs/local/lib/python3.10/dist-packages:${PYTHONPATH} ROS_PACKAGE_PATH=/home/zork/ProjectHailMarry/install/cuas_msgs/share /usr/bin/cmake --install /home/zork/ProjectHailMarry/build/cuas_fusion
[10.225s] -- Install configuration: ""
[10.226s] -- Installing: /home/zork/ProjectHailMarry/install/cuas_fusion/lib/cuas_fusion/radar_parser_node
[10.230s] -- Set runtime path of "/home/zork/ProjectHailMarry/install/cuas_fusion/lib/cuas_fusion/radar_parser_node" to ""
[10.230s] -- Up-to-date: /home/zork/ProjectHailMarry/install/cuas_fusion/share/cuas_fusion/config
[10.231s] -- Up-to-date: /home/zork/ProjectHailMarry/install/cuas_fusion/share/cuas_fusion/config/system_params.yaml
[10.231s] -- Up-to-date: /home/zork/ProjectHailMarry/install/cuas_fusion/share/cuas_fusion/config/camera_calibration.yaml
[10.231s] -- Installing: /home/zork/ProjectHailMarry/install/cuas_fusion/share/cuas_fusion/config/radar_profile.cfg
[10.231s] -- Up-to-date: /home/zork/ProjectHailMarry/install/cuas_fusion/share/cuas_fusion/launch
[10.232s] -- Up-to-date: /home/zork/ProjectHailMarry/install/cuas_fusion/share/cuas_fusion/launch/full_system.launch.py
[10.233s] -- Up-to-date: /home/zork/ProjectHailMarry/install/cuas_fusion/share/cuas_fusion/launch/radar_only.launch.py
[10.233s] -- Up-to-date: /home/zork/ProjectHailMarry/install/cuas_fusion/share/cuas_fusion/launch/replay.launch.py
[10.233s] -- Up-to-date: /home/zork/ProjectHailMarry/install/cuas_fusion/share/ament_index/resource_index/package_run_dependencies/cuas_fusion
[10.233s] -- Up-to-date: /home/zork/ProjectHailMarry/install/cuas_fusion/share/ament_index/resource_index/parent_prefix_path/cuas_fusion
[10.234s] -- Up-to-date: /home/zork/ProjectHailMarry/install/cuas_fusion/share/cuas_fusion/environment/ament_prefix_path.sh
[10.234s] -- Installing: /home/zork/ProjectHailMarry/install/cuas_fusion/share/cuas_fusion/environment/ament_prefix_path.dsv
[10.234s] -- Up-to-date: /home/zork/ProjectHailMarry/install/cuas_fusion/share/cuas_fusion/environment/path.sh
[10.234s] -- Installing: /home/zork/ProjectHailMarry/install/cuas_fusion/share/cuas_fusion/environment/path.dsv
[10.234s] -- Up-to-date: /home/zork/ProjectHailMarry/install/cuas_fusion/share/cuas_fusion/local_setup.bash
[10.234s] -- Up-to-date: /home/zork/ProjectHailMarry/install/cuas_fusion/share/cuas_fusion/local_setup.sh
[10.234s] -- Up-to-date: /home/zork/ProjectHailMarry/install/cuas_fusion/share/cuas_fusion/local_setup.zsh
[10.235s] -- Installing: /home/zork/ProjectHailMarry/install/cuas_fusion/share/cuas_fusion/local_setup.dsv
[10.235s] -- Installing: /home/zork/ProjectHailMarry/install/cuas_fusion/share/cuas_fusion/package.dsv
[10.235s] -- Up-to-date: /home/zork/ProjectHailMarry/install/cuas_fusion/share/ament_index/resource_index/packages/cuas_fusion
[10.235s] -- Up-to-date: /home/zork/ProjectHailMarry/install/cuas_fusion/share/cuas_fusion/cmake/cuas_fusionConfig.cmake
[10.235s] -- Up-to-date: /home/zork/ProjectHailMarry/install/cuas_fusion/share/cuas_fusion/cmake/cuas_fusionConfig-version.cmake
[10.235s] -- Up-to-date: /home/zork/ProjectHailMarry/install/cuas_fusion/share/cuas_fusion/package.xml
[10.238s] Invoked command in '/home/zork/ProjectHailMarry/build/cuas_fusion' returned '0': CMAKE_PREFIX_PATH=/home/zork/ProjectHailMarry/install/cuas_msgs LD_LIBRARY_PATH=/home/zork/ProjectHailMarry/install/cuas_msgs/lib:/opt/ros/humble/opt/rviz_ogre_vendor/lib:/opt/ros/humble/lib/aarch64-linux-gnu:/opt/ros/humble/lib:/usr/local/cuda-12.6/lib64 PKG_CONFIG_PATH=/home/zork/ProjectHailMarry/install/cuas_msgs/lib/aarch64-linux-gnu/pkgconfig:/home/zork/ProjectHailMarry/install/cuas_msgs/lib/pkgconfig PYTHONPATH=/home/zork/ProjectHailMarry/install/cuas_msgs/local/lib/python3.10/dist-packages:${PYTHONPATH} ROS_PACKAGE_PATH=/home/zork/ProjectHailMarry/install/cuas_msgs/share /usr/bin/cmake --install /home/zork/ProjectHailMarry/build/cuas_fusion
