[0.194s] DEBUG:colcon:Command line arguments: ['/usr/bin/colcon', 'build', '--packages-select', 'cuas_msgs', 'cuas_fusion', '--cmake-args', '-DCMAKE_INSTALL_PREFIX=install']
[0.194s] DEBUG:colcon:Parsed command line arguments: Namespace(log_base=None, log_level=None, verb_name='build', build_base='build', install_base='install', merge_install=False, symlink_install=False, test_result_base=None, continue_on_error=False, executor='parallel', parallel_workers=6, event_handlers=None, ignore_user_meta=False, metas=['./colcon.meta'], base_paths=['.'], packages_ignore=None, packages_ignore_regex=None, paths=None, packages_up_to=None, packages_up_to_regex=None, packages_above=None, packages_above_and_dependencies=None, packages_above_depth=None, packages_select_by_dep=None, packages_skip_by_dep=None, packages_skip_up_to=None, packages_select_build_failed=False, packages_skip_build_finished=False, packages_select_test_failures=False, packages_skip_test_passed=False, packages_select=['cuas_msgs', 'cuas_fusion'], packages_skip=None, packages_select_regex=None, packages_skip_regex=None, packages_start=None, packages_end=None, allow_overriding=[], cmake_args=['-DCMAKE_INSTALL_PREFIX=install'], cmake_target=None, cmake_target_skip_unavailable=False, cmake_clean_cache=False, cmake_clean_first=False, cmake_force_configure=False, ament_cmake_args=None, catkin_cmake_args=None, catkin_skip_building_tests=False, verb_parser=<colcon_defaults.argument_parser.defaults.DefaultArgumentsDecorator object at 0xffff9fc82f80>, verb_extension=<colcon_core.verb.build.BuildVerb object at 0xffff9fc829b0>, main=<bound method BuildVerb.main of <colcon_core.verb.build.BuildVerb object at 0xffff9fc829b0>>)
[0.496s] Level 1:colcon.colcon_core.package_discovery:discover_packages(colcon_meta) check parameters
[0.496s] Level 1:colcon.colcon_core.package_discovery:discover_packages(recursive) check parameters
[0.496s] Level 1:colcon.colcon_core.package_discovery:discover_packages(ignore) check parameters
[0.497s] Level 1:colcon.colcon_core.package_discovery:discover_packages(path) check parameters
[0.497s] Level 1:colcon.colcon_core.package_discovery:discover_packages(colcon_meta) discover
[0.497s] Level 1:colcon.colcon_core.package_discovery:discover_packages(recursive) discover
[0.497s] INFO:colcon.colcon_core.package_discovery:Crawling recursively for packages in '/home/zork/ProjectHailMarry'
[0.497s] Level 1:colcon.colcon_core.package_identification:_identify(.) by extensions ['ignore', 'ignore_ament_install']
[0.497s] Level 1:colcon.colcon_core.package_identification:_identify(.) by extension 'ignore'
[0.497s] Level 1:colcon.colcon_core.package_identification:_identify(.) by extension 'ignore_ament_install'
[0.498s] Level 1:colcon.colcon_core.package_identification:_identify(.) by extensions ['colcon_pkg']
[0.498s] Level 1:colcon.colcon_core.package_identification:_identify(.) by extension 'colcon_pkg'
[0.498s] Level 1:colcon.colcon_core.package_identification:_identify(.) by extensions ['colcon_meta']
[0.498s] Level 1:colcon.colcon_core.package_identification:_identify(.) by extension 'colcon_meta'
[0.498s] Level 1:colcon.colcon_core.package_identification:_identify(.) by extensions ['ros']
[0.498s] Level 1:colcon.colcon_core.package_identification:_identify(.) by extension 'ros'
[0.519s] Level 1:colcon.colcon_core.package_identification:_identify(.) by extensions ['cmake', 'python']
[0.519s] Level 1:colcon.colcon_core.package_identification:_identify(.) by extension 'cmake'
[0.519s] Level 1:colcon.colcon_core.package_identification:_identify(.) by extension 'python'
[0.519s] Level 1:colcon.colcon_core.package_identification:_identify(.) by extensions ['python_setup_py']
[0.519s] Level 1:colcon.colcon_core.package_identification:_identify(.) by extension 'python_setup_py'
[0.520s] Level 1:colcon.colcon_core.package_identification:_identify(build) by extensions ['ignore', 'ignore_ament_install']
[0.520s] Level 1:colcon.colcon_core.package_identification:_identify(build) by extension 'ignore'
[0.520s] Level 1:colcon.colcon_core.package_identification:_identify(build) ignored
[0.520s] Level 1:colcon.colcon_core.package_identification:_identify(docs) by extensions ['ignore', 'ignore_ament_install']
[0.520s] Level 1:colcon.colcon_core.package_identification:_identify(docs) by extension 'ignore'
[0.520s] Level 1:colcon.colcon_core.package_identification:_identify(docs) by extension 'ignore_ament_install'
[0.521s] Level 1:colcon.colcon_core.package_identification:_identify(docs) by extensions ['colcon_pkg']
[0.521s] Level 1:colcon.colcon_core.package_identification:_identify(docs) by extension 'colcon_pkg'
[0.521s] Level 1:colcon.colcon_core.package_identification:_identify(docs) by extensions ['colcon_meta']
[0.521s] Level 1:colcon.colcon_core.package_identification:_identify(docs) by extension 'colcon_meta'
[0.521s] Level 1:colcon.colcon_core.package_identification:_identify(docs) by extensions ['ros']
[0.521s] Level 1:colcon.colcon_core.package_identification:_identify(docs) by extension 'ros'
[0.521s] Level 1:colcon.colcon_core.package_identification:_identify(docs) by extensions ['cmake', 'python']
[0.521s] Level 1:colcon.colcon_core.package_identification:_identify(docs) by extension 'cmake'
[0.521s] Level 1:colcon.colcon_core.package_identification:_identify(docs) by extension 'python'
[0.521s] Level 1:colcon.colcon_core.package_identification:_identify(docs) by extensions ['python_setup_py']
[0.521s] Level 1:colcon.colcon_core.package_identification:_identify(docs) by extension 'python_setup_py'
[0.522s] Level 1:colcon.colcon_core.package_identification:_identify(install) by extensions ['ignore', 'ignore_ament_install']
[0.522s] Level 1:colcon.colcon_core.package_identification:_identify(install) by extension 'ignore'
[0.522s] Level 1:colcon.colcon_core.package_identification:_identify(install) ignored
[0.522s] Level 1:colcon.colcon_core.package_identification:_identify(log) by extensions ['ignore', 'ignore_ament_install']
[0.522s] Level 1:colcon.colcon_core.package_identification:_identify(log) by extension 'ignore'
[0.522s] Level 1:colcon.colcon_core.package_identification:_identify(log) ignored
[0.522s] Level 1:colcon.colcon_core.package_identification:_identify(msgs) by extensions ['ignore', 'ignore_ament_install']
[0.523s] Level 1:colcon.colcon_core.package_identification:_identify(msgs) by extension 'ignore'
[0.523s] Level 1:colcon.colcon_core.package_identification:_identify(msgs) by extension 'ignore_ament_install'
[0.523s] Level 1:colcon.colcon_core.package_identification:_identify(msgs) by extensions ['colcon_pkg']
[0.523s] Level 1:colcon.colcon_core.package_identification:_identify(msgs) by extension 'colcon_pkg'
[0.523s] Level 1:colcon.colcon_core.package_identification:_identify(msgs) by extensions ['colcon_meta']
[0.523s] Level 1:colcon.colcon_core.package_identification:_identify(msgs) by extension 'colcon_meta'
[0.523s] Level 1:colcon.colcon_core.package_identification:_identify(msgs) by extensions ['ros']
[0.523s] Level 1:colcon.colcon_core.package_identification:_identify(msgs) by extension 'ros'
[0.523s] Level 1:colcon.colcon_core.package_identification:_identify(msgs) by extensions ['cmake', 'python']
[0.523s] Level 1:colcon.colcon_core.package_identification:_identify(msgs) by extension 'cmake'
[0.523s] Level 1:colcon.colcon_core.package_identification:_identify(msgs) by extension 'python'
[0.524s] Level 1:colcon.colcon_core.package_identification:_identify(msgs) by extensions ['python_setup_py']
[0.524s] Level 1:colcon.colcon_core.package_identification:_identify(msgs) by extension 'python_setup_py'
[0.524s] Level 1:colcon.colcon_core.package_identification:_identify(msgs/cuas_msgs) by extensions ['ignore', 'ignore_ament_install']
[0.524s] Level 1:colcon.colcon_core.package_identification:_identify(msgs/cuas_msgs) by extension 'ignore'
[0.524s] Level 1:colcon.colcon_core.package_identification:_identify(msgs/cuas_msgs) by extension 'ignore_ament_install'
[0.524s] Level 1:colcon.colcon_core.package_identification:_identify(msgs/cuas_msgs) by extensions ['colcon_pkg']
[0.524s] Level 1:colcon.colcon_core.package_identification:_identify(msgs/cuas_msgs) by extension 'colcon_pkg'
[0.524s] Level 1:colcon.colcon_core.package_identification:_identify(msgs/cuas_msgs) by extensions ['colcon_meta']
[0.524s] Level 1:colcon.colcon_core.package_identification:_identify(msgs/cuas_msgs) by extension 'colcon_meta'
[0.524s] Level 1:colcon.colcon_core.package_identification:_identify(msgs/cuas_msgs) by extensions ['ros']
[0.525s] Level 1:colcon.colcon_core.package_identification:_identify(msgs/cuas_msgs) by extension 'ros'
[0.529s] DEBUG:colcon.colcon_core.package_identification:Package 'msgs/cuas_msgs' with type 'ros.catkin' and name 'cuas_msgs'
[0.529s] Level 1:colcon.colcon_core.package_identification:_identify(scripts) by extensions ['ignore', 'ignore_ament_install']
[0.529s] Level 1:colcon.colcon_core.package_identification:_identify(scripts) by extension 'ignore'
[0.529s] Level 1:colcon.colcon_core.package_identification:_identify(scripts) by extension 'ignore_ament_install'
[0.530s] Level 1:colcon.colcon_core.package_identification:_identify(scripts) by extensions ['colcon_pkg']
[0.530s] Level 1:colcon.colcon_core.package_identification:_identify(scripts) by extension 'colcon_pkg'
[0.530s] Level 1:colcon.colcon_core.package_identification:_identify(scripts) by extensions ['colcon_meta']
[0.530s] Level 1:colcon.colcon_core.package_identification:_identify(scripts) by extension 'colcon_meta'
[0.530s] Level 1:colcon.colcon_core.package_identification:_identify(scripts) by extensions ['ros']
[0.530s] Level 1:colcon.colcon_core.package_identification:_identify(scripts) by extension 'ros'
[0.530s] Level 1:colcon.colcon_core.package_identification:_identify(scripts) by extensions ['cmake', 'python']
[0.530s] Level 1:colcon.colcon_core.package_identification:_identify(scripts) by extension 'cmake'
[0.530s] Level 1:colcon.colcon_core.package_identification:_identify(scripts) by extension 'python'
[0.530s] Level 1:colcon.colcon_core.package_identification:_identify(scripts) by extensions ['python_setup_py']
[0.530s] Level 1:colcon.colcon_core.package_identification:_identify(scripts) by extension 'python_setup_py'
[0.531s] Level 1:colcon.colcon_core.package_identification:_identify(src) by extensions ['ignore', 'ignore_ament_install']
[0.531s] Level 1:colcon.colcon_core.package_identification:_identify(src) by extension 'ignore'
[0.531s] Level 1:colcon.colcon_core.package_identification:_identify(src) by extension 'ignore_ament_install'
[0.531s] Level 1:colcon.colcon_core.package_identification:_identify(src) by extensions ['colcon_pkg']
[0.531s] Level 1:colcon.colcon_core.package_identification:_identify(src) by extension 'colcon_pkg'
[0.531s] Level 1:colcon.colcon_core.package_identification:_identify(src) by extensions ['colcon_meta']
[0.531s] Level 1:colcon.colcon_core.package_identification:_identify(src) by extension 'colcon_meta'
[0.531s] Level 1:colcon.colcon_core.package_identification:_identify(src) by extensions ['ros']
[0.531s] Level 1:colcon.colcon_core.package_identification:_identify(src) by extension 'ros'
[0.532s] Level 1:colcon.colcon_core.package_identification:_identify(src) by extensions ['cmake', 'python']
[0.532s] Level 1:colcon.colcon_core.package_identification:_identify(src) by extension 'cmake'
[0.532s] Level 1:colcon.colcon_core.package_identification:_identify(src) by extension 'python'
[0.532s] Level 1:colcon.colcon_core.package_identification:_identify(src) by extensions ['python_setup_py']
[0.532s] Level 1:colcon.colcon_core.package_identification:_identify(src) by extension 'python_setup_py'
[0.532s] Level 1:colcon.colcon_core.package_identification:_identify(src/cuas_fusion) by extensions ['ignore', 'ignore_ament_install']
[0.532s] Level 1:colcon.colcon_core.package_identification:_identify(src/cuas_fusion) by extension 'ignore'
[0.532s] Level 1:colcon.colcon_core.package_identification:_identify(src/cuas_fusion) by extension 'ignore_ament_install'
[0.532s] Level 1:colcon.colcon_core.package_identification:_identify(src/cuas_fusion) by extensions ['colcon_pkg']
[0.532s] Level 1:colcon.colcon_core.package_identification:_identify(src/cuas_fusion) by extension 'colcon_pkg'
[0.532s] Level 1:colcon.colcon_core.package_identification:_identify(src/cuas_fusion) by extensions ['colcon_meta']
[0.533s] Level 1:colcon.colcon_core.package_identification:_identify(src/cuas_fusion) by extension 'colcon_meta'
[0.533s] Level 1:colcon.colcon_core.package_identification:_identify(src/cuas_fusion) by extensions ['ros']
[0.533s] Level 1:colcon.colcon_core.package_identification:_identify(src/cuas_fusion) by extension 'ros'
[0.534s] DEBUG:colcon.colcon_core.package_identification:Package 'src/cuas_fusion' with type 'ros.catkin' and name 'cuas_fusion'
[0.534s] Level 1:colcon.colcon_core.package_identification:_identify(src/cuas_msgs) by extensions ['ignore', 'ignore_ament_install']
[0.534s] Level 1:colcon.colcon_core.package_identification:_identify(src/cuas_msgs) by extension 'ignore'
[0.534s] Level 1:colcon.colcon_core.package_identification:_identify(src/cuas_msgs) by extension 'ignore_ament_install'
[0.534s] Level 1:colcon.colcon_core.package_identification:_identify(src/cuas_msgs) by extensions ['colcon_pkg']
[0.535s] Level 1:colcon.colcon_core.package_identification:_identify(src/cuas_msgs) by extension 'colcon_pkg'
[0.535s] Level 1:colcon.colcon_core.package_identification:_identify(src/cuas_msgs) by extensions ['colcon_meta']
[0.535s] Level 1:colcon.colcon_core.package_identification:_identify(src/cuas_msgs) by extension 'colcon_meta'
[0.535s] Level 1:colcon.colcon_core.package_identification:_identify(src/cuas_msgs) by extensions ['ros']
[0.535s] Level 1:colcon.colcon_core.package_identification:_identify(src/cuas_msgs) by extension 'ros'
[0.535s] Level 1:colcon.colcon_core.package_identification:_identify(src/cuas_msgs) by extensions ['cmake', 'python']
[0.535s] Level 1:colcon.colcon_core.package_identification:_identify(src/cuas_msgs) by extension 'cmake'
[0.535s] Level 1:colcon.colcon_core.package_identification:_identify(src/cuas_msgs) by extension 'python'
[0.535s] Level 1:colcon.colcon_core.package_identification:_identify(src/cuas_msgs) by extensions ['python_setup_py']
[0.535s] Level 1:colcon.colcon_core.package_identification:_identify(src/cuas_msgs) by extension 'python_setup_py'
[0.535s] Level 1:colcon.colcon_core.package_identification:_identify(src/cuas_msgs/msg) by extensions ['ignore', 'ignore_ament_install']
[0.536s] Level 1:colcon.colcon_core.package_identification:_identify(src/cuas_msgs/msg) by extension 'ignore'
[0.536s] Level 1:colcon.colcon_core.package_identification:_identify(src/cuas_msgs/msg) by extension 'ignore_ament_install'
[0.536s] Level 1:colcon.colcon_core.package_identification:_identify(src/cuas_msgs/msg) by extensions ['colcon_pkg']
[0.536s] Level 1:colcon.colcon_core.package_identification:_identify(src/cuas_msgs/msg) by extension 'colcon_pkg'
[0.536s] Level 1:colcon.colcon_core.package_identification:_identify(src/cuas_msgs/msg) by extensions ['colcon_meta']
[0.536s] Level 1:colcon.colcon_core.package_identification:_identify(src/cuas_msgs/msg) by extension 'colcon_meta'
[0.536s] Level 1:colcon.colcon_core.package_identification:_identify(src/cuas_msgs/msg) by extensions ['ros']
[0.536s] Level 1:colcon.colcon_core.package_identification:_identify(src/cuas_msgs/msg) by extension 'ros'
[0.536s] Level 1:colcon.colcon_core.package_identification:_identify(src/cuas_msgs/msg) by extensions ['cmake', 'python']
[0.536s] Level 1:colcon.colcon_core.package_identification:_identify(src/cuas_msgs/msg) by extension 'cmake'
[0.537s] Level 1:colcon.colcon_core.package_identification:_identify(src/cuas_msgs/msg) by extension 'python'
[0.537s] Level 1:colcon.colcon_core.package_identification:_identify(src/cuas_msgs/msg) by extensions ['python_setup_py']
[0.537s] Level 1:colcon.colcon_core.package_identification:_identify(src/cuas_msgs/msg) by extension 'python_setup_py'
[0.537s] Level 1:colcon.colcon_core.package_identification:_identify(test) by extensions ['ignore', 'ignore_ament_install']
[0.537s] Level 1:colcon.colcon_core.package_identification:_identify(test) by extension 'ignore'
[0.537s] Level 1:colcon.colcon_core.package_identification:_identify(test) by extension 'ignore_ament_install'
[0.537s] Level 1:colcon.colcon_core.package_identification:_identify(test) by extensions ['colcon_pkg']
[0.537s] Level 1:colcon.colcon_core.package_identification:_identify(test) by extension 'colcon_pkg'
[0.537s] Level 1:colcon.colcon_core.package_identification:_identify(test) by extensions ['colcon_meta']
[0.537s] Level 1:colcon.colcon_core.package_identification:_identify(test) by extension 'colcon_meta'
[0.538s] Level 1:colcon.colcon_core.package_identification:_identify(test) by extensions ['ros']
[0.538s] Level 1:colcon.colcon_core.package_identification:_identify(test) by extension 'ros'
[0.538s] Level 1:colcon.colcon_core.package_identification:_identify(test) by extensions ['cmake', 'python']
[0.538s] Level 1:colcon.colcon_core.package_identification:_identify(test) by extension 'cmake'
[0.538s] Level 1:colcon.colcon_core.package_identification:_identify(test) by extension 'python'
[0.538s] Level 1:colcon.colcon_core.package_identification:_identify(test) by extensions ['python_setup_py']
[0.538s] Level 1:colcon.colcon_core.package_identification:_identify(test) by extension 'python_setup_py'
[0.538s] Level 1:colcon.colcon_core.package_identification:_identify(test/integration) by extensions ['ignore', 'ignore_ament_install']
[0.538s] Level 1:colcon.colcon_core.package_identification:_identify(test/integration) by extension 'ignore'
[0.538s] Level 1:colcon.colcon_core.package_identification:_identify(test/integration) by extension 'ignore_ament_install'
[0.539s] Level 1:colcon.colcon_core.package_identification:_identify(test/integration) by extensions ['colcon_pkg']
[0.539s] Level 1:colcon.colcon_core.package_identification:_identify(test/integration) by extension 'colcon_pkg'
[0.539s] Level 1:colcon.colcon_core.package_identification:_identify(test/integration) by extensions ['colcon_meta']
[0.539s] Level 1:colcon.colcon_core.package_identification:_identify(test/integration) by extension 'colcon_meta'
[0.539s] Level 1:colcon.colcon_core.package_identification:_identify(test/integration) by extensions ['ros']
[0.539s] Level 1:colcon.colcon_core.package_identification:_identify(test/integration) by extension 'ros'
[0.539s] Level 1:colcon.colcon_core.package_identification:_identify(test/integration) by extensions ['cmake', 'python']
[0.539s] Level 1:colcon.colcon_core.package_identification:_identify(test/integration) by extension 'cmake'
[0.539s] Level 1:colcon.colcon_core.package_identification:_identify(test/integration) by extension 'python'
[0.539s] Level 1:colcon.colcon_core.package_identification:_identify(test/integration) by extensions ['python_setup_py']
[0.539s] Level 1:colcon.colcon_core.package_identification:_identify(test/integration) by extension 'python_setup_py'
[0.539s] Level 1:colcon.colcon_core.package_identification:_identify(test/unit) by extensions ['ignore', 'ignore_ament_install']
[0.540s] Level 1:colcon.colcon_core.package_identification:_identify(test/unit) by extension 'ignore'
[0.540s] Level 1:colcon.colcon_core.package_identification:_identify(test/unit) by extension 'ignore_ament_install'
[0.540s] Level 1:colcon.colcon_core.package_identification:_identify(test/unit) by extensions ['colcon_pkg']
[0.540s] Level 1:colcon.colcon_core.package_identification:_identify(test/unit) by extension 'colcon_pkg'
[0.540s] Level 1:colcon.colcon_core.package_identification:_identify(test/unit) by extensions ['colcon_meta']
[0.540s] Level 1:colcon.colcon_core.package_identification:_identify(test/unit) by extension 'colcon_meta'
[0.540s] Level 1:colcon.colcon_core.package_identification:_identify(test/unit) by extensions ['ros']
[0.540s] Level 1:colcon.colcon_core.package_identification:_identify(test/unit) by extension 'ros'
[0.540s] Level 1:colcon.colcon_core.package_identification:_identify(test/unit) by extensions ['cmake', 'python']
[0.540s] Level 1:colcon.colcon_core.package_identification:_identify(test/unit) by extension 'cmake'
[0.540s] Level 1:colcon.colcon_core.package_identification:_identify(test/unit) by extension 'python'
[0.540s] Level 1:colcon.colcon_core.package_identification:_identify(test/unit) by extensions ['python_setup_py']
[0.541s] Level 1:colcon.colcon_core.package_identification:_identify(test/unit) by extension 'python_setup_py'
[0.541s] Level 1:colcon.colcon_core.package_discovery:discover_packages(recursive) using defaults
[0.541s] Level 1:colcon.colcon_core.package_discovery:discover_packages(ignore) discover
[0.541s] Level 1:colcon.colcon_core.package_discovery:discover_packages(ignore) using defaults
[0.541s] Level 1:colcon.colcon_core.package_discovery:discover_packages(path) discover
[0.541s] Level 1:colcon.colcon_core.package_discovery:discover_packages(path) using defaults
[0.577s] Level 1:colcon.colcon_core.package_discovery:discover_packages(prefix_path) check parameters
[0.577s] Level 1:colcon.colcon_core.package_discovery:discover_packages(prefix_path) discover
[0.581s] DEBUG:colcon.colcon_installed_package_information.package_discovery:Found 2 installed packages in /home/zork/ProjectHailMarry/install
[0.583s] DEBUG:colcon.colcon_installed_package_information.package_discovery:Found 273 installed packages in /opt/ros/humble
[0.587s] Level 1:colcon.colcon_core.package_discovery:discover_packages(prefix_path) using defaults
[0.686s] Level 5:colcon.colcon_core.verb:set package 'cuas_msgs' build argument 'cmake_args' from command line to '['-DCMAKE_INSTALL_PREFIX=install']'
[0.686s] Level 5:colcon.colcon_core.verb:set package 'cuas_msgs' build argument 'cmake_target' from command line to 'None'
[0.686s] Level 5:colcon.colcon_core.verb:set package 'cuas_msgs' build argument 'cmake_target_skip_unavailable' from command line to 'False'
[0.686s] Level 5:colcon.colcon_core.verb:set package 'cuas_msgs' build argument 'cmake_clean_cache' from command line to 'False'
[0.686s] Level 5:colcon.colcon_core.verb:set package 'cuas_msgs' build argument 'cmake_clean_first' from command line to 'False'
[0.686s] Level 5:colcon.colcon_core.verb:set package 'cuas_msgs' build argument 'cmake_force_configure' from command line to 'False'
[0.686s] Level 5:colcon.colcon_core.verb:set package 'cuas_msgs' build argument 'ament_cmake_args' from command line to 'None'
[0.686s] Level 5:colcon.colcon_core.verb:set package 'cuas_msgs' build argument 'catkin_cmake_args' from command line to 'None'
[0.686s] Level 5:colcon.colcon_core.verb:set package 'cuas_msgs' build argument 'catkin_skip_building_tests' from command line to 'False'
[0.686s] DEBUG:colcon.colcon_core.verb:Building package 'cuas_msgs' with the following arguments: {'ament_cmake_args': None, 'build_base': '/home/zork/ProjectHailMarry/build/cuas_msgs', 'catkin_cmake_args': None, 'catkin_skip_building_tests': False, 'cmake_args': ['-DCMAKE_INSTALL_PREFIX=install'], 'cmake_clean_cache': False, 'cmake_clean_first': False, 'cmake_force_configure': False, 'cmake_target': None, 'cmake_target_skip_unavailable': False, 'install_base': '/home/zork/ProjectHailMarry/install/cuas_msgs', 'merge_install': False, 'path': '/home/zork/ProjectHailMarry/msgs/cuas_msgs', 'symlink_install': False, 'test_result_base': None}
[0.687s] Level 5:colcon.colcon_core.verb:set package 'cuas_fusion' build argument 'cmake_args' from command line to '['-DCMAKE_INSTALL_PREFIX=install']'
[0.687s] Level 5:colcon.colcon_core.verb:set package 'cuas_fusion' build argument 'cmake_target' from command line to 'None'
[0.687s] Level 5:colcon.colcon_core.verb:set package 'cuas_fusion' build argument 'cmake_target_skip_unavailable' from command line to 'False'
[0.687s] Level 5:colcon.colcon_core.verb:set package 'cuas_fusion' build argument 'cmake_clean_cache' from command line to 'False'
[0.687s] Level 5:colcon.colcon_core.verb:set package 'cuas_fusion' build argument 'cmake_clean_first' from command line to 'False'
[0.687s] Level 5:colcon.colcon_core.verb:set package 'cuas_fusion' build argument 'cmake_force_configure' from command line to 'False'
[0.687s] Level 5:colcon.colcon_core.verb:set package 'cuas_fusion' build argument 'ament_cmake_args' from command line to 'None'
[0.687s] Level 5:colcon.colcon_core.verb:set package 'cuas_fusion' build argument 'catkin_cmake_args' from command line to 'None'
[0.688s] Level 5:colcon.colcon_core.verb:set package 'cuas_fusion' build argument 'catkin_skip_building_tests' from command line to 'False'
[0.688s] DEBUG:colcon.colcon_core.verb:Building package 'cuas_fusion' with the following arguments: {'ament_cmake_args': None, 'build_base': '/home/zork/ProjectHailMarry/build/cuas_fusion', 'catkin_cmake_args': None, 'catkin_skip_building_tests': False, 'cmake_args': ['-DCMAKE_INSTALL_PREFIX=install'], 'cmake_clean_cache': False, 'cmake_clean_first': False, 'cmake_force_configure': False, 'cmake_target': None, 'cmake_target_skip_unavailable': False, 'install_base': '/home/zork/ProjectHailMarry/install/cuas_fusion', 'merge_install': False, 'path': '/home/zork/ProjectHailMarry/src/cuas_fusion', 'symlink_install': False, 'test_result_base': None}
[0.688s] INFO:colcon.colcon_core.executor:Executing jobs using 'parallel' executor
[0.690s] DEBUG:colcon.colcon_parallel_executor.executor.parallel:run_until_complete
[0.691s] INFO:colcon.colcon_ros.task.catkin.build:Building ROS package in '/home/zork/ProjectHailMarry/msgs/cuas_msgs' with build type 'catkin'
[0.691s] INFO:colcon.colcon_cmake.task.cmake.build:Building CMake package in '/home/zork/ProjectHailMarry/msgs/cuas_msgs'
[0.694s] INFO:colcon.colcon_core.plugin_system:Skipping extension 'colcon_core.shell.bat': Not used on non-Windows systems
[0.695s] INFO:colcon.colcon_core.shell:Skip shell extension 'powershell' for command environment: Not usable outside of PowerShell
[0.695s] DEBUG:colcon.colcon_core.shell:Skip shell extension 'dsv' for command environment
[0.708s] DEBUG:colcon.colcon_core.event_handler.log_command:Invoking command in '/home/zork/ProjectHailMarry/build/cuas_msgs': /usr/bin/cmake /home/zork/ProjectHailMarry/msgs/cuas_msgs -DCMAKE_INSTALL_PREFIX=install -DCATKIN_INSTALL_INTO_PREFIX_ROOT=0 -DCMAKE_INSTALL_PREFIX=/home/zork/ProjectHailMarry/install/cuas_msgs
[3.089s] DEBUG:colcon.colcon_core.event_handler.log_command:Invoked command in '/home/zork/ProjectHailMarry/build/cuas_msgs' returned '0': /usr/bin/cmake /home/zork/ProjectHailMarry/msgs/cuas_msgs -DCMAKE_INSTALL_PREFIX=install -DCATKIN_INSTALL_INTO_PREFIX_ROOT=0 -DCMAKE_INSTALL_PREFIX=/home/zork/ProjectHailMarry/install/cuas_msgs
[3.094s] DEBUG:colcon.colcon_core.event_handler.log_command:Invoking command in '/home/zork/ProjectHailMarry/build/cuas_msgs': /usr/bin/cmake --build /home/zork/ProjectHailMarry/build/cuas_msgs -- -j6 -l6
[3.813s] DEBUG:colcon.colcon_core.event_handler.log_command:Invoked command in '/home/zork/ProjectHailMarry/build/cuas_msgs' returned '0': /usr/bin/cmake --build /home/zork/ProjectHailMarry/build/cuas_msgs -- -j6 -l6
[3.844s] DEBUG:colcon.colcon_core.event_handler.log_command:Invoking command in '/home/zork/ProjectHailMarry/build/cuas_msgs': /usr/bin/cmake --install /home/zork/ProjectHailMarry/build/cuas_msgs
[3.977s] Level 1:colcon.colcon_core.shell:create_environment_hook('cuas_msgs', 'ros_package_path')
[3.978s] INFO:colcon.colcon_core.shell:Creating environment hook '/home/zork/ProjectHailMarry/install/cuas_msgs/share/cuas_msgs/hook/ros_package_path.ps1'
[3.983s] INFO:colcon.colcon_core.shell:Creating environment descriptor '/home/zork/ProjectHailMarry/install/cuas_msgs/share/cuas_msgs/hook/ros_package_path.dsv'
[3.986s] INFO:colcon.colcon_core.shell:Creating environment hook '/home/zork/ProjectHailMarry/install/cuas_msgs/share/cuas_msgs/hook/ros_package_path.sh'
[3.990s] Level 1:colcon.colcon_ros.task.catkin:checking '/home/zork/ProjectHailMarry/install/cuas_msgs/local/lib/python3.10/dist-packages'
[3.991s] Level 1:colcon.colcon_core.shell:create_environment_hook('cuas_msgs', 'catkin_pythonpath')
[3.992s] INFO:colcon.colcon_core.shell:Creating environment hook '/home/zork/ProjectHailMarry/install/cuas_msgs/share/cuas_msgs/hook/catkin_pythonpath.ps1'
[3.995s] INFO:colcon.colcon_core.shell:Creating environment descriptor '/home/zork/ProjectHailMarry/install/cuas_msgs/share/cuas_msgs/hook/catkin_pythonpath.dsv'
[3.995s] DEBUG:colcon.colcon_core.event_handler.log_command:Invoked command in '/home/zork/ProjectHailMarry/build/cuas_msgs' returned '0': /usr/bin/cmake --install /home/zork/ProjectHailMarry/build/cuas_msgs
[3.997s] INFO:colcon.colcon_core.shell:Creating environment hook '/home/zork/ProjectHailMarry/install/cuas_msgs/share/cuas_msgs/hook/catkin_pythonpath.sh'
[3.998s] Level 1:colcon.colcon_core.shell:create_environment_hook('cuas_msgs', 'pkg_config_path')
[3.999s] INFO:colcon.colcon_core.shell:Creating environment hook '/home/zork/ProjectHailMarry/install/cuas_msgs/share/cuas_msgs/hook/pkg_config_path.ps1'
[4.001s] INFO:colcon.colcon_core.shell:Creating environment descriptor '/home/zork/ProjectHailMarry/install/cuas_msgs/share/cuas_msgs/hook/pkg_config_path.dsv'
[4.002s] INFO:colcon.colcon_core.shell:Creating environment hook '/home/zork/ProjectHailMarry/install/cuas_msgs/share/cuas_msgs/hook/pkg_config_path.sh'
[4.009s] Level 1:colcon.colcon_core.shell:create_environment_hook('cuas_msgs', 'pkg_config_path_multiarch')
[4.010s] INFO:colcon.colcon_core.shell:Creating environment hook '/home/zork/ProjectHailMarry/install/cuas_msgs/share/cuas_msgs/hook/pkg_config_path_multiarch.ps1'
[4.012s] INFO:colcon.colcon_core.shell:Creating environment descriptor '/home/zork/ProjectHailMarry/install/cuas_msgs/share/cuas_msgs/hook/pkg_config_path_multiarch.dsv'
[4.012s] INFO:colcon.colcon_core.shell:Creating environment hook '/home/zork/ProjectHailMarry/install/cuas_msgs/share/cuas_msgs/hook/pkg_config_path_multiarch.sh'
[4.015s] Level 1:colcon.colcon_core.environment:create_environment_scripts_only(cuas_msgs)
[4.020s] Level 1:colcon.colcon_core.environment:checking '/home/zork/ProjectHailMarry/install/cuas_msgs' for CMake module files
[4.022s] Level 1:colcon.colcon_core.environment:checking '/home/zork/ProjectHailMarry/install/cuas_msgs' for CMake config files
[4.024s] Level 1:colcon.colcon_core.shell:create_environment_hook('cuas_msgs', 'cmake_prefix_path')
[4.025s] INFO:colcon.colcon_core.shell:Creating environment hook '/home/zork/ProjectHailMarry/install/cuas_msgs/share/cuas_msgs/hook/cmake_prefix_path.ps1'
[4.027s] INFO:colcon.colcon_core.shell:Creating environment descriptor '/home/zork/ProjectHailMarry/install/cuas_msgs/share/cuas_msgs/hook/cmake_prefix_path.dsv'
[4.028s] INFO:colcon.colcon_core.shell:Creating environment hook '/home/zork/ProjectHailMarry/install/cuas_msgs/share/cuas_msgs/hook/cmake_prefix_path.sh'
[4.030s] Level 1:colcon.colcon_core.environment:checking '/home/zork/ProjectHailMarry/install/cuas_msgs/lib'
[4.030s] Level 1:colcon.colcon_core.shell:create_environment_hook('cuas_msgs', 'ld_library_path_lib')
[4.031s] INFO:colcon.colcon_core.shell:Creating environment hook '/home/zork/ProjectHailMarry/install/cuas_msgs/share/cuas_msgs/hook/ld_library_path_lib.ps1'
[4.032s] INFO:colcon.colcon_core.shell:Creating environment descriptor '/home/zork/ProjectHailMarry/install/cuas_msgs/share/cuas_msgs/hook/ld_library_path_lib.dsv'
[4.033s] INFO:colcon.colcon_core.shell:Creating environment hook '/home/zork/ProjectHailMarry/install/cuas_msgs/share/cuas_msgs/hook/ld_library_path_lib.sh'
[4.035s] Level 1:colcon.colcon_core.environment:checking '/home/zork/ProjectHailMarry/install/cuas_msgs/bin'
[4.035s] Level 1:colcon.colcon_core.environment:checking '/home/zork/ProjectHailMarry/install/cuas_msgs/lib/pkgconfig/cuas_msgs.pc'
[4.036s] Level 1:colcon.colcon_core.environment:checking '/home/zork/ProjectHailMarry/install/cuas_msgs/lib/python3.10/site-packages'
[4.037s] Level 1:colcon.colcon_core.environment:checking '/home/zork/ProjectHailMarry/install/cuas_msgs/bin'
[4.038s] INFO:colcon.colcon_core.shell:Creating package script '/home/zork/ProjectHailMarry/install/cuas_msgs/share/cuas_msgs/package.ps1'
[4.042s] INFO:colcon.colcon_core.shell:Creating package descriptor '/home/zork/ProjectHailMarry/install/cuas_msgs/share/cuas_msgs/package.dsv'
[4.044s] INFO:colcon.colcon_core.shell:Creating package script '/home/zork/ProjectHailMarry/install/cuas_msgs/share/cuas_msgs/package.sh'
[4.046s] INFO:colcon.colcon_core.shell:Creating package script '/home/zork/ProjectHailMarry/install/cuas_msgs/share/cuas_msgs/package.bash'
[4.048s] INFO:colcon.colcon_core.shell:Creating package script '/home/zork/ProjectHailMarry/install/cuas_msgs/share/cuas_msgs/package.zsh'
[4.050s] Level 1:colcon.colcon_core.environment:create_file_with_runtime_dependencies(/home/zork/ProjectHailMarry/install/cuas_msgs/share/colcon-core/packages/cuas_msgs)
[4.051s] INFO:colcon.colcon_ros.task.catkin.build:Building ROS package in '/home/zork/ProjectHailMarry/src/cuas_fusion' with build type 'catkin'
[4.052s] INFO:colcon.colcon_cmake.task.cmake.build:Building CMake package in '/home/zork/ProjectHailMarry/src/cuas_fusion'
[4.052s] INFO:colcon.colcon_core.shell:Skip shell extension 'powershell' for command environment: Not usable outside of PowerShell
[4.053s] DEBUG:colcon.colcon_core.shell:Skip shell extension 'dsv' for command environment
[4.079s] DEBUG:colcon.colcon_core.event_handler.log_command:Invoking command in '/home/zork/ProjectHailMarry/build/cuas_fusion': CMAKE_PREFIX_PATH=/home/zork/ProjectHailMarry/install/cuas_msgs:/home/zork/ProjectHailMarry/install/cuas_fusion LD_LIBRARY_PATH=/home/zork/ProjectHailMarry/install/cuas_msgs/lib:/opt/ros/humble/opt/rviz_ogre_vendor/lib:/opt/ros/humble/lib/aarch64-linux-gnu:/opt/ros/humble/lib:/usr/local/cuda-12.6/lib64 PKG_CONFIG_PATH=/home/zork/ProjectHailMarry/install/cuas_msgs/lib/aarch64-linux-gnu/pkgconfig:/home/zork/ProjectHailMarry/install/cuas_msgs/lib/pkgconfig:/home/zork/ProjectHailMarry/install/cuas_fusion/lib/aarch64-linux-gnu/pkgconfig:/home/zork/ProjectHailMarry/install/cuas_fusion/lib/pkgconfig ROS_PACKAGE_PATH=/home/zork/ProjectHailMarry/install/cuas_msgs/share:/home/zork/ProjectHailMarry/install/cuas_fusion/share /usr/bin/cmake /home/zork/ProjectHailMarry/src/cuas_fusion -DCMAKE_INSTALL_PREFIX=install -DCATKIN_INSTALL_INTO_PREFIX_ROOT=0 -DCMAKE_INSTALL_PREFIX=/home/zork/ProjectHailMarry/install/cuas_fusion
[5.017s] DEBUG:colcon.colcon_core.event_handler.log_command:Invoked command in '/home/zork/ProjectHailMarry/build/cuas_fusion' returned '0': CMAKE_PREFIX_PATH=/home/zork/ProjectHailMarry/install/cuas_msgs:/home/zork/ProjectHailMarry/install/cuas_fusion LD_LIBRARY_PATH=/home/zork/ProjectHailMarry/install/cuas_msgs/lib:/opt/ros/humble/opt/rviz_ogre_vendor/lib:/opt/ros/humble/lib/aarch64-linux-gnu:/opt/ros/humble/lib:/usr/local/cuda-12.6/lib64 PKG_CONFIG_PATH=/home/zork/ProjectHailMarry/install/cuas_msgs/lib/aarch64-linux-gnu/pkgconfig:/home/zork/ProjectHailMarry/install/cuas_msgs/lib/pkgconfig:/home/zork/ProjectHailMarry/install/cuas_fusion/lib/aarch64-linux-gnu/pkgconfig:/home/zork/ProjectHailMarry/install/cuas_fusion/lib/pkgconfig ROS_PACKAGE_PATH=/home/zork/ProjectHailMarry/install/cuas_msgs/share:/home/zork/ProjectHailMarry/install/cuas_fusion/share /usr/bin/cmake /home/zork/ProjectHailMarry/src/cuas_fusion -DCMAKE_INSTALL_PREFIX=install -DCATKIN_INSTALL_INTO_PREFIX_ROOT=0 -DCMAKE_INSTALL_PREFIX=/home/zork/ProjectHailMarry/install/cuas_fusion
[5.019s] DEBUG:colcon.colcon_core.event_handler.log_command:Invoking command in '/home/zork/ProjectHailMarry/build/cuas_fusion': CMAKE_PREFIX_PATH=/home/zork/ProjectHailMarry/install/cuas_msgs:/home/zork/ProjectHailMarry/install/cuas_fusion LD_LIBRARY_PATH=/home/zork/ProjectHailMarry/install/cuas_msgs/lib:/opt/ros/humble/opt/rviz_ogre_vendor/lib:/opt/ros/humble/lib/aarch64-linux-gnu:/opt/ros/humble/lib:/usr/local/cuda-12.6/lib64 PKG_CONFIG_PATH=/home/zork/ProjectHailMarry/install/cuas_msgs/lib/aarch64-linux-gnu/pkgconfig:/home/zork/ProjectHailMarry/install/cuas_msgs/lib/pkgconfig:/home/zork/ProjectHailMarry/install/cuas_fusion/lib/aarch64-linux-gnu/pkgconfig:/home/zork/ProjectHailMarry/install/cuas_fusion/lib/pkgconfig ROS_PACKAGE_PATH=/home/zork/ProjectHailMarry/install/cuas_msgs/share:/home/zork/ProjectHailMarry/install/cuas_fusion/share /usr/bin/cmake --build /home/zork/ProjectHailMarry/build/cuas_fusion -- -j6 -l6
[5.178s] DEBUG:colcon.colcon_core.event_handler.log_command:Invoked command in '/home/zork/ProjectHailMarry/build/cuas_fusion' returned '0': CMAKE_PREFIX_PATH=/home/zork/ProjectHailMarry/install/cuas_msgs:/home/zork/ProjectHailMarry/install/cuas_fusion LD_LIBRARY_PATH=/home/zork/ProjectHailMarry/install/cuas_msgs/lib:/opt/ros/humble/opt/rviz_ogre_vendor/lib:/opt/ros/humble/lib/aarch64-linux-gnu:/opt/ros/humble/lib:/usr/local/cuda-12.6/lib64 PKG_CONFIG_PATH=/home/zork/ProjectHailMarry/install/cuas_msgs/lib/aarch64-linux-gnu/pkgconfig:/home/zork/ProjectHailMarry/install/cuas_msgs/lib/pkgconfig:/home/zork/ProjectHailMarry/install/cuas_fusion/lib/aarch64-linux-gnu/pkgconfig:/home/zork/ProjectHailMarry/install/cuas_fusion/lib/pkgconfig ROS_PACKAGE_PATH=/home/zork/ProjectHailMarry/install/cuas_msgs/share:/home/zork/ProjectHailMarry/install/cuas_fusion/share /usr/bin/cmake --build /home/zork/ProjectHailMarry/build/cuas_fusion -- -j6 -l6
[5.182s] DEBUG:colcon.colcon_core.event_handler.log_command:Invoking command in '/home/zork/ProjectHailMarry/build/cuas_fusion': CMAKE_PREFIX_PATH=/home/zork/ProjectHailMarry/install/cuas_msgs:/home/zork/ProjectHailMarry/install/cuas_fusion LD_LIBRARY_PATH=/home/zork/ProjectHailMarry/install/cuas_msgs/lib:/opt/ros/humble/opt/rviz_ogre_vendor/lib:/opt/ros/humble/lib/aarch64-linux-gnu:/opt/ros/humble/lib:/usr/local/cuda-12.6/lib64 PKG_CONFIG_PATH=/home/zork/ProjectHailMarry/install/cuas_msgs/lib/aarch64-linux-gnu/pkgconfig:/home/zork/ProjectHailMarry/install/cuas_msgs/lib/pkgconfig:/home/zork/ProjectHailMarry/install/cuas_fusion/lib/aarch64-linux-gnu/pkgconfig:/home/zork/ProjectHailMarry/install/cuas_fusion/lib/pkgconfig ROS_PACKAGE_PATH=/home/zork/ProjectHailMarry/install/cuas_msgs/share:/home/zork/ProjectHailMarry/install/cuas_fusion/share /usr/bin/cmake --install /home/zork/ProjectHailMarry/build/cuas_fusion
[5.212s] DEBUG:colcon.colcon_core.event_handler.log_command:Invoked command in '/home/zork/ProjectHailMarry/build/cuas_fusion' returned '0': CMAKE_PREFIX_PATH=/home/zork/ProjectHailMarry/install/cuas_msgs:/home/zork/ProjectHailMarry/install/cuas_fusion LD_LIBRARY_PATH=/home/zork/ProjectHailMarry/install/cuas_msgs/lib:/opt/ros/humble/opt/rviz_ogre_vendor/lib:/opt/ros/humble/lib/aarch64-linux-gnu:/opt/ros/humble/lib:/usr/local/cuda-12.6/lib64 PKG_CONFIG_PATH=/home/zork/ProjectHailMarry/install/cuas_msgs/lib/aarch64-linux-gnu/pkgconfig:/home/zork/ProjectHailMarry/install/cuas_msgs/lib/pkgconfig:/home/zork/ProjectHailMarry/install/cuas_fusion/lib/aarch64-linux-gnu/pkgconfig:/home/zork/ProjectHailMarry/install/cuas_fusion/lib/pkgconfig ROS_PACKAGE_PATH=/home/zork/ProjectHailMarry/install/cuas_msgs/share:/home/zork/ProjectHailMarry/install/cuas_fusion/share /usr/bin/cmake --install /home/zork/ProjectHailMarry/build/cuas_fusion
[5.213s] Level 1:colcon.colcon_core.shell:create_environment_hook('cuas_fusion', 'ros_package_path')
[5.214s] INFO:colcon.colcon_core.shell:Creating environment hook '/home/zork/ProjectHailMarry/install/cuas_fusion/share/cuas_fusion/hook/ros_package_path.ps1'
[5.216s] INFO:colcon.colcon_core.shell:Creating environment descriptor '/home/zork/ProjectHailMarry/install/cuas_fusion/share/cuas_fusion/hook/ros_package_path.dsv'
[5.218s] INFO:colcon.colcon_core.shell:Creating environment hook '/home/zork/ProjectHailMarry/install/cuas_fusion/share/cuas_fusion/hook/ros_package_path.sh'
[5.220s] Level 1:colcon.colcon_core.shell:create_environment_hook('cuas_fusion', 'pkg_config_path')
[5.221s] INFO:colcon.colcon_core.shell:Creating environment hook '/home/zork/ProjectHailMarry/install/cuas_fusion/share/cuas_fusion/hook/pkg_config_path.ps1'
[5.222s] INFO:colcon.colcon_core.shell:Creating environment descriptor '/home/zork/ProjectHailMarry/install/cuas_fusion/share/cuas_fusion/hook/pkg_config_path.dsv'
[5.224s] INFO:colcon.colcon_core.shell:Creating environment hook '/home/zork/ProjectHailMarry/install/cuas_fusion/share/cuas_fusion/hook/pkg_config_path.sh'
[5.225s] Level 1:colcon.colcon_core.shell:create_environment_hook('cuas_fusion', 'pkg_config_path_multiarch')
[5.226s] INFO:colcon.colcon_core.shell:Creating environment hook '/home/zork/ProjectHailMarry/install/cuas_fusion/share/cuas_fusion/hook/pkg_config_path_multiarch.ps1'
[5.227s] INFO:colcon.colcon_core.shell:Creating environment descriptor '/home/zork/ProjectHailMarry/install/cuas_fusion/share/cuas_fusion/hook/pkg_config_path_multiarch.dsv'
[5.229s] INFO:colcon.colcon_core.shell:Creating environment hook '/home/zork/ProjectHailMarry/install/cuas_fusion/share/cuas_fusion/hook/pkg_config_path_multiarch.sh'
[5.231s] Level 1:colcon.colcon_core.environment:create_environment_scripts_only(cuas_fusion)
[5.232s] Level 1:colcon.colcon_core.environment:checking '/home/zork/ProjectHailMarry/install/cuas_fusion' for CMake module files
[5.234s] Level 1:colcon.colcon_core.environment:checking '/home/zork/ProjectHailMarry/install/cuas_fusion' for CMake config files
[5.235s] Level 1:colcon.colcon_core.shell:create_environment_hook('cuas_fusion', 'cmake_prefix_path')
[5.236s] INFO:colcon.colcon_core.shell:Creating environment hook '/home/zork/ProjectHailMarry/install/cuas_fusion/share/cuas_fusion/hook/cmake_prefix_path.ps1'
[5.237s] INFO:colcon.colcon_core.shell:Creating environment descriptor '/home/zork/ProjectHailMarry/install/cuas_fusion/share/cuas_fusion/hook/cmake_prefix_path.dsv'
[5.238s] INFO:colcon.colcon_core.shell:Creating environment hook '/home/zork/ProjectHailMarry/install/cuas_fusion/share/cuas_fusion/hook/cmake_prefix_path.sh'
[5.241s] Level 1:colcon.colcon_core.environment:checking '/home/zork/ProjectHailMarry/install/cuas_fusion/lib'
[5.241s] Level 1:colcon.colcon_core.environment:checking '/home/zork/ProjectHailMarry/install/cuas_fusion/bin'
[5.241s] Level 1:colcon.colcon_core.environment:checking '/home/zork/ProjectHailMarry/install/cuas_fusion/lib/pkgconfig/cuas_fusion.pc'
[5.242s] Level 1:colcon.colcon_core.environment:checking '/home/zork/ProjectHailMarry/install/cuas_fusion/lib/python3.10/site-packages'
[5.243s] Level 1:colcon.colcon_core.environment:checking '/home/zork/ProjectHailMarry/install/cuas_fusion/bin'
[5.245s] INFO:colcon.colcon_core.shell:Creating package script '/home/zork/ProjectHailMarry/install/cuas_fusion/share/cuas_fusion/package.ps1'
[5.248s] INFO:colcon.colcon_core.shell:Creating package descriptor '/home/zork/ProjectHailMarry/install/cuas_fusion/share/cuas_fusion/package.dsv'
[5.250s] INFO:colcon.colcon_core.shell:Creating package script '/home/zork/ProjectHailMarry/install/cuas_fusion/share/cuas_fusion/package.sh'
[5.252s] INFO:colcon.colcon_core.shell:Creating package script '/home/zork/ProjectHailMarry/install/cuas_fusion/share/cuas_fusion/package.bash'
[5.253s] INFO:colcon.colcon_core.shell:Creating package script '/home/zork/ProjectHailMarry/install/cuas_fusion/share/cuas_fusion/package.zsh'
[5.255s] Level 1:colcon.colcon_core.environment:create_file_with_runtime_dependencies(/home/zork/ProjectHailMarry/install/cuas_fusion/share/colcon-core/packages/cuas_fusion)
[5.256s] DEBUG:colcon.colcon_parallel_executor.executor.parallel:closing loop
[5.257s] DEBUG:colcon.colcon_parallel_executor.executor.parallel:loop closed
[5.257s] DEBUG:colcon.colcon_parallel_executor.executor.parallel:run_until_complete finished with '0'
[5.258s] DEBUG:colcon.colcon_core.event_reactor:joining thread
[5.259s] DEBUG:colcon.colcon_core.event_reactor:joined thread
[5.260s] INFO:colcon.colcon_core.shell:Creating prefix script '/home/zork/ProjectHailMarry/install/local_setup.ps1'
[5.265s] INFO:colcon.colcon_core.shell:Creating prefix util module '/home/zork/ProjectHailMarry/install/_local_setup_util_ps1.py'
[5.271s] INFO:colcon.colcon_core.shell:Creating prefix chain script '/home/zork/ProjectHailMarry/install/setup.ps1'
[5.276s] INFO:colcon.colcon_core.shell:Creating prefix script '/home/zork/ProjectHailMarry/install/local_setup.sh'
[5.278s] INFO:colcon.colcon_core.shell:Creating prefix util module '/home/zork/ProjectHailMarry/install/_local_setup_util_sh.py'
[5.280s] INFO:colcon.colcon_core.shell:Creating prefix chain script '/home/zork/ProjectHailMarry/install/setup.sh'
[5.284s] INFO:colcon.colcon_core.shell:Creating prefix script '/home/zork/ProjectHailMarry/install/local_setup.bash'
[5.286s] INFO:colcon.colcon_core.shell:Creating prefix chain script '/home/zork/ProjectHailMarry/install/setup.bash'
[5.289s] INFO:colcon.colcon_core.shell:Creating prefix script '/home/zork/ProjectHailMarry/install/local_setup.zsh'
[5.291s] INFO:colcon.colcon_core.shell:Creating prefix chain script '/home/zork/ProjectHailMarry/install/setup.zsh'
