-- Found ament_cmake: 1.3.14 (/opt/ros/humble/share/ament_cmake/cmake)
-- Found rclcpp: 16.0.19 (/opt/ros/humble/share/rclcpp/cmake)
-- Found rosidl_generator_c: 3.1.8 (/opt/ros/humble/share/rosidl_generator_c/cmake)
-- Found rosidl_adapter: 3.1.8 (/opt/ros/humble/share/rosidl_adapter/cmake)
-- Found rosidl_generator_cpp: 3.1.8 (/opt/ros/humble/share/rosidl_generator_cpp/cmake)
-- Using all available rosidl_typesupport_c: rosidl_typesupport_fastrtps_c;rosidl_typesupport_introspection_c
-- Using all available rosidl_typesupport_cpp: rosidl_typesupport_fastrtps_cpp;rosidl_typesupport_introspection_cpp
-- Found rmw_implementation_cmake: 6.1.2 (/opt/ros/humble/share/rmw_implementation_cmake/cmake)
-- Found rmw_fastrtps_cpp: 6.2.10 (/opt/ros/humble/share/rmw_fastrtps_cpp/cmake)
-- Using RMW implementation 'rmw_fastrtps_cpp' as default
-- Found sensor_msgs: 4.9.1 (/opt/ros/humble/share/sensor_msgs/cmake)
-- Found cuas_msgs: 0.1.0 (/home/zork/ProjectHailMarry/install/cuas_msgs/share/cuas_msgs/cmake)
-- Configuring done
-- Generating done
-- Build files have been written to: /home/zork/ProjectHailMarry/build/cuas_fusion
Consolidate compiler generated dependencies of target radar_parser_node
[100%] Built target radar_parser_node
-- Install configuration: ""
-- Up-to-date: /home/zork/ProjectHailMarry/install/cuas_fusion/lib/cuas_fusion/radar_parser_node
-- Up-to-date: /home/zork/ProjectHailMarry/install/cuas_fusion/share/cuas_fusion/config
-- Up-to-date: /home/zork/ProjectHailMarry/install/cuas_fusion/share/cuas_fusion/config/system_params.yaml
-- Up-to-date: /home/zork/ProjectHailMarry/install/cuas_fusion/share/cuas_fusion/config/camera_calibration.yaml
-- Up-to-date: /home/zork/ProjectHailMarry/install/cuas_fusion/share/cuas_fusion/config/radar_profile.cfg
-- Up-to-date: /home/zork/ProjectHailMarry/install/cuas_fusion/share/cuas_fusion/launch
-- Up-to-date: /home/zork/ProjectHailMarry/install/cuas_fusion/share/cuas_fusion/launch/full_system.launch.py
-- Up-to-date: /home/zork/ProjectHailMarry/install/cuas_fusion/share/cuas_fusion/launch/radar_only.launch.py
-- Up-to-date: /home/zork/ProjectHailMarry/install/cuas_fusion/share/cuas_fusion/launch/replay.launch.py
-- Up-to-date: /home/zork/ProjectHailMarry/install/cuas_fusion/share/ament_index/resource_index/package_run_dependencies/cuas_fusion
-- Up-to-date: /home/zork/ProjectHailMarry/install/cuas_fusion/share/ament_index/resource_index/parent_prefix_path/cuas_fusion
-- Up-to-date: /home/zork/ProjectHailMarry/install/cuas_fusion/share/cuas_fusion/environment/ament_prefix_path.sh
-- Installing: /home/zork/ProjectHailMarry/install/cuas_fusion/share/cuas_fusion/environment/ament_prefix_path.dsv
-- Up-to-date: /home/zork/ProjectHailMarry/install/cuas_fusion/share/cuas_fusion/environment/path.sh
-- Installing: /home/zork/ProjectHailMarry/install/cuas_fusion/share/cuas_fusion/environment/path.dsv
-- Up-to-date: /home/zork/ProjectHailMarry/install/cuas_fusion/share/cuas_fusion/local_setup.bash
-- Up-to-date: /home/zork/ProjectHailMarry/install/cuas_fusion/share/cuas_fusion/local_setup.sh
-- Up-to-date: /home/zork/ProjectHailMarry/install/cuas_fusion/share/cuas_fusion/local_setup.zsh
-- Installing: /home/zork/ProjectHailMarry/install/cuas_fusion/share/cuas_fusion/local_setup.dsv
-- Installing: /home/zork/ProjectHailMarry/install/cuas_fusion/share/cuas_fusion/package.dsv
-- Up-to-date: /home/zork/ProjectHailMarry/install/cuas_fusion/share/ament_index/resource_index/packages/cuas_fusion
-- Up-to-date: /home/zork/ProjectHailMarry/install/cuas_fusion/share/cuas_fusion/cmake/cuas_fusionConfig.cmake
-- Up-to-date: /home/zork/ProjectHailMarry/install/cuas_fusion/share/cuas_fusion/cmake/cuas_fusionConfig-version.cmake
-- Up-to-date: /home/zork/ProjectHailMarry/install/cuas_fusion/share/cuas_fusion/package.xml
