[0.024s] Invoking command in '/home/zork/ProjectHailMarry/build/cuas_fusion': CMAKE_PREFIX_PATH=/home/zork/ProjectHailMarry/install/cuas_msgs:/home/zork/ProjectHailMarry/install/cuas_fusion LD_LIBRARY_PATH=/home/zork/ProjectHailMarry/install/cuas_msgs/lib:/opt/ros/humble/opt/rviz_ogre_vendor/lib:/opt/ros/humble/lib/aarch64-linux-gnu:/opt/ros/humble/lib:/usr/local/cuda-12.6/lib64 PKG_CONFIG_PATH=/home/zork/ProjectHailMarry/install/cuas_msgs/lib/aarch64-linux-gnu/pkgconfig:/home/zork/ProjectHailMarry/install/cuas_msgs/lib/pkgconfig:/home/zork/ProjectHailMarry/install/cuas_fusion/lib/aarch64-linux-gnu/pkgconfig:/home/zork/ProjectHailMarry/install/cuas_fusion/lib/pkgconfig ROS_PACKAGE_PATH=/home/zork/ProjectHailMarry/install/cuas_msgs/share:/home/zork/ProjectHailMarry/install/cuas_fusion/share /usr/bin/cmake /home/zork/ProjectHailMarry/src/cuas_fusion -DCMAKE_INSTALL_PREFIX=install -DCATKIN_INSTALL_INTO_PREFIX_ROOT=0 -DCMAKE_INSTALL_PREFIX=/home/zork/ProjectHailMarry/install/cuas_fusion
[0.053s] -- Found ament_cmake: 1.3.14 (/opt/ros/humble/share/ament_cmake/cmake)
[0.316s] -- Found rclcpp: 16.0.19 (/opt/ros/humble/share/rclcpp/cmake)
[0.382s] -- Found rosidl_generator_c: 3.1.8 (/opt/ros/humble/share/rosidl_generator_c/cmake)
[0.386s] -- Found rosidl_adapter: 3.1.8 (/opt/ros/humble/share/rosidl_adapter/cmake)
[0.396s] -- Found rosidl_generator_cpp: 3.1.8 (/opt/ros/humble/share/rosidl_generator_cpp/cmake)
[0.412s] -- Using all available rosidl_typesupport_c: rosidl_typesupport_fastrtps_c;rosidl_typesupport_introspection_c
[0.432s] -- Using all available rosidl_typesupport_cpp: rosidl_typesupport_fastrtps_cpp;rosidl_typesupport_introspection_cpp
[0.486s] -- Found rmw_implementation_cmake: 6.1.2 (/opt/ros/humble/share/rmw_implementation_cmake/cmake)
[0.488s] -- Found rmw_fastrtps_cpp: 6.2.10 (/opt/ros/humble/share/rmw_fastrtps_cpp/cmake)
[0.655s] -- Using RMW implementation 'rmw_fastrtps_cpp' as default
[0.738s] -- Found sensor_msgs: 4.9.1 (/opt/ros/humble/share/sensor_msgs/cmake)
[0.784s] -- Found cuas_msgs: 0.1.0 (/home/zork/ProjectHailMarry/install/cuas_msgs/share/cuas_msgs/cmake)
[0.918s] -- Configuring done
[0.937s] -- Generating done
[0.944s] -- Build files have been written to: /home/zork/ProjectHailMarry/build/cuas_fusion
[0.962s] Invoked command in '/home/zork/ProjectHailMarry/build/cuas_fusion' returned '0': CMAKE_PREFIX_PATH=/home/zork/ProjectHailMarry/install/cuas_msgs:/home/zork/ProjectHailMarry/install/cuas_fusion LD_LIBRARY_PATH=/home/zork/ProjectHailMarry/install/cuas_msgs/lib:/opt/ros/humble/opt/rviz_ogre_vendor/lib:/opt/ros/humble/lib/aarch64-linux-gnu:/opt/ros/humble/lib:/usr/local/cuda-12.6/lib64 PKG_CONFIG_PATH=/home/zork/ProjectHailMarry/install/cuas_msgs/lib/aarch64-linux-gnu/pkgconfig:/home/zork/ProjectHailMarry/install/cuas_msgs/lib/pkgconfig:/home/zork/ProjectHailMarry/install/cuas_fusion/lib/aarch64-linux-gnu/pkgconfig:/home/zork/ProjectHailMarry/install/cuas_fusion/lib/pkgconfig ROS_PACKAGE_PATH=/home/zork/ProjectHailMarry/install/cuas_msgs/share:/home/zork/ProjectHailMarry/install/cuas_fusion/share /usr/bin/cmake /home/zork/ProjectHailMarry/src/cuas_fusion -DCMAKE_INSTALL_PREFIX=install -DCATKIN_INSTALL_INTO_PREFIX_ROOT=0 -DCMAKE_INSTALL_PREFIX=/home/zork/ProjectHailMarry/install/cuas_fusion
[0.964s] Invoking command in '/home/zork/ProjectHailMarry/build/cuas_fusion': CMAKE_PREFIX_PATH=/home/zork/ProjectHailMarry/install/cuas_msgs:/home/zork/ProjectHailMarry/install/cuas_fusion LD_LIBRARY_PATH=/home/zork/ProjectHailMarry/install/cuas_msgs/lib:/opt/ros/humble/opt/rviz_ogre_vendor/lib:/opt/ros/humble/lib/aarch64-linux-gnu:/opt/ros/humble/lib:/usr/local/cuda-12.6/lib64 PKG_CONFIG_PATH=/home/zork/ProjectHailMarry/install/cuas_msgs/lib/aarch64-linux-gnu/pkgconfig:/home/zork/ProjectHailMarry/install/cuas_msgs/lib/pkgconfig:/home/zork/ProjectHailMarry/install/cuas_fusion/lib/aarch64-linux-gnu/pkgconfig:/home/zork/ProjectHailMarry/install/cuas_fusion/lib/pkgconfig ROS_PACKAGE_PATH=/home/zork/ProjectHailMarry/install/cuas_msgs/share:/home/zork/ProjectHailMarry/install/cuas_fusion/share /usr/bin/cmake --build /home/zork/ProjectHailMarry/build/cuas_fusion -- -j6 -l6
[1.063s] Consolidate compiler generated dependencies of target radar_parser_node
[1.095s] [100%] Built target radar_parser_node
[1.123s] Invoked command in '/home/zork/ProjectHailMarry/build/cuas_fusion' returned '0': CMAKE_PREFIX_PATH=/home/zork/ProjectHailMarry/install/cuas_msgs:/home/zork/ProjectHailMarry/install/cuas_fusion LD_LIBRARY_PATH=/home/zork/ProjectHailMarry/install/cuas_msgs/lib:/opt/ros/humble/opt/rviz_ogre_vendor/lib:/opt/ros/humble/lib/aarch64-linux-gnu:/opt/ros/humble/lib:/usr/local/cuda-12.6/lib64 PKG_CONFIG_PATH=/home/zork/ProjectHailMarry/install/cuas_msgs/lib/aarch64-linux-gnu/pkgconfig:/home/zork/ProjectHailMarry/install/cuas_msgs/lib/pkgconfig:/home/zork/ProjectHailMarry/install/cuas_fusion/lib/aarch64-linux-gnu/pkgconfig:/home/zork/ProjectHailMarry/install/cuas_fusion/lib/pkgconfig ROS_PACKAGE_PATH=/home/zork/ProjectHailMarry/install/cuas_msgs/share:/home/zork/ProjectHailMarry/install/cuas_fusion/share /usr/bin/cmake --build /home/zork/ProjectHailMarry/build/cuas_fusion -- -j6 -l6
[1.127s] Invoking command in '/home/zork/ProjectHailMarry/build/cuas_fusion': CMAKE_PREFIX_PATH=/home/zork/ProjectHailMarry/install/cuas_msgs:/home/zork/ProjectHailMarry/install/cuas_fusion LD_LIBRARY_PATH=/home/zork/ProjectHailMarry/install/cuas_msgs/lib:/opt/ros/humble/opt/rviz_ogre_vendor/lib:/opt/ros/humble/lib/aarch64-linux-gnu:/opt/ros/humble/lib:/usr/local/cuda-12.6/lib64 PKG_CONFIG_PATH=/home/zork/ProjectHailMarry/install/cuas_msgs/lib/aarch64-linux-gnu/pkgconfig:/home/zork/ProjectHailMarry/install/cuas_msgs/lib/pkgconfig:/home/zork/ProjectHailMarry/install/cuas_fusion/lib/aarch64-linux-gnu/pkgconfig:/home/zork/ProjectHailMarry/install/cuas_fusion/lib/pkgconfig ROS_PACKAGE_PATH=/home/zork/ProjectHailMarry/install/cuas_msgs/share:/home/zork/ProjectHailMarry/install/cuas_fusion/share /usr/bin/cmake --install /home/zork/ProjectHailMarry/build/cuas_fusion
[1.150s] -- Install configuration: ""
[1.151s] -- Up-to-date: /home/zork/ProjectHailMarry/install/cuas_fusion/lib/cuas_fusion/radar_parser_node
[1.151s] -- Up-to-date: /home/zork/ProjectHailMarry/install/cuas_fusion/share/cuas_fusion/config
[1.151s] -- Up-to-date: /home/zork/ProjectHailMarry/install/cuas_fusion/share/cuas_fusion/config/system_params.yaml
[1.151s] -- Up-to-date: /home/zork/ProjectHailMarry/install/cuas_fusion/share/cuas_fusion/config/camera_calibration.yaml
[1.152s] -- Up-to-date: /home/zork/ProjectHailMarry/install/cuas_fusion/share/cuas_fusion/config/radar_profile.cfg
[1.152s] -- Up-to-date: /home/zork/ProjectHailMarry/install/cuas_fusion/share/cuas_fusion/launch
[1.152s] -- Up-to-date: /home/zork/ProjectHailMarry/install/cuas_fusion/share/cuas_fusion/launch/full_system.launch.py
[1.152s] -- Up-to-date: /home/zork/ProjectHailMarry/install/cuas_fusion/share/cuas_fusion/launch/radar_only.launch.py
[1.153s] -- Up-to-date: /home/zork/ProjectHailMarry/install/cuas_fusion/share/cuas_fusion/launch/replay.launch.py
[1.153s] -- Up-to-date: /home/zork/ProjectHailMarry/install/cuas_fusion/share/ament_index/resource_index/package_run_dependencies/cuas_fusion
[1.153s] -- Up-to-date: /home/zork/ProjectHailMarry/install/cuas_fusion/share/ament_index/resource_index/parent_prefix_path/cuas_fusion
[1.153s] -- Up-to-date: /home/zork/ProjectHailMarry/install/cuas_fusion/share/cuas_fusion/environment/ament_prefix_path.sh
[1.153s] -- Installing: /home/zork/ProjectHailMarry/install/cuas_fusion/share/cuas_fusion/environment/ament_prefix_path.dsv
[1.154s] -- Up-to-date: /home/zork/ProjectHailMarry/install/cuas_fusion/share/cuas_fusion/environment/path.sh
[1.154s] -- Installing: /home/zork/ProjectHailMarry/install/cuas_fusion/share/cuas_fusion/environment/path.dsv
[1.154s] -- Up-to-date: /home/zork/ProjectHailMarry/install/cuas_fusion/share/cuas_fusion/local_setup.bash
[1.154s] -- Up-to-date: /home/zork/ProjectHailMarry/install/cuas_fusion/share/cuas_fusion/local_setup.sh
[1.154s] -- Up-to-date: /home/zork/ProjectHailMarry/install/cuas_fusion/share/cuas_fusion/local_setup.zsh
[1.154s] -- Installing: /home/zork/ProjectHailMarry/install/cuas_fusion/share/cuas_fusion/local_setup.dsv
[1.154s] -- Installing: /home/zork/ProjectHailMarry/install/cuas_fusion/share/cuas_fusion/package.dsv
[1.154s] -- Up-to-date: /home/zork/ProjectHailMarry/install/cuas_fusion/share/ament_index/resource_index/packages/cuas_fusion
[1.155s] -- Up-to-date: /home/zork/ProjectHailMarry/install/cuas_fusion/share/cuas_fusion/cmake/cuas_fusionConfig.cmake
[1.155s] -- Up-to-date: /home/zork/ProjectHailMarry/install/cuas_fusion/share/cuas_fusion/cmake/cuas_fusionConfig-version.cmake
[1.155s] -- Up-to-date: /home/zork/ProjectHailMarry/install/cuas_fusion/share/cuas_fusion/package.xml
[1.157s] Invoked command in '/home/zork/ProjectHailMarry/build/cuas_fusion' returned '0': CMAKE_PREFIX_PATH=/home/zork/ProjectHailMarry/install/cuas_msgs:/home/zork/ProjectHailMarry/install/cuas_fusion LD_LIBRARY_PATH=/home/zork/ProjectHailMarry/install/cuas_msgs/lib:/opt/ros/humble/opt/rviz_ogre_vendor/lib:/opt/ros/humble/lib/aarch64-linux-gnu:/opt/ros/humble/lib:/usr/local/cuda-12.6/lib64 PKG_CONFIG_PATH=/home/zork/ProjectHailMarry/install/cuas_msgs/lib/aarch64-linux-gnu/pkgconfig:/home/zork/ProjectHailMarry/install/cuas_msgs/lib/pkgconfig:/home/zork/ProjectHailMarry/install/cuas_fusion/lib/aarch64-linux-gnu/pkgconfig:/home/zork/ProjectHailMarry/install/cuas_fusion/lib/pkgconfig ROS_PACKAGE_PATH=/home/zork/ProjectHailMarry/install/cuas_msgs/share:/home/zork/ProjectHailMarry/install/cuas_fusion/share /usr/bin/cmake --install /home/zork/ProjectHailMarry/build/cuas_fusion
