[0.022s] Invoking command in '/home/zork/ProjectHailMarry/build/cuas_fusion': /usr/bin/cmake /home/zork/ProjectHailMarry/src/cuas_fusion -DCMAKE_INSTALL_PREFIX=/home/zork/ProjectHailMarry/install/cuas_fusion
[0.052s] CMake Warning (dev) in CMakeLists.txt:
[0.052s]   No project() command is present.  The top-level CMakeLists.txt file must
[0.052s]   contain a literal, direct call to the project() command.  Add a line of
[0.052s]   code such as
[0.052s] 
[0.052s]     project(ProjectName)
[0.052s] 
[0.053s]   near the top of the file, but after cmake_minimum_required().
[0.053s] 
[0.053s]   CMake is pretending there is a "project(Project)" command on the first
[0.053s]   line.
[0.053s] This warning is for project developers.  Use -Wno-dev to suppress it.
[0.053s] 
[0.539s] -- The C compiler identification is GNU 11.4.0
[0.979s] -- The CXX compiler identification is GNU 11.4.0
[1.008s] -- Detecting C compiler ABI info
[1.164s] -- Detecting C compiler ABI info - done
[1.190s] -- Check for working C compiler: /usr/bin/cc - skipped
[1.191s] -- Detecting C compile features
[1.192s] -- Detecting C compile features - done
[1.205s] -- Detecting CXX compiler ABI info
[1.372s] -- Detecting CXX compiler ABI info - done
[1.397s] -- Check for working CXX compiler: /usr/bin/c++ - skipped
[1.397s] -- Detecting CXX compile features
[1.399s] -- Detecting CXX compile features - done
[1.403s] -- Configuring done
[1.409s] -- Generating done
[1.413s] -- Build files have been written to: /home/zork/ProjectHailMarry/build/cuas_fusion
[1.435s] Invoked command in '/home/zork/ProjectHailMarry/build/cuas_fusion' returned '0': /usr/bin/cmake /home/zork/ProjectHailMarry/src/cuas_fusion -DCMAKE_INSTALL_PREFIX=/home/zork/ProjectHailMarry/install/cuas_fusion
[1.441s] Invoking command in '/home/zork/ProjectHailMarry/build/cuas_fusion': /usr/bin/cmake --build /home/zork/ProjectHailMarry/build/cuas_fusion -- -j6 -l6
[1.519s] Invoked command in '/home/zork/ProjectHailMarry/build/cuas_fusion' returned '0': /usr/bin/cmake --build /home/zork/ProjectHailMarry/build/cuas_fusion -- -j6 -l6
