Consolidate compiler generated dependencies of target radar_parser_node
[100%] Built target radar_parser_node
-- Install configuration: ""
-- Up-to-date: /home/zork/ProjectHailMarry/install/cuas_fusion/lib/cuas_fusion/radar_parser_node
-- Up-to-date: /home/zork/ProjectHailMarry/install/cuas_fusion/share/cuas_fusion/config
-- Up-to-date: /home/zork/ProjectHailMarry/install/cuas_fusion/share/cuas_fusion/config/system_params.yaml
-- Up-to-date: /home/zork/ProjectHailMarry/install/cuas_fusion/share/cuas_fusion/config/camera_calibration.yaml
-- Up-to-date: /home/zork/ProjectHailMarry/install/cuas_fusion/share/cuas_fusion/config/radar_profile.cfg
-- Up-to-date: /home/zork/ProjectHailMarry/install/cuas_fusion/share/cuas_fusion/launch
-- Up-to-date: /home/zork/ProjectHailMarry/install/cuas_fusion/share/cuas_fusion/launch/full_system.launch.py
-- Up-to-date: /home/zork/ProjectHailMarry/install/cuas_fusion/share/cuas_fusion/launch/radar_only.launch.py
-- Up-to-date: /home/zork/ProjectHailMarry/install/cuas_fusion/share/cuas_fusion/launch/replay.launch.py
-- Up-to-date: /home/zork/ProjectHailMarry/install/cuas_fusion/share/ament_index/resource_index/package_run_dependencies/cuas_fusion
-- Up-to-date: /home/zork/ProjectHailMarry/install/cuas_fusion/share/ament_index/resource_index/parent_prefix_path/cuas_fusion
-- Up-to-date: /home/zork/ProjectHailMarry/install/cuas_fusion/share/cuas_fusion/environment/ament_prefix_path.sh
-- Up-to-date: /home/zork/ProjectHailMarry/install/cuas_fusion/share/cuas_fusion/environment/ament_prefix_path.dsv
-- Up-to-date: /home/zork/ProjectHailMarry/install/cuas_fusion/share/cuas_fusion/environment/path.sh
-- Up-to-date: /home/zork/ProjectHailMarry/install/cuas_fusion/share/cuas_fusion/environment/path.dsv
-- Up-to-date: /home/zork/ProjectHailMarry/install/cuas_fusion/share/cuas_fusion/local_setup.bash
-- Up-to-date: /home/zork/ProjectHailMarry/install/cuas_fusion/share/cuas_fusion/local_setup.sh
-- Up-to-date: /home/zork/ProjectHailMarry/install/cuas_fusion/share/cuas_fusion/local_setup.zsh
-- Up-to-date: /home/zork/ProjectHailMarry/install/cuas_fusion/share/cuas_fusion/local_setup.dsv
-- Installing: /home/zork/ProjectHailMarry/install/cuas_fusion/share/cuas_fusion/package.dsv
-- Up-to-date: /home/zork/ProjectHailMarry/install/cuas_fusion/share/ament_index/resource_index/packages/cuas_fusion
-- Up-to-date: /home/zork/ProjectHailMarry/install/cuas_fusion/share/cuas_fusion/cmake/cuas_fusionConfig.cmake
-- Up-to-date: /home/zork/ProjectHailMarry/install/cuas_fusion/share/cuas_fusion/cmake/cuas_fusionConfig-version.cmake
-- Up-to-date: /home/zork/ProjectHailMarry/install/cuas_fusion/share/cuas_fusion/package.xml
