[0.020s] Invoking command in '/home/zork/ProjectHailMarry/build/cuas_fusion': CMAKE_PREFIX_PATH=/home/zork/ProjectHailMarry/install/cuas_msgs:/home/zork/ProjectHailMarry/install/cuas_fusion LD_LIBRARY_PATH=/home/zork/ProjectHailMarry/install/cuas_msgs/lib:/opt/ros/humble/opt/rviz_ogre_vendor/lib:/opt/ros/humble/lib/aarch64-linux-gnu:/opt/ros/humble/lib:/usr/local/cuda-12.6/lib64 PKG_CONFIG_PATH=/home/zork/ProjectHailMarry/install/cuas_msgs/lib/aarch64-linux-gnu/pkgconfig:/home/zork/ProjectHailMarry/install/cuas_msgs/lib/pkgconfig:/home/zork/ProjectHailMarry/install/cuas_fusion/lib/aarch64-linux-gnu/pkgconfig:/home/zork/ProjectHailMarry/install/cuas_fusion/lib/pkgconfig ROS_PACKAGE_PATH=/home/zork/ProjectHailMarry/install/cuas_msgs/share:/home/zork/ProjectHailMarry/install/cuas_fusion/share /usr/bin/cmake --build /home/zork/ProjectHailMarry/build/cuas_fusion -- -j6 -l6
[0.101s] Consolidate compiler generated dependencies of target radar_parser_node
[0.134s] [100%] Built target radar_parser_node
[0.156s] Invoked command in '/home/zork/ProjectHailMarry/build/cuas_fusion' returned '0': CMAKE_PREFIX_PATH=/home/zork/ProjectHailMarry/install/cuas_msgs:/home/zork/ProjectHailMarry/install/cuas_fusion LD_LIBRARY_PATH=/home/zork/ProjectHailMarry/install/cuas_msgs/lib:/opt/ros/humble/opt/rviz_ogre_vendor/lib:/opt/ros/humble/lib/aarch64-linux-gnu:/opt/ros/humble/lib:/usr/local/cuda-12.6/lib64 PKG_CONFIG_PATH=/home/zork/ProjectHailMarry/install/cuas_msgs/lib/aarch64-linux-gnu/pkgconfig:/home/zork/ProjectHailMarry/install/cuas_msgs/lib/pkgconfig:/home/zork/ProjectHailMarry/install/cuas_fusion/lib/aarch64-linux-gnu/pkgconfig:/home/zork/ProjectHailMarry/install/cuas_fusion/lib/pkgconfig ROS_PACKAGE_PATH=/home/zork/ProjectHailMarry/install/cuas_msgs/share:/home/zork/ProjectHailMarry/install/cuas_fusion/share /usr/bin/cmake --build /home/zork/ProjectHailMarry/build/cuas_fusion -- -j6 -l6
[0.188s] Invoking command in '/home/zork/ProjectHailMarry/build/cuas_fusion': CMAKE_PREFIX_PATH=/home/zork/ProjectHailMarry/install/cuas_msgs:/home/zork/ProjectHailMarry/install/cuas_fusion LD_LIBRARY_PATH=/home/zork/ProjectHailMarry/install/cuas_msgs/lib:/opt/ros/humble/opt/rviz_ogre_vendor/lib:/opt/ros/humble/lib/aarch64-linux-gnu:/opt/ros/humble/lib:/usr/local/cuda-12.6/lib64 PKG_CONFIG_PATH=/home/zork/ProjectHailMarry/install/cuas_msgs/lib/aarch64-linux-gnu/pkgconfig:/home/zork/ProjectHailMarry/install/cuas_msgs/lib/pkgconfig:/home/zork/ProjectHailMarry/install/cuas_fusion/lib/aarch64-linux-gnu/pkgconfig:/home/zork/ProjectHailMarry/install/cuas_fusion/lib/pkgconfig ROS_PACKAGE_PATH=/home/zork/ProjectHailMarry/install/cuas_msgs/share:/home/zork/ProjectHailMarry/install/cuas_fusion/share /usr/bin/cmake --install /home/zork/ProjectHailMarry/build/cuas_fusion
[0.203s] -- Install configuration: ""
[0.204s] -- Up-to-date: /home/zork/ProjectHailMarry/install/cuas_fusion/lib/cuas_fusion/radar_parser_node
[0.205s] -- Up-to-date: /home/zork/ProjectHailMarry/install/cuas_fusion/share/cuas_fusion/config
[0.205s] -- Up-to-date: /home/zork/ProjectHailMarry/install/cuas_fusion/share/cuas_fusion/config/system_params.yaml
[0.205s] -- Up-to-date: /home/zork/ProjectHailMarry/install/cuas_fusion/share/cuas_fusion/config/camera_calibration.yaml
[0.205s] -- Up-to-date: /home/zork/ProjectHailMarry/install/cuas_fusion/share/cuas_fusion/config/radar_profile.cfg
[0.205s] -- Up-to-date: /home/zork/ProjectHailMarry/install/cuas_fusion/share/cuas_fusion/launch
[0.206s] -- Up-to-date: /home/zork/ProjectHailMarry/install/cuas_fusion/share/cuas_fusion/launch/full_system.launch.py
[0.206s] -- Up-to-date: /home/zork/ProjectHailMarry/install/cuas_fusion/share/cuas_fusion/launch/radar_only.launch.py
[0.206s] -- Up-to-date: /home/zork/ProjectHailMarry/install/cuas_fusion/share/cuas_fusion/launch/replay.launch.py
[0.206s] -- Up-to-date: /home/zork/ProjectHailMarry/install/cuas_fusion/share/ament_index/resource_index/package_run_dependencies/cuas_fusion
[0.206s] -- Up-to-date: /home/zork/ProjectHailMarry/install/cuas_fusion/share/ament_index/resource_index/parent_prefix_path/cuas_fusion
[0.207s] -- Up-to-date: /home/zork/ProjectHailMarry/install/cuas_fusion/share/cuas_fusion/environment/ament_prefix_path.sh
[0.207s] -- Up-to-date: /home/zork/ProjectHailMarry/install/cuas_fusion/share/cuas_fusion/environment/ament_prefix_path.dsv
[0.207s] -- Up-to-date: /home/zork/ProjectHailMarry/install/cuas_fusion/share/cuas_fusion/environment/path.sh
[0.207s] -- Up-to-date: /home/zork/ProjectHailMarry/install/cuas_fusion/share/cuas_fusion/environment/path.dsv
[0.207s] -- Up-to-date: /home/zork/ProjectHailMarry/install/cuas_fusion/share/cuas_fusion/local_setup.bash
[0.207s] -- Up-to-date: /home/zork/ProjectHailMarry/install/cuas_fusion/share/cuas_fusion/local_setup.sh
[0.207s] -- Up-to-date: /home/zork/ProjectHailMarry/install/cuas_fusion/share/cuas_fusion/local_setup.zsh
[0.207s] -- Up-to-date: /home/zork/ProjectHailMarry/install/cuas_fusion/share/cuas_fusion/local_setup.dsv
[0.208s] -- Installing: /home/zork/ProjectHailMarry/install/cuas_fusion/share/cuas_fusion/package.dsv
[0.208s] -- Up-to-date: /home/zork/ProjectHailMarry/install/cuas_fusion/share/ament_index/resource_index/packages/cuas_fusion
[0.208s] -- Up-to-date: /home/zork/ProjectHailMarry/install/cuas_fusion/share/cuas_fusion/cmake/cuas_fusionConfig.cmake
[0.208s] -- Up-to-date: /home/zork/ProjectHailMarry/install/cuas_fusion/share/cuas_fusion/cmake/cuas_fusionConfig-version.cmake
[0.208s] -- Up-to-date: /home/zork/ProjectHailMarry/install/cuas_fusion/share/cuas_fusion/package.xml
[0.210s] Invoked command in '/home/zork/ProjectHailMarry/build/cuas_fusion' returned '0': CMAKE_PREFIX_PATH=/home/zork/ProjectHailMarry/install/cuas_msgs:/home/zork/ProjectHailMarry/install/cuas_fusion LD_LIBRARY_PATH=/home/zork/ProjectHailMarry/install/cuas_msgs/lib:/opt/ros/humble/opt/rviz_ogre_vendor/lib:/opt/ros/humble/lib/aarch64-linux-gnu:/opt/ros/humble/lib:/usr/local/cuda-12.6/lib64 PKG_CONFIG_PATH=/home/zork/ProjectHailMarry/install/cuas_msgs/lib/aarch64-linux-gnu/pkgconfig:/home/zork/ProjectHailMarry/install/cuas_msgs/lib/pkgconfig:/home/zork/ProjectHailMarry/install/cuas_fusion/lib/aarch64-linux-gnu/pkgconfig:/home/zork/ProjectHailMarry/install/cuas_fusion/lib/pkgconfig ROS_PACKAGE_PATH=/home/zork/ProjectHailMarry/install/cuas_msgs/share:/home/zork/ProjectHailMarry/install/cuas_fusion/share /usr/bin/cmake --install /home/zork/ProjectHailMarry/build/cuas_fusion
