[0.290s] DEBUG:colcon:Command line arguments: ['/usr/bin/colcon', 'build', '--packages-select', 'cuas_msgs', 'cuas_fusion']
[0.291s] DEBUG:colcon:Parsed command line arguments: Namespace(log_base=None, log_level=None, verb_name='build', build_base='build', install_base='install', merge_install=False, symlink_install=False, test_result_base=None, continue_on_error=False, executor='parallel', parallel_workers=6, event_handlers=None, ignore_user_meta=False, metas=['./colcon.meta'], base_paths=['.'], packages_ignore=None, packages_ignore_regex=None, paths=None, packages_up_to=None, packages_up_to_regex=None, packages_above=None, packages_above_and_dependencies=None, packages_above_depth=None, packages_select_by_dep=None, packages_skip_by_dep=None, packages_skip_up_to=None, packages_select_build_failed=False, packages_skip_build_finished=False, packages_select_test_failures=False, packages_skip_test_passed=False, packages_select=['cuas_msgs', 'cuas_fusion'], packages_skip=None, packages_select_regex=None, packages_skip_regex=None, packages_start=None, packages_end=None, allow_overriding=[], cmake_args=None, cmake_target=None, cmake_target_skip_unavailable=False, cmake_clean_cache=False, cmake_clean_first=False, cmake_force_configure=False, ament_cmake_args=None, catkin_cmake_args=None, catkin_skip_building_tests=False, verb_parser=<colcon_defaults.argument_parser.defaults.DefaultArgumentsDecorator object at 0xffff93f82d10>, verb_extension=<colcon_core.verb.build.BuildVerb object at 0xffff93f82740>, main=<bound method BuildVerb.main of <colcon_core.verb.build.BuildVerb object at 0xffff93f82740>>)
[0.648s] Level 1:colcon.colcon_core.package_discovery:discover_packages(colcon_meta) check parameters
[0.648s] Level 1:colcon.colcon_core.package_discovery:discover_packages(recursive) check parameters
[0.649s] Level 1:colcon.colcon_core.package_discovery:discover_packages(ignore) check parameters
[0.649s] Level 1:colcon.colcon_core.package_discovery:discover_packages(path) check parameters
[0.649s] Level 1:colcon.colcon_core.package_discovery:discover_packages(colcon_meta) discover
[0.649s] Level 1:colcon.colcon_core.package_discovery:discover_packages(recursive) discover
[0.649s] INFO:colcon.colcon_core.package_discovery:Crawling recursively for packages in '/home/zork/ProjectHailMarry'
[0.649s] Level 1:colcon.colcon_core.package_identification:_identify(.) by extensions ['ignore', 'ignore_ament_install']
[0.649s] Level 1:colcon.colcon_core.package_identification:_identify(.) by extension 'ignore'
[0.650s] Level 1:colcon.colcon_core.package_identification:_identify(.) by extension 'ignore_ament_install'
[0.650s] Level 1:colcon.colcon_core.package_identification:_identify(.) by extensions ['colcon_pkg']
[0.650s] Level 1:colcon.colcon_core.package_identification:_identify(.) by extension 'colcon_pkg'
[0.650s] Level 1:colcon.colcon_core.package_identification:_identify(.) by extensions ['colcon_meta']
[0.650s] Level 1:colcon.colcon_core.package_identification:_identify(.) by extension 'colcon_meta'
[0.650s] Level 1:colcon.colcon_core.package_identification:_identify(.) by extensions ['ros']
[0.650s] Level 1:colcon.colcon_core.package_identification:_identify(.) by extension 'ros'
[0.677s] Level 1:colcon.colcon_core.package_identification:_identify(.) by extensions ['cmake', 'python']
[0.677s] Level 1:colcon.colcon_core.package_identification:_identify(.) by extension 'cmake'
[0.677s] Level 1:colcon.colcon_core.package_identification:_identify(.) by extension 'python'
[0.678s] Level 1:colcon.colcon_core.package_identification:_identify(.) by extensions ['python_setup_py']
[0.678s] Level 1:colcon.colcon_core.package_identification:_identify(.) by extension 'python_setup_py'
[0.678s] Level 1:colcon.colcon_core.package_identification:_identify(build) by extensions ['ignore', 'ignore_ament_install']
[0.678s] Level 1:colcon.colcon_core.package_identification:_identify(build) by extension 'ignore'
[0.678s] Level 1:colcon.colcon_core.package_identification:_identify(build) ignored
[0.678s] Level 1:colcon.colcon_core.package_identification:_identify(docs) by extensions ['ignore', 'ignore_ament_install']
[0.679s] Level 1:colcon.colcon_core.package_identification:_identify(docs) by extension 'ignore'
[0.679s] Level 1:colcon.colcon_core.package_identification:_identify(docs) by extension 'ignore_ament_install'
[0.679s] Level 1:colcon.colcon_core.package_identification:_identify(docs) by extensions ['colcon_pkg']
[0.679s] Level 1:colcon.colcon_core.package_identification:_identify(docs) by extension 'colcon_pkg'
[0.679s] Level 1:colcon.colcon_core.package_identification:_identify(docs) by extensions ['colcon_meta']
[0.679s] Level 1:colcon.colcon_core.package_identification:_identify(docs) by extension 'colcon_meta'
[0.679s] Level 1:colcon.colcon_core.package_identification:_identify(docs) by extensions ['ros']
[0.679s] Level 1:colcon.colcon_core.package_identification:_identify(docs) by extension 'ros'
[0.679s] Level 1:colcon.colcon_core.package_identification:_identify(docs) by extensions ['cmake', 'python']
[0.680s] Level 1:colcon.colcon_core.package_identification:_identify(docs) by extension 'cmake'
[0.680s] Level 1:colcon.colcon_core.package_identification:_identify(docs) by extension 'python'
[0.680s] Level 1:colcon.colcon_core.package_identification:_identify(docs) by extensions ['python_setup_py']
[0.680s] Level 1:colcon.colcon_core.package_identification:_identify(docs) by extension 'python_setup_py'
[0.680s] Level 1:colcon.colcon_core.package_identification:_identify(install) by extensions ['ignore', 'ignore_ament_install']
[0.680s] Level 1:colcon.colcon_core.package_identification:_identify(install) by extension 'ignore'
[0.680s] Level 1:colcon.colcon_core.package_identification:_identify(install) ignored
[0.680s] Level 1:colcon.colcon_core.package_identification:_identify(log) by extensions ['ignore', 'ignore_ament_install']
[0.680s] Level 1:colcon.colcon_core.package_identification:_identify(log) by extension 'ignore'
[0.681s] Level 1:colcon.colcon_core.package_identification:_identify(log) ignored
[0.681s] Level 1:colcon.colcon_core.package_identification:_identify(msgs) by extensions ['ignore', 'ignore_ament_install']
[0.681s] Level 1:colcon.colcon_core.package_identification:_identify(msgs) by extension 'ignore'
[0.681s] Level 1:colcon.colcon_core.package_identification:_identify(msgs) by extension 'ignore_ament_install'
[0.681s] Level 1:colcon.colcon_core.package_identification:_identify(msgs) by extensions ['colcon_pkg']
[0.681s] Level 1:colcon.colcon_core.package_identification:_identify(msgs) by extension 'colcon_pkg'
[0.681s] Level 1:colcon.colcon_core.package_identification:_identify(msgs) by extensions ['colcon_meta']
[0.681s] Level 1:colcon.colcon_core.package_identification:_identify(msgs) by extension 'colcon_meta'
[0.681s] Level 1:colcon.colcon_core.package_identification:_identify(msgs) by extensions ['ros']
[0.681s] Level 1:colcon.colcon_core.package_identification:_identify(msgs) by extension 'ros'
[0.682s] Level 1:colcon.colcon_core.package_identification:_identify(msgs) by extensions ['cmake', 'python']
[0.682s] Level 1:colcon.colcon_core.package_identification:_identify(msgs) by extension 'cmake'
[0.682s] Level 1:colcon.colcon_core.package_identification:_identify(msgs) by extension 'python'
[0.682s] Level 1:colcon.colcon_core.package_identification:_identify(msgs) by extensions ['python_setup_py']
[0.682s] Level 1:colcon.colcon_core.package_identification:_identify(msgs) by extension 'python_setup_py'
[0.682s] Level 1:colcon.colcon_core.package_identification:_identify(msgs/cuas_msgs) by extensions ['ignore', 'ignore_ament_install']
[0.682s] Level 1:colcon.colcon_core.package_identification:_identify(msgs/cuas_msgs) by extension 'ignore'
[0.682s] Level 1:colcon.colcon_core.package_identification:_identify(msgs/cuas_msgs) by extension 'ignore_ament_install'
[0.682s] Level 1:colcon.colcon_core.package_identification:_identify(msgs/cuas_msgs) by extensions ['colcon_pkg']
[0.683s] Level 1:colcon.colcon_core.package_identification:_identify(msgs/cuas_msgs) by extension 'colcon_pkg'
[0.683s] Level 1:colcon.colcon_core.package_identification:_identify(msgs/cuas_msgs) by extensions ['colcon_meta']
[0.683s] Level 1:colcon.colcon_core.package_identification:_identify(msgs/cuas_msgs) by extension 'colcon_meta'
[0.683s] Level 1:colcon.colcon_core.package_identification:_identify(msgs/cuas_msgs) by extensions ['ros']
[0.683s] Level 1:colcon.colcon_core.package_identification:_identify(msgs/cuas_msgs) by extension 'ros'
[0.685s] DEBUG:colcon.colcon_core.package_identification:Failed to parse potential ROS package manifest in'msgs/cuas_msgs': Error(s) in package 'msgs/cuas_msgs/package.xml':
The manifest contains invalid XML:
no element found: line 1, column 0
[0.685s] Level 1:colcon.colcon_core.package_identification:_identify(msgs/cuas_msgs) by extensions ['cmake', 'python']
[0.685s] Level 1:colcon.colcon_core.package_identification:_identify(msgs/cuas_msgs) by extension 'cmake'
[0.687s] Level 1:colcon.colcon_core.package_identification:_identify(msgs/cuas_msgs) by extension 'python'
[0.687s] DEBUG:colcon.colcon_core.package_identification:Package 'msgs/cuas_msgs' with type 'cmake' and name 'cuas_msgs'
[0.688s] Level 1:colcon.colcon_core.package_identification:_identify(scripts) by extensions ['ignore', 'ignore_ament_install']
[0.688s] Level 1:colcon.colcon_core.package_identification:_identify(scripts) by extension 'ignore'
[0.688s] Level 1:colcon.colcon_core.package_identification:_identify(scripts) by extension 'ignore_ament_install'
[0.688s] Level 1:colcon.colcon_core.package_identification:_identify(scripts) by extensions ['colcon_pkg']
[0.688s] Level 1:colcon.colcon_core.package_identification:_identify(scripts) by extension 'colcon_pkg'
[0.688s] Level 1:colcon.colcon_core.package_identification:_identify(scripts) by extensions ['colcon_meta']
[0.688s] Level 1:colcon.colcon_core.package_identification:_identify(scripts) by extension 'colcon_meta'
[0.688s] Level 1:colcon.colcon_core.package_identification:_identify(scripts) by extensions ['ros']
[0.689s] Level 1:colcon.colcon_core.package_identification:_identify(scripts) by extension 'ros'
[0.689s] Level 1:colcon.colcon_core.package_identification:_identify(scripts) by extensions ['cmake', 'python']
[0.689s] Level 1:colcon.colcon_core.package_identification:_identify(scripts) by extension 'cmake'
[0.689s] Level 1:colcon.colcon_core.package_identification:_identify(scripts) by extension 'python'
[0.689s] Level 1:colcon.colcon_core.package_identification:_identify(scripts) by extensions ['python_setup_py']
[0.689s] Level 1:colcon.colcon_core.package_identification:_identify(scripts) by extension 'python_setup_py'
[0.689s] Level 1:colcon.colcon_core.package_identification:_identify(src) by extensions ['ignore', 'ignore_ament_install']
[0.689s] Level 1:colcon.colcon_core.package_identification:_identify(src) by extension 'ignore'
[0.689s] Level 1:colcon.colcon_core.package_identification:_identify(src) by extension 'ignore_ament_install'
[0.690s] Level 1:colcon.colcon_core.package_identification:_identify(src) by extensions ['colcon_pkg']
[0.690s] Level 1:colcon.colcon_core.package_identification:_identify(src) by extension 'colcon_pkg'
[0.690s] Level 1:colcon.colcon_core.package_identification:_identify(src) by extensions ['colcon_meta']
[0.690s] Level 1:colcon.colcon_core.package_identification:_identify(src) by extension 'colcon_meta'
[0.690s] Level 1:colcon.colcon_core.package_identification:_identify(src) by extensions ['ros']
[0.690s] Level 1:colcon.colcon_core.package_identification:_identify(src) by extension 'ros'
[0.690s] Level 1:colcon.colcon_core.package_identification:_identify(src) by extensions ['cmake', 'python']
[0.690s] Level 1:colcon.colcon_core.package_identification:_identify(src) by extension 'cmake'
[0.690s] Level 1:colcon.colcon_core.package_identification:_identify(src) by extension 'python'
[0.690s] Level 1:colcon.colcon_core.package_identification:_identify(src) by extensions ['python_setup_py']
[0.690s] Level 1:colcon.colcon_core.package_identification:_identify(src) by extension 'python_setup_py'
[0.691s] Level 1:colcon.colcon_core.package_identification:_identify(src/cuas_fusion) by extensions ['ignore', 'ignore_ament_install']
[0.691s] Level 1:colcon.colcon_core.package_identification:_identify(src/cuas_fusion) by extension 'ignore'
[0.691s] Level 1:colcon.colcon_core.package_identification:_identify(src/cuas_fusion) by extension 'ignore_ament_install'
[0.691s] Level 1:colcon.colcon_core.package_identification:_identify(src/cuas_fusion) by extensions ['colcon_pkg']
[0.691s] Level 1:colcon.colcon_core.package_identification:_identify(src/cuas_fusion) by extension 'colcon_pkg'
[0.691s] Level 1:colcon.colcon_core.package_identification:_identify(src/cuas_fusion) by extensions ['colcon_meta']
[0.691s] Level 1:colcon.colcon_core.package_identification:_identify(src/cuas_fusion) by extension 'colcon_meta'
[0.691s] Level 1:colcon.colcon_core.package_identification:_identify(src/cuas_fusion) by extensions ['ros']
[0.691s] Level 1:colcon.colcon_core.package_identification:_identify(src/cuas_fusion) by extension 'ros'
[0.692s] DEBUG:colcon.colcon_core.package_identification:Failed to parse potential ROS package manifest in'src/cuas_fusion': Error(s) in package 'src/cuas_fusion/package.xml':
The manifest contains invalid XML:
no element found: line 1, column 0
[0.692s] Level 1:colcon.colcon_core.package_identification:_identify(src/cuas_fusion) by extensions ['cmake', 'python']
[0.692s] Level 1:colcon.colcon_core.package_identification:_identify(src/cuas_fusion) by extension 'cmake'
[0.694s] Level 1:colcon.colcon_core.package_identification:_identify(src/cuas_fusion) by extension 'python'
[0.694s] DEBUG:colcon.colcon_core.package_identification:Package 'src/cuas_fusion' with type 'cmake' and name 'cuas_fusion'
[0.694s] Level 1:colcon.colcon_core.package_identification:_identify(src/cuas_msgs) by extensions ['ignore', 'ignore_ament_install']
[0.694s] Level 1:colcon.colcon_core.package_identification:_identify(src/cuas_msgs) by extension 'ignore'
[0.694s] Level 1:colcon.colcon_core.package_identification:_identify(src/cuas_msgs) by extension 'ignore_ament_install'
[0.694s] Level 1:colcon.colcon_core.package_identification:_identify(src/cuas_msgs) by extensions ['colcon_pkg']
[0.694s] Level 1:colcon.colcon_core.package_identification:_identify(src/cuas_msgs) by extension 'colcon_pkg'
[0.695s] Level 1:colcon.colcon_core.package_identification:_identify(src/cuas_msgs) by extensions ['colcon_meta']
[0.695s] Level 1:colcon.colcon_core.package_identification:_identify(src/cuas_msgs) by extension 'colcon_meta'
[0.695s] Level 1:colcon.colcon_core.package_identification:_identify(src/cuas_msgs) by extensions ['ros']
[0.695s] Level 1:colcon.colcon_core.package_identification:_identify(src/cuas_msgs) by extension 'ros'
[0.695s] Level 1:colcon.colcon_core.package_identification:_identify(src/cuas_msgs) by extensions ['cmake', 'python']
[0.695s] Level 1:colcon.colcon_core.package_identification:_identify(src/cuas_msgs) by extension 'cmake'
[0.695s] Level 1:colcon.colcon_core.package_identification:_identify(src/cuas_msgs) by extension 'python'
[0.695s] Level 1:colcon.colcon_core.package_identification:_identify(src/cuas_msgs) by extensions ['python_setup_py']
[0.695s] Level 1:colcon.colcon_core.package_identification:_identify(src/cuas_msgs) by extension 'python_setup_py'
[0.696s] Level 1:colcon.colcon_core.package_identification:_identify(src/cuas_msgs/msg) by extensions ['ignore', 'ignore_ament_install']
[0.696s] Level 1:colcon.colcon_core.package_identification:_identify(src/cuas_msgs/msg) by extension 'ignore'
[0.696s] Level 1:colcon.colcon_core.package_identification:_identify(src/cuas_msgs/msg) by extension 'ignore_ament_install'
[0.696s] Level 1:colcon.colcon_core.package_identification:_identify(src/cuas_msgs/msg) by extensions ['colcon_pkg']
[0.696s] Level 1:colcon.colcon_core.package_identification:_identify(src/cuas_msgs/msg) by extension 'colcon_pkg'
[0.696s] Level 1:colcon.colcon_core.package_identification:_identify(src/cuas_msgs/msg) by extensions ['colcon_meta']
[0.696s] Level 1:colcon.colcon_core.package_identification:_identify(src/cuas_msgs/msg) by extension 'colcon_meta'
[0.696s] Level 1:colcon.colcon_core.package_identification:_identify(src/cuas_msgs/msg) by extensions ['ros']
[0.696s] Level 1:colcon.colcon_core.package_identification:_identify(src/cuas_msgs/msg) by extension 'ros'
[0.696s] Level 1:colcon.colcon_core.package_identification:_identify(src/cuas_msgs/msg) by extensions ['cmake', 'python']
[0.696s] Level 1:colcon.colcon_core.package_identification:_identify(src/cuas_msgs/msg) by extension 'cmake'
[0.697s] Level 1:colcon.colcon_core.package_identification:_identify(src/cuas_msgs/msg) by extension 'python'
[0.697s] Level 1:colcon.colcon_core.package_identification:_identify(src/cuas_msgs/msg) by extensions ['python_setup_py']
[0.697s] Level 1:colcon.colcon_core.package_identification:_identify(src/cuas_msgs/msg) by extension 'python_setup_py'
[0.697s] Level 1:colcon.colcon_core.package_identification:_identify(test) by extensions ['ignore', 'ignore_ament_install']
[0.697s] Level 1:colcon.colcon_core.package_identification:_identify(test) by extension 'ignore'
[0.697s] Level 1:colcon.colcon_core.package_identification:_identify(test) by extension 'ignore_ament_install'
[0.697s] Level 1:colcon.colcon_core.package_identification:_identify(test) by extensions ['colcon_pkg']
[0.697s] Level 1:colcon.colcon_core.package_identification:_identify(test) by extension 'colcon_pkg'
[0.697s] Level 1:colcon.colcon_core.package_identification:_identify(test) by extensions ['colcon_meta']
[0.697s] Level 1:colcon.colcon_core.package_identification:_identify(test) by extension 'colcon_meta'
[0.698s] Level 1:colcon.colcon_core.package_identification:_identify(test) by extensions ['ros']
[0.698s] Level 1:colcon.colcon_core.package_identification:_identify(test) by extension 'ros'
[0.698s] Level 1:colcon.colcon_core.package_identification:_identify(test) by extensions ['cmake', 'python']
[0.698s] Level 1:colcon.colcon_core.package_identification:_identify(test) by extension 'cmake'
[0.698s] Level 1:colcon.colcon_core.package_identification:_identify(test) by extension 'python'
[0.698s] Level 1:colcon.colcon_core.package_identification:_identify(test) by extensions ['python_setup_py']
[0.698s] Level 1:colcon.colcon_core.package_identification:_identify(test) by extension 'python_setup_py'
[0.698s] Level 1:colcon.colcon_core.package_identification:_identify(test/integration) by extensions ['ignore', 'ignore_ament_install']
[0.698s] Level 1:colcon.colcon_core.package_identification:_identify(test/integration) by extension 'ignore'
[0.698s] Level 1:colcon.colcon_core.package_identification:_identify(test/integration) by extension 'ignore_ament_install'
[0.699s] Level 1:colcon.colcon_core.package_identification:_identify(test/integration) by extensions ['colcon_pkg']
[0.699s] Level 1:colcon.colcon_core.package_identification:_identify(test/integration) by extension 'colcon_pkg'
[0.699s] Level 1:colcon.colcon_core.package_identification:_identify(test/integration) by extensions ['colcon_meta']
[0.699s] Level 1:colcon.colcon_core.package_identification:_identify(test/integration) by extension 'colcon_meta'
[0.699s] Level 1:colcon.colcon_core.package_identification:_identify(test/integration) by extensions ['ros']
[0.699s] Level 1:colcon.colcon_core.package_identification:_identify(test/integration) by extension 'ros'
[0.699s] Level 1:colcon.colcon_core.package_identification:_identify(test/integration) by extensions ['cmake', 'python']
[0.699s] Level 1:colcon.colcon_core.package_identification:_identify(test/integration) by extension 'cmake'
[0.699s] Level 1:colcon.colcon_core.package_identification:_identify(test/integration) by extension 'python'
[0.699s] Level 1:colcon.colcon_core.package_identification:_identify(test/integration) by extensions ['python_setup_py']
[0.699s] Level 1:colcon.colcon_core.package_identification:_identify(test/integration) by extension 'python_setup_py'
[0.700s] Level 1:colcon.colcon_core.package_identification:_identify(test/unit) by extensions ['ignore', 'ignore_ament_install']
[0.700s] Level 1:colcon.colcon_core.package_identification:_identify(test/unit) by extension 'ignore'
[0.700s] Level 1:colcon.colcon_core.package_identification:_identify(test/unit) by extension 'ignore_ament_install'
[0.700s] Level 1:colcon.colcon_core.package_identification:_identify(test/unit) by extensions ['colcon_pkg']
[0.700s] Level 1:colcon.colcon_core.package_identification:_identify(test/unit) by extension 'colcon_pkg'
[0.700s] Level 1:colcon.colcon_core.package_identification:_identify(test/unit) by extensions ['colcon_meta']
[0.700s] Level 1:colcon.colcon_core.package_identification:_identify(test/unit) by extension 'colcon_meta'
[0.700s] Level 1:colcon.colcon_core.package_identification:_identify(test/unit) by extensions ['ros']
[0.700s] Level 1:colcon.colcon_core.package_identification:_identify(test/unit) by extension 'ros'
[0.701s] Level 1:colcon.colcon_core.package_identification:_identify(test/unit) by extensions ['cmake', 'python']
[0.701s] Level 1:colcon.colcon_core.package_identification:_identify(test/unit) by extension 'cmake'
[0.701s] Level 1:colcon.colcon_core.package_identification:_identify(test/unit) by extension 'python'
[0.701s] Level 1:colcon.colcon_core.package_identification:_identify(test/unit) by extensions ['python_setup_py']
[0.701s] Level 1:colcon.colcon_core.package_identification:_identify(test/unit) by extension 'python_setup_py'
[0.701s] Level 1:colcon.colcon_core.package_discovery:discover_packages(recursive) using defaults
[0.701s] Level 1:colcon.colcon_core.package_discovery:discover_packages(ignore) discover
[0.701s] Level 1:colcon.colcon_core.package_discovery:discover_packages(ignore) using defaults
[0.701s] Level 1:colcon.colcon_core.package_discovery:discover_packages(path) discover
[0.701s] Level 1:colcon.colcon_core.package_discovery:discover_packages(path) using defaults
[0.750s] Level 1:colcon.colcon_core.package_discovery:discover_packages(prefix_path) check parameters
[0.751s] Level 1:colcon.colcon_core.package_discovery:discover_packages(prefix_path) discover
[0.755s] DEBUG:colcon.colcon_installed_package_information.package_discovery:Found 273 installed packages in /opt/ros/humble
[0.759s] Level 1:colcon.colcon_core.package_discovery:discover_packages(prefix_path) using defaults
[0.855s] Level 5:colcon.colcon_core.verb:set package 'cuas_fusion' build argument 'cmake_args' from command line to 'None'
[0.855s] Level 5:colcon.colcon_core.verb:set package 'cuas_fusion' build argument 'cmake_target' from command line to 'None'
[0.855s] Level 5:colcon.colcon_core.verb:set package 'cuas_fusion' build argument 'cmake_target_skip_unavailable' from command line to 'False'
[0.855s] Level 5:colcon.colcon_core.verb:set package 'cuas_fusion' build argument 'cmake_clean_cache' from command line to 'False'
[0.855s] Level 5:colcon.colcon_core.verb:set package 'cuas_fusion' build argument 'cmake_clean_first' from command line to 'False'
[0.855s] Level 5:colcon.colcon_core.verb:set package 'cuas_fusion' build argument 'cmake_force_configure' from command line to 'False'
[0.855s] Level 5:colcon.colcon_core.verb:set package 'cuas_fusion' build argument 'ament_cmake_args' from command line to 'None'
[0.855s] Level 5:colcon.colcon_core.verb:set package 'cuas_fusion' build argument 'catkin_cmake_args' from command line to 'None'
[0.855s] Level 5:colcon.colcon_core.verb:set package 'cuas_fusion' build argument 'catkin_skip_building_tests' from command line to 'False'
[0.855s] DEBUG:colcon.colcon_core.verb:Building package 'cuas_fusion' with the following arguments: {'ament_cmake_args': None, 'build_base': '/home/zork/ProjectHailMarry/build/cuas_fusion', 'catkin_cmake_args': None, 'catkin_skip_building_tests': False, 'cmake_args': None, 'cmake_clean_cache': False, 'cmake_clean_first': False, 'cmake_force_configure': False, 'cmake_target': None, 'cmake_target_skip_unavailable': False, 'install_base': '/home/zork/ProjectHailMarry/install/cuas_fusion', 'merge_install': False, 'path': '/home/zork/ProjectHailMarry/src/cuas_fusion', 'symlink_install': False, 'test_result_base': None}
[0.856s] Level 5:colcon.colcon_core.verb:set package 'cuas_msgs' build argument 'cmake_args' from command line to 'None'
[0.856s] Level 5:colcon.colcon_core.verb:set package 'cuas_msgs' build argument 'cmake_target' from command line to 'None'
[0.856s] Level 5:colcon.colcon_core.verb:set package 'cuas_msgs' build argument 'cmake_target_skip_unavailable' from command line to 'False'
[0.856s] Level 5:colcon.colcon_core.verb:set package 'cuas_msgs' build argument 'cmake_clean_cache' from command line to 'False'
[0.856s] Level 5:colcon.colcon_core.verb:set package 'cuas_msgs' build argument 'cmake_clean_first' from command line to 'False'
[0.856s] Level 5:colcon.colcon_core.verb:set package 'cuas_msgs' build argument 'cmake_force_configure' from command line to 'False'
[0.856s] Level 5:colcon.colcon_core.verb:set package 'cuas_msgs' build argument 'ament_cmake_args' from command line to 'None'
[0.856s] Level 5:colcon.colcon_core.verb:set package 'cuas_msgs' build argument 'catkin_cmake_args' from command line to 'None'
[0.856s] Level 5:colcon.colcon_core.verb:set package 'cuas_msgs' build argument 'catkin_skip_building_tests' from command line to 'False'
[0.856s] DEBUG:colcon.colcon_core.verb:Building package 'cuas_msgs' with the following arguments: {'ament_cmake_args': None, 'build_base': '/home/zork/ProjectHailMarry/build/cuas_msgs', 'catkin_cmake_args': None, 'catkin_skip_building_tests': False, 'cmake_args': None, 'cmake_clean_cache': False, 'cmake_clean_first': False, 'cmake_force_configure': False, 'cmake_target': None, 'cmake_target_skip_unavailable': False, 'install_base': '/home/zork/ProjectHailMarry/install/cuas_msgs', 'merge_install': False, 'path': '/home/zork/ProjectHailMarry/msgs/cuas_msgs', 'symlink_install': False, 'test_result_base': None}
[0.857s] INFO:colcon.colcon_core.executor:Executing jobs using 'parallel' executor
[0.858s] DEBUG:colcon.colcon_parallel_executor.executor.parallel:run_until_complete
[0.859s] INFO:colcon.colcon_cmake.task.cmake.build:Building CMake package in '/home/zork/ProjectHailMarry/src/cuas_fusion'
[0.864s] INFO:colcon.colcon_core.plugin_system:Skipping extension 'colcon_core.shell.bat': Not used on non-Windows systems
[0.864s] INFO:colcon.colcon_core.shell:Skip shell extension 'powershell' for command environment: Not usable outside of PowerShell
[0.864s] DEBUG:colcon.colcon_core.shell:Skip shell extension 'dsv' for command environment
[0.871s] INFO:colcon.colcon_cmake.task.cmake.build:Building CMake package in '/home/zork/ProjectHailMarry/msgs/cuas_msgs'
[0.872s] INFO:colcon.colcon_core.shell:Skip shell extension 'powershell' for command environment: Not usable outside of PowerShell
[0.872s] DEBUG:colcon.colcon_core.shell:Skip shell extension 'dsv' for command environment
[0.881s] DEBUG:colcon.colcon_core.event_handler.log_command:Invoking command in '/home/zork/ProjectHailMarry/build/cuas_fusion': /usr/bin/cmake /home/zork/ProjectHailMarry/src/cuas_fusion -DCMAKE_INSTALL_PREFIX=/home/zork/ProjectHailMarry/install/cuas_fusion
[0.884s] DEBUG:colcon.colcon_core.event_handler.log_command:Invoking command in '/home/zork/ProjectHailMarry/build/cuas_msgs': /usr/bin/cmake /home/zork/ProjectHailMarry/msgs/cuas_msgs -DCMAKE_INSTALL_PREFIX=/home/zork/ProjectHailMarry/install/cuas_msgs
[2.295s] DEBUG:colcon.colcon_core.event_handler.log_command:Invoked command in '/home/zork/ProjectHailMarry/build/cuas_fusion' returned '0': /usr/bin/cmake /home/zork/ProjectHailMarry/src/cuas_fusion -DCMAKE_INSTALL_PREFIX=/home/zork/ProjectHailMarry/install/cuas_fusion
[2.301s] DEBUG:colcon.colcon_core.event_handler.log_command:Invoking command in '/home/zork/ProjectHailMarry/build/cuas_fusion': /usr/bin/cmake --build /home/zork/ProjectHailMarry/build/cuas_fusion -- -j6 -l6
[2.305s] DEBUG:colcon.colcon_core.event_handler.log_command:Invoked command in '/home/zork/ProjectHailMarry/build/cuas_msgs' returned '0': /usr/bin/cmake /home/zork/ProjectHailMarry/msgs/cuas_msgs -DCMAKE_INSTALL_PREFIX=/home/zork/ProjectHailMarry/install/cuas_msgs
[2.306s] DEBUG:colcon.colcon_core.event_handler.log_command:Invoking command in '/home/zork/ProjectHailMarry/build/cuas_msgs': /usr/bin/cmake --build /home/zork/ProjectHailMarry/build/cuas_msgs -- -j6 -l6
[2.378s] DEBUG:colcon.colcon_core.event_handler.log_command:Invoked command in '/home/zork/ProjectHailMarry/build/cuas_fusion' returned '0': /usr/bin/cmake --build /home/zork/ProjectHailMarry/build/cuas_fusion -- -j6 -l6
[2.379s] WARNING:colcon.colcon_cmake.task.cmake.build:Could not run installation step for package 'cuas_fusion' because it has no 'install' target
[2.379s] Level 1:colcon.colcon_core.environment:create_environment_scripts_only(cuas_fusion)
[2.390s] Level 1:colcon.colcon_core.environment:checking '/home/zork/ProjectHailMarry/install/cuas_fusion' for CMake module files
[2.391s] Level 1:colcon.colcon_core.environment:checking '/home/zork/ProjectHailMarry/install/cuas_fusion' for CMake config files
[2.394s] Level 1:colcon.colcon_core.environment:checking '/home/zork/ProjectHailMarry/install/cuas_fusion/bin'
[2.394s] Level 1:colcon.colcon_core.environment:checking '/home/zork/ProjectHailMarry/install/cuas_fusion/lib/pkgconfig/cuas_fusion.pc'
[2.395s] Level 1:colcon.colcon_core.environment:checking '/home/zork/ProjectHailMarry/install/cuas_fusion/lib/python3.10/site-packages'
[2.397s] Level 1:colcon.colcon_core.environment:checking '/home/zork/ProjectHailMarry/install/cuas_fusion/bin'
[2.398s] INFO:colcon.colcon_core.shell:Creating package script '/home/zork/ProjectHailMarry/install/cuas_fusion/share/cuas_fusion/package.ps1'
[2.405s] INFO:colcon.colcon_core.shell:Creating package descriptor '/home/zork/ProjectHailMarry/install/cuas_fusion/share/cuas_fusion/package.dsv'
[2.409s] INFO:colcon.colcon_core.shell:Creating package script '/home/zork/ProjectHailMarry/install/cuas_fusion/share/cuas_fusion/package.sh'
[2.411s] INFO:colcon.colcon_core.shell:Creating package script '/home/zork/ProjectHailMarry/install/cuas_fusion/share/cuas_fusion/package.bash'
[2.414s] INFO:colcon.colcon_core.shell:Creating package script '/home/zork/ProjectHailMarry/install/cuas_fusion/share/cuas_fusion/package.zsh'
[2.416s] Level 1:colcon.colcon_core.environment:create_file_with_runtime_dependencies(/home/zork/ProjectHailMarry/install/cuas_fusion/share/colcon-core/packages/cuas_fusion)
[2.421s] WARNING:colcon.colcon_cmake.task.cmake.build:Could not run installation step for package 'cuas_msgs' because it has no 'install' target
[2.421s] Level 1:colcon.colcon_core.environment:create_environment_scripts_only(cuas_msgs)
[2.423s] Level 1:colcon.colcon_core.environment:checking '/home/zork/ProjectHailMarry/install/cuas_msgs' for CMake module files
[2.425s] DEBUG:colcon.colcon_core.event_handler.log_command:Invoked command in '/home/zork/ProjectHailMarry/build/cuas_msgs' returned '0': /usr/bin/cmake --build /home/zork/ProjectHailMarry/build/cuas_msgs -- -j6 -l6
[2.426s] Level 1:colcon.colcon_core.environment:checking '/home/zork/ProjectHailMarry/install/cuas_msgs' for CMake config files
[2.428s] Level 1:colcon.colcon_core.environment:checking '/home/zork/ProjectHailMarry/install/cuas_msgs/bin'
[2.428s] Level 1:colcon.colcon_core.environment:checking '/home/zork/ProjectHailMarry/install/cuas_msgs/lib/pkgconfig/cuas_msgs.pc'
[2.430s] Level 1:colcon.colcon_core.environment:checking '/home/zork/ProjectHailMarry/install/cuas_msgs/lib/python3.10/site-packages'
[2.431s] Level 1:colcon.colcon_core.environment:checking '/home/zork/ProjectHailMarry/install/cuas_msgs/bin'
[2.432s] INFO:colcon.colcon_core.shell:Creating package script '/home/zork/ProjectHailMarry/install/cuas_msgs/share/cuas_msgs/package.ps1'
[2.436s] INFO:colcon.colcon_core.shell:Creating package descriptor '/home/zork/ProjectHailMarry/install/cuas_msgs/share/cuas_msgs/package.dsv'
[2.437s] INFO:colcon.colcon_core.shell:Creating package script '/home/zork/ProjectHailMarry/install/cuas_msgs/share/cuas_msgs/package.sh'
[2.438s] INFO:colcon.colcon_core.shell:Creating package script '/home/zork/ProjectHailMarry/install/cuas_msgs/share/cuas_msgs/package.bash'
[2.440s] INFO:colcon.colcon_core.shell:Creating package script '/home/zork/ProjectHailMarry/install/cuas_msgs/share/cuas_msgs/package.zsh'
[2.441s] Level 1:colcon.colcon_core.environment:create_file_with_runtime_dependencies(/home/zork/ProjectHailMarry/install/cuas_msgs/share/colcon-core/packages/cuas_msgs)
[2.443s] DEBUG:colcon.colcon_parallel_executor.executor.parallel:closing loop
[2.445s] DEBUG:colcon.colcon_parallel_executor.executor.parallel:loop closed
[2.445s] DEBUG:colcon.colcon_parallel_executor.executor.parallel:run_until_complete finished with '0'
[2.446s] DEBUG:colcon.colcon_core.event_reactor:joining thread
[2.449s] DEBUG:colcon.colcon_core.event_reactor:joined thread
[2.450s] INFO:colcon.colcon_core.shell:Creating prefix script '/home/zork/ProjectHailMarry/install/local_setup.ps1'
[2.455s] INFO:colcon.colcon_core.shell:Creating prefix util module '/home/zork/ProjectHailMarry/install/_local_setup_util_ps1.py'
[2.460s] INFO:colcon.colcon_core.shell:Creating prefix chain script '/home/zork/ProjectHailMarry/install/setup.ps1'
[2.465s] INFO:colcon.colcon_core.shell:Creating prefix script '/home/zork/ProjectHailMarry/install/local_setup.sh'
[2.466s] INFO:colcon.colcon_core.shell:Creating prefix util module '/home/zork/ProjectHailMarry/install/_local_setup_util_sh.py'
[2.468s] INFO:colcon.colcon_core.shell:Creating prefix chain script '/home/zork/ProjectHailMarry/install/setup.sh'
[2.472s] INFO:colcon.colcon_core.shell:Creating prefix script '/home/zork/ProjectHailMarry/install/local_setup.bash'
[2.473s] INFO:colcon.colcon_core.shell:Creating prefix chain script '/home/zork/ProjectHailMarry/install/setup.bash'
[2.476s] INFO:colcon.colcon_core.shell:Creating prefix script '/home/zork/ProjectHailMarry/install/local_setup.zsh'
[2.478s] INFO:colcon.colcon_core.shell:Creating prefix chain script '/home/zork/ProjectHailMarry/install/setup.zsh'
