-- Found ament_cmake: 1.3.14 (/opt/ros/humble/share/ament_cmake/cmake)
-- Found rosidl_default_generators: 1.2.1 (/opt/ros/humble/share/rosidl_default_generators/cmake)
-- Using all available rosidl_typesupport_c: rosidl_typesupport_fastrtps_c;rosidl_typesupport_introspection_c
-- Found rosidl_adapter: 3.1.8 (/opt/ros/humble/share/rosidl_adapter/cmake)
-- Using all available rosidl_typesupport_cpp: rosidl_typesupport_fastrtps_cpp;rosidl_typesupport_introspection_cpp
-- Found ament_cmake_ros: 0.10.0 (/opt/ros/humble/share/ament_cmake_ros/cmake)
-- Using all available rosidl_typesupport_c: rosidl_typesupport_fastrtps_c;rosidl_typesupport_introspection_c
-- Using all available rosidl_typesupport_cpp: rosidl_typesupport_fastrtps_cpp;rosidl_typesupport_introspection_cpp
-- Found PythonInterp: /usr/bin/python3 (found suitable version "3.10.12", minimum required is "3.6") 
-- Found python_cmake_module: 0.10.0 (/opt/ros/humble/share/python_cmake_module/cmake)
-- Found PythonLibs: /usr/lib/aarch64-linux-gnu/libpython3.10.so (found suitable version "3.10.12", minimum required is "3.5") 
-- Using PYTHON_EXECUTABLE: /usr/bin/python3
-- Using PYTHON_INCLUDE_DIRS: /usr/include/python3.10
-- Using PYTHON_LIBRARIES: /usr/lib/aarch64-linux-gnu/libpython3.10.so
-- Found PythonExtra: .so  
-- Configuring done
-- Generating done
CMake Warning:
  Manually-specified variables were not used by the project:

    CATKIN_INSTALL_INTO_PREFIX_ROOT


-- Build files have been written to: /home/zork/ProjectHailMarry/build/cuas_msgs
[  1%] Generating C code for ROS interfaces
[  4%] Generating C++ code for ROS interfaces
[  4%] Generating Rust code for ROS interfaces
[  4%] Built target ament_cmake_python_copy_cuas_msgs
running egg_info
creating cuas_msgs.egg-info
writing cuas_msgs.egg-info/PKG-INFO
writing dependency_links to cuas_msgs.egg-info/dependency_links.txt
writing top-level names to cuas_msgs.egg-info/top_level.txt
writing manifest file 'cuas_msgs.egg-info/SOURCES.txt'
reading manifest file 'cuas_msgs.egg-info/SOURCES.txt'
writing manifest file 'cuas_msgs.egg-info/SOURCES.txt'
[  4%] Built target cuas_msgs__rs
[  4%] Built target ament_cmake_python_build_cuas_msgs_egg
[  4%] Built target cuas_msgs__cpp
[  8%] Generating C++ introspection for ROS interfaces
[  8%] Generating C++ type support dispatch for ROS interfaces
[  8%] Generating C++ type support for eProsima Fast-RTPS
[ 11%] Building C object CMakeFiles/cuas_msgs__rosidl_generator_c.dir/rosidl_generator_c/cuas_msgs/msg/detail/radar_frame__functions.c.o
[ 11%] Building C object CMakeFiles/cuas_msgs__rosidl_generator_c.dir/rosidl_generator_c/cuas_msgs/msg/detail/fused_detection__functions.c.o
[ 12%] Building C object CMakeFiles/cuas_msgs__rosidl_generator_c.dir/rosidl_generator_c/cuas_msgs/msg/detail/radar_detection__functions.c.o
[ 13%] Building C object CMakeFiles/cuas_msgs__rosidl_generator_c.dir/rosidl_generator_c/cuas_msgs/msg/detail/track__functions.c.o
[ 15%] Building C object CMakeFiles/cuas_msgs__rosidl_generator_c.dir/rosidl_generator_c/cuas_msgs/msg/detail/track_array__functions.c.o
[ 16%] Building C object CMakeFiles/cuas_msgs__rosidl_generator_c.dir/rosidl_generator_c/cuas_msgs/msg/detail/threat_report__functions.c.o
[ 18%] Linking C shared library libcuas_msgs__rosidl_generator_c.so
[ 18%] Built target cuas_msgs__rosidl_generator_c
[ 19%] Generating C type support dispatch for ROS interfaces
[ 20%] Generating C type support for eProsima Fast-RTPS
[ 22%] Generating C introspection for ROS interfaces
[ 23%] Building CXX object CMakeFiles/cuas_msgs__rosidl_typesupport_cpp.dir/rosidl_typesupport_cpp/cuas_msgs/msg/radar_detection__type_support.cpp.o
[ 26%] Building CXX object CMakeFiles/cuas_msgs__rosidl_typesupport_introspection_cpp.dir/rosidl_typesupport_introspection_cpp/cuas_msgs/msg/detail/radar_detection__type_support.cpp.o
[ 26%] Building CXX object CMakeFiles/cuas_msgs__rosidl_typesupport_fastrtps_cpp.dir/rosidl_typesupport_fastrtps_cpp/cuas_msgs/msg/detail/dds_fastrtps/radar_detection__type_support.cpp.o
[ 27%] Building CXX object CMakeFiles/cuas_msgs__rosidl_typesupport_c.dir/rosidl_typesupport_c/cuas_msgs/msg/radar_detection__type_support.cpp.o
[ 29%] Building CXX object CMakeFiles/cuas_msgs__rosidl_typesupport_c.dir/rosidl_typesupport_c/cuas_msgs/msg/radar_frame__type_support.cpp.o
[ 30%] Building CXX object CMakeFiles/cuas_msgs__rosidl_typesupport_c.dir/rosidl_typesupport_c/cuas_msgs/msg/fused_detection__type_support.cpp.o
[ 31%] Building CXX object CMakeFiles/cuas_msgs__rosidl_typesupport_c.dir/rosidl_typesupport_c/cuas_msgs/msg/track__type_support.cpp.o
[ 33%] Building CXX object CMakeFiles/cuas_msgs__rosidl_typesupport_fastrtps_c.dir/rosidl_typesupport_fastrtps_c/cuas_msgs/msg/detail/radar_detection__type_support_c.cpp.o
[ 34%] Building C object CMakeFiles/cuas_msgs__rosidl_typesupport_introspection_c.dir/rosidl_typesupport_introspection_c/cuas_msgs/msg/detail/radar_detection__type_support.c.o
[ 36%] Building CXX object CMakeFiles/cuas_msgs__rosidl_typesupport_c.dir/rosidl_typesupport_c/cuas_msgs/msg/track_array__type_support.cpp.o
[ 37%] Building CXX object CMakeFiles/cuas_msgs__rosidl_typesupport_cpp.dir/rosidl_typesupport_cpp/cuas_msgs/msg/radar_frame__type_support.cpp.o
[ 38%] Building C object CMakeFiles/cuas_msgs__rosidl_typesupport_introspection_c.dir/rosidl_typesupport_introspection_c/cuas_msgs/msg/detail/radar_frame__type_support.c.o
[ 40%] Building CXX object CMakeFiles/cuas_msgs__rosidl_typesupport_c.dir/rosidl_typesupport_c/cuas_msgs/msg/threat_report__type_support.cpp.o
[ 41%] Linking CXX shared library libcuas_msgs__rosidl_typesupport_c.so
[ 43%] Building C object CMakeFiles/cuas_msgs__rosidl_typesupport_introspection_c.dir/rosidl_typesupport_introspection_c/cuas_msgs/msg/detail/fused_detection__type_support.c.o
[ 43%] Built target cuas_msgs__rosidl_typesupport_c
[ 44%] Building C object CMakeFiles/cuas_msgs__rosidl_typesupport_introspection_c.dir/rosidl_typesupport_introspection_c/cuas_msgs/msg/detail/track__type_support.c.o
[ 45%] Building C object CMakeFiles/cuas_msgs__rosidl_typesupport_introspection_c.dir/rosidl_typesupport_introspection_c/cuas_msgs/msg/detail/track_array__type_support.c.o
[ 48%] Building CXX object CMakeFiles/cuas_msgs__rosidl_typesupport_fastrtps_c.dir/rosidl_typesupport_fastrtps_c/cuas_msgs/msg/detail/radar_frame__type_support_c.cpp.o
[ 48%] Building C object CMakeFiles/cuas_msgs__rosidl_typesupport_introspection_c.dir/rosidl_typesupport_introspection_c/cuas_msgs/msg/detail/threat_report__type_support.c.o
[ 50%] Linking C shared library libcuas_msgs__rosidl_typesupport_introspection_c.so
[ 51%] Building CXX object CMakeFiles/cuas_msgs__rosidl_typesupport_introspection_cpp.dir/rosidl_typesupport_introspection_cpp/cuas_msgs/msg/detail/radar_frame__type_support.cpp.o
[ 52%] Building CXX object CMakeFiles/cuas_msgs__rosidl_typesupport_fastrtps_cpp.dir/rosidl_typesupport_fastrtps_cpp/cuas_msgs/msg/detail/dds_fastrtps/radar_frame__type_support.cpp.o
[ 52%] Built target cuas_msgs__rosidl_typesupport_introspection_c
[ 54%] Building CXX object CMakeFiles/cuas_msgs__rosidl_typesupport_fastrtps_cpp.dir/rosidl_typesupport_fastrtps_cpp/cuas_msgs/msg/detail/dds_fastrtps/fused_detection__type_support.cpp.o
[ 55%] Building CXX object CMakeFiles/cuas_msgs__rosidl_typesupport_cpp.dir/rosidl_typesupport_cpp/cuas_msgs/msg/fused_detection__type_support.cpp.o
[ 56%] Building CXX object CMakeFiles/cuas_msgs__rosidl_typesupport_fastrtps_c.dir/rosidl_typesupport_fastrtps_c/cuas_msgs/msg/detail/fused_detection__type_support_c.cpp.o
[ 58%] Building CXX object CMakeFiles/cuas_msgs__rosidl_typesupport_fastrtps_c.dir/rosidl_typesupport_fastrtps_c/cuas_msgs/msg/detail/track__type_support_c.cpp.o
[ 59%] Building CXX object CMakeFiles/cuas_msgs__rosidl_typesupport_cpp.dir/rosidl_typesupport_cpp/cuas_msgs/msg/track__type_support.cpp.o
[ 61%] Building CXX object CMakeFiles/cuas_msgs__rosidl_typesupport_introspection_cpp.dir/rosidl_typesupport_introspection_cpp/cuas_msgs/msg/detail/fused_detection__type_support.cpp.o
[ 62%] Building CXX object CMakeFiles/cuas_msgs__rosidl_typesupport_fastrtps_cpp.dir/rosidl_typesupport_fastrtps_cpp/cuas_msgs/msg/detail/dds_fastrtps/track__type_support.cpp.o
[ 63%] Building CXX object CMakeFiles/cuas_msgs__rosidl_typesupport_fastrtps_cpp.dir/rosidl_typesupport_fastrtps_cpp/cuas_msgs/msg/detail/dds_fastrtps/track_array__type_support.cpp.o
[ 65%] Building CXX object CMakeFiles/cuas_msgs__rosidl_typesupport_fastrtps_c.dir/rosidl_typesupport_fastrtps_c/cuas_msgs/msg/detail/track_array__type_support_c.cpp.o
[ 66%] Building CXX object CMakeFiles/cuas_msgs__rosidl_typesupport_fastrtps_c.dir/rosidl_typesupport_fastrtps_c/cuas_msgs/msg/detail/threat_report__type_support_c.cpp.o
[ 68%] Building CXX object CMakeFiles/cuas_msgs__rosidl_typesupport_cpp.dir/rosidl_typesupport_cpp/cuas_msgs/msg/track_array__type_support.cpp.o
[ 69%] Building CXX object CMakeFiles/cuas_msgs__rosidl_typesupport_introspection_cpp.dir/rosidl_typesupport_introspection_cpp/cuas_msgs/msg/detail/track__type_support.cpp.o
[ 70%] Building CXX object CMakeFiles/cuas_msgs__rosidl_typesupport_fastrtps_cpp.dir/rosidl_typesupport_fastrtps_cpp/cuas_msgs/msg/detail/dds_fastrtps/threat_report__type_support.cpp.o
[ 72%] Building CXX object CMakeFiles/cuas_msgs__rosidl_typesupport_introspection_cpp.dir/rosidl_typesupport_introspection_cpp/cuas_msgs/msg/detail/track_array__type_support.cpp.o
[ 73%] Building CXX object CMakeFiles/cuas_msgs__rosidl_typesupport_introspection_cpp.dir/rosidl_typesupport_introspection_cpp/cuas_msgs/msg/detail/threat_report__type_support.cpp.o
[ 75%] Linking CXX shared library libcuas_msgs__rosidl_typesupport_fastrtps_c.so
[ 76%] Building CXX object CMakeFiles/cuas_msgs__rosidl_typesupport_cpp.dir/rosidl_typesupport_cpp/cuas_msgs/msg/threat_report__type_support.cpp.o
[ 76%] Built target cuas_msgs__rosidl_typesupport_fastrtps_c
[ 77%] Linking CXX shared library libcuas_msgs__rosidl_typesupport_cpp.so
[ 79%] Linking CXX shared library libcuas_msgs__rosidl_typesupport_fastrtps_cpp.so
[ 79%] Built target cuas_msgs__rosidl_typesupport_cpp
[ 80%] Linking CXX shared library libcuas_msgs__rosidl_typesupport_introspection_cpp.so
[ 80%] Built target cuas_msgs__rosidl_typesupport_fastrtps_cpp
[ 80%] Built target cuas_msgs__rosidl_typesupport_introspection_cpp
[ 80%] Built target cuas_msgs
[ 81%] Generating Python code for ROS interfaces
[ 81%] Built target cuas_msgs__py
[ 90%] Building C object CMakeFiles/cuas_msgs__rosidl_generator_py.dir/rosidl_generator_py/cuas_msgs/msg/_track_array_s.c.o
[ 90%] Building C object CMakeFiles/cuas_msgs__rosidl_generator_py.dir/rosidl_generator_py/cuas_msgs/msg/_threat_report_s.c.o
[ 90%] Building C object CMakeFiles/cuas_msgs__rosidl_generator_py.dir/rosidl_generator_py/cuas_msgs/msg/_track_s.c.o
[ 90%] Building C object CMakeFiles/cuas_msgs__rosidl_generator_py.dir/rosidl_generator_py/cuas_msgs/msg/_radar_detection_s.c.o
[ 90%] Building C object CMakeFiles/cuas_msgs__rosidl_generator_py.dir/rosidl_generator_py/cuas_msgs/msg/_fused_detection_s.c.o
[ 90%] Building C object CMakeFiles/cuas_msgs__rosidl_generator_py.dir/rosidl_generator_py/cuas_msgs/msg/_radar_frame_s.c.o
[ 91%] Linking C shared library rosidl_generator_py/cuas_msgs/libcuas_msgs__rosidl_generator_py.so
[ 91%] Built target cuas_msgs__rosidl_generator_py
[ 95%] Building C object CMakeFiles/cuas_msgs__rosidl_typesupport_introspection_c__pyext.dir/rosidl_generator_py/cuas_msgs/_cuas_msgs_s.ep.rosidl_typesupport_introspection_c.c.o
[ 95%] Building C object CMakeFiles/cuas_msgs__rosidl_typesupport_fastrtps_c__pyext.dir/rosidl_generator_py/cuas_msgs/_cuas_msgs_s.ep.rosidl_typesupport_fastrtps_c.c.o
[ 95%] Building C object CMakeFiles/cuas_msgs__rosidl_typesupport_c__pyext.dir/rosidl_generator_py/cuas_msgs/_cuas_msgs_s.ep.rosidl_typesupport_c.c.o
[ 98%] Linking C shared library rosidl_generator_py/cuas_msgs/cuas_msgs_s__rosidl_typesupport_introspection_c.cpython-310-aarch64-linux-gnu.so
[ 98%] Linking C shared library rosidl_generator_py/cuas_msgs/cuas_msgs_s__rosidl_typesupport_fastrtps_c.cpython-310-aarch64-linux-gnu.so
[100%] Linking C shared library rosidl_generator_py/cuas_msgs/cuas_msgs_s__rosidl_typesupport_c.cpython-310-aarch64-linux-gnu.so
[100%] Built target cuas_msgs__rosidl_typesupport_c__pyext
[100%] Built target cuas_msgs__rosidl_typesupport_introspection_c__pyext
[100%] Built target cuas_msgs__rosidl_typesupport_fastrtps_c__pyext
-- Install configuration: ""
-- Installing: /home/zork/ProjectHailMarry/install/cuas_msgs/share/ament_index/resource_index/rosidl_interfaces/cuas_msgs
-- Installing: /home/zork/ProjectHailMarry/install/cuas_msgs/include/cuas_msgs/cuas_msgs
-- Installing: /home/zork/ProjectHailMarry/install/cuas_msgs/include/cuas_msgs/cuas_msgs/msg
-- Installing: /home/zork/ProjectHailMarry/install/cuas_msgs/include/cuas_msgs/cuas_msgs/msg/track.h
-- Installing: /home/zork/ProjectHailMarry/install/cuas_msgs/include/cuas_msgs/cuas_msgs/msg/rosidl_generator_c__visibility_control.h
-- Installing: /home/zork/ProjectHailMarry/install/cuas_msgs/include/cuas_msgs/cuas_msgs/msg/radar_detection.h
-- Installing: /home/zork/ProjectHailMarry/install/cuas_msgs/include/cuas_msgs/cuas_msgs/msg/detail
-- Installing: /home/zork/ProjectHailMarry/install/cuas_msgs/include/cuas_msgs/cuas_msgs/msg/detail/track__functions.c
-- Installing: /home/zork/ProjectHailMarry/install/cuas_msgs/include/cuas_msgs/cuas_msgs/msg/detail/radar_frame__functions.h
-- Installing: /home/zork/ProjectHailMarry/install/cuas_msgs/include/cuas_msgs/cuas_msgs/msg/detail/track__struct.h
-- Installing: /home/zork/ProjectHailMarry/install/cuas_msgs/include/cuas_msgs/cuas_msgs/msg/detail/threat_report__functions.c
-- Installing: /home/zork/ProjectHailMarry/install/cuas_msgs/include/cuas_msgs/cuas_msgs/msg/detail/radar_frame__struct.h
-- Installing: /home/zork/ProjectHailMarry/install/cuas_msgs/include/cuas_msgs/cuas_msgs/msg/detail/fused_detection__functions.c
-- Installing: /home/zork/ProjectHailMarry/install/cuas_msgs/include/cuas_msgs/cuas_msgs/msg/detail/radar_frame__type_support.h
-- Installing: /home/zork/ProjectHailMarry/install/cuas_msgs/include/cuas_msgs/cuas_msgs/msg/detail/fused_detection__functions.h
-- Installing: /home/zork/ProjectHailMarry/install/cuas_msgs/include/cuas_msgs/cuas_msgs/msg/detail/track__type_support.h
-- Installing: /home/zork/ProjectHailMarry/install/cuas_msgs/include/cuas_msgs/cuas_msgs/msg/detail/fused_detection__type_support.h
-- Installing: /home/zork/ProjectHailMarry/install/cuas_msgs/include/cuas_msgs/cuas_msgs/msg/detail/radar_detection__struct.h
-- Installing: /home/zork/ProjectHailMarry/install/cuas_msgs/include/cuas_msgs/cuas_msgs/msg/detail/radar_frame__functions.c
-- Installing: /home/zork/ProjectHailMarry/install/cuas_msgs/include/cuas_msgs/cuas_msgs/msg/detail/track_array__struct.h
-- Installing: /home/zork/ProjectHailMarry/install/cuas_msgs/include/cuas_msgs/cuas_msgs/msg/detail/track_array__functions.c
-- Installing: /home/zork/ProjectHailMarry/install/cuas_msgs/include/cuas_msgs/cuas_msgs/msg/detail/radar_detection__type_support.h
-- Installing: /home/zork/ProjectHailMarry/install/cuas_msgs/include/cuas_msgs/cuas_msgs/msg/detail/threat_report__functions.h
-- Installing: /home/zork/ProjectHailMarry/install/cuas_msgs/include/cuas_msgs/cuas_msgs/msg/detail/fused_detection__struct.h
-- Installing: /home/zork/ProjectHailMarry/install/cuas_msgs/include/cuas_msgs/cuas_msgs/msg/detail/threat_report__type_support.h
-- Installing: /home/zork/ProjectHailMarry/install/cuas_msgs/include/cuas_msgs/cuas_msgs/msg/detail/track_array__type_support.h
-- Installing: /home/zork/ProjectHailMarry/install/cuas_msgs/include/cuas_msgs/cuas_msgs/msg/detail/radar_detection__functions.c
-- Installing: /home/zork/ProjectHailMarry/install/cuas_msgs/include/cuas_msgs/cuas_msgs/msg/detail/track__functions.h
-- Installing: /home/zork/ProjectHailMarry/install/cuas_msgs/include/cuas_msgs/cuas_msgs/msg/detail/radar_detection__functions.h
-- Installing: /home/zork/ProjectHailMarry/install/cuas_msgs/include/cuas_msgs/cuas_msgs/msg/detail/threat_report__struct.h
-- Installing: /home/zork/ProjectHailMarry/install/cuas_msgs/include/cuas_msgs/cuas_msgs/msg/detail/track_array__functions.h
-- Installing: /home/zork/ProjectHailMarry/install/cuas_msgs/include/cuas_msgs/cuas_msgs/msg/radar_frame.h
-- Installing: /home/zork/ProjectHailMarry/install/cuas_msgs/include/cuas_msgs/cuas_msgs/msg/track_array.h
-- Installing: /home/zork/ProjectHailMarry/install/cuas_msgs/include/cuas_msgs/cuas_msgs/msg/fused_detection.h
-- Installing: /home/zork/ProjectHailMarry/install/cuas_msgs/include/cuas_msgs/cuas_msgs/msg/threat_report.h
-- Installing: /home/zork/ProjectHailMarry/install/cuas_msgs/share/cuas_msgs/environment/library_path.sh
-- Installing: /home/zork/ProjectHailMarry/install/cuas_msgs/share/cuas_msgs/environment/library_path.dsv
-- Installing: /home/zork/ProjectHailMarry/install/cuas_msgs/lib/libcuas_msgs__rosidl_generator_c.so
-- Set runtime path of "/home/zork/ProjectHailMarry/install/cuas_msgs/lib/libcuas_msgs__rosidl_generator_c.so" to ""
-- Up-to-date: /home/zork/ProjectHailMarry/install/cuas_msgs/include/cuas_msgs/cuas_msgs
-- Up-to-date: /home/zork/ProjectHailMarry/install/cuas_msgs/include/cuas_msgs/cuas_msgs/msg
-- Installing: /home/zork/ProjectHailMarry/install/cuas_msgs/include/cuas_msgs/cuas_msgs/msg/rosidl_typesupport_fastrtps_c__visibility_control.h
-- Up-to-date: /home/zork/ProjectHailMarry/install/cuas_msgs/include/cuas_msgs/cuas_msgs/msg/detail
-- Installing: /home/zork/ProjectHailMarry/install/cuas_msgs/include/cuas_msgs/cuas_msgs/msg/detail/track__rosidl_typesupport_fastrtps_c.h
-- Installing: /home/zork/ProjectHailMarry/install/cuas_msgs/include/cuas_msgs/cuas_msgs/msg/detail/radar_frame__rosidl_typesupport_fastrtps_c.h
-- Installing: /home/zork/ProjectHailMarry/install/cuas_msgs/include/cuas_msgs/cuas_msgs/msg/detail/fused_detection__rosidl_typesupport_fastrtps_c.h
-- Installing: /home/zork/ProjectHailMarry/install/cuas_msgs/include/cuas_msgs/cuas_msgs/msg/detail/threat_report__rosidl_typesupport_fastrtps_c.h
-- Installing: /home/zork/ProjectHailMarry/install/cuas_msgs/include/cuas_msgs/cuas_msgs/msg/detail/radar_detection__rosidl_typesupport_fastrtps_c.h
-- Installing: /home/zork/ProjectHailMarry/install/cuas_msgs/include/cuas_msgs/cuas_msgs/msg/detail/track_array__rosidl_typesupport_fastrtps_c.h
-- Installing: /home/zork/ProjectHailMarry/install/cuas_msgs/lib/libcuas_msgs__rosidl_typesupport_fastrtps_c.so
-- Set runtime path of "/home/zork/ProjectHailMarry/install/cuas_msgs/lib/libcuas_msgs__rosidl_typesupport_fastrtps_c.so" to ""
-- Up-to-date: /home/zork/ProjectHailMarry/install/cuas_msgs/include/cuas_msgs/cuas_msgs
-- Up-to-date: /home/zork/ProjectHailMarry/install/cuas_msgs/include/cuas_msgs/cuas_msgs/msg
-- Up-to-date: /home/zork/ProjectHailMarry/install/cuas_msgs/include/cuas_msgs/cuas_msgs/msg/detail
-- Installing: /home/zork/ProjectHailMarry/install/cuas_msgs/include/cuas_msgs/cuas_msgs/msg/detail/threat_report__rosidl_typesupport_introspection_c.h
-- Installing: /home/zork/ProjectHailMarry/install/cuas_msgs/include/cuas_msgs/cuas_msgs/msg/detail/track__type_support.c
-- Installing: /home/zork/ProjectHailMarry/install/cuas_msgs/include/cuas_msgs/cuas_msgs/msg/detail/track_array__type_support.c
-- Installing: /home/zork/ProjectHailMarry/install/cuas_msgs/include/cuas_msgs/cuas_msgs/msg/detail/radar_detection__rosidl_typesupport_introspection_c.h
-- Installing: /home/zork/ProjectHailMarry/install/cuas_msgs/include/cuas_msgs/cuas_msgs/msg/detail/radar_frame__type_support.c
-- Installing: /home/zork/ProjectHailMarry/install/cuas_msgs/include/cuas_msgs/cuas_msgs/msg/detail/track_array__rosidl_typesupport_introspection_c.h
-- Installing: /home/zork/ProjectHailMarry/install/cuas_msgs/include/cuas_msgs/cuas_msgs/msg/detail/track__rosidl_typesupport_introspection_c.h
-- Installing: /home/zork/ProjectHailMarry/install/cuas_msgs/include/cuas_msgs/cuas_msgs/msg/detail/fused_detection__rosidl_typesupport_introspection_c.h
-- Installing: /home/zork/ProjectHailMarry/install/cuas_msgs/include/cuas_msgs/cuas_msgs/msg/detail/radar_detection__type_support.c
-- Installing: /home/zork/ProjectHailMarry/install/cuas_msgs/include/cuas_msgs/cuas_msgs/msg/detail/fused_detection__type_support.c
-- Installing: /home/zork/ProjectHailMarry/install/cuas_msgs/include/cuas_msgs/cuas_msgs/msg/detail/threat_report__type_support.c
-- Installing: /home/zork/ProjectHailMarry/install/cuas_msgs/include/cuas_msgs/cuas_msgs/msg/detail/radar_frame__rosidl_typesupport_introspection_c.h
-- Installing: /home/zork/ProjectHailMarry/install/cuas_msgs/include/cuas_msgs/cuas_msgs/msg/rosidl_typesupport_introspection_c__visibility_control.h
-- Installing: /home/zork/ProjectHailMarry/install/cuas_msgs/lib/libcuas_msgs__rosidl_typesupport_introspection_c.so
-- Set runtime path of "/home/zork/ProjectHailMarry/install/cuas_msgs/lib/libcuas_msgs__rosidl_typesupport_introspection_c.so" to ""
-- Installing: /home/zork/ProjectHailMarry/install/cuas_msgs/lib/libcuas_msgs__rosidl_typesupport_c.so
-- Set runtime path of "/home/zork/ProjectHailMarry/install/cuas_msgs/lib/libcuas_msgs__rosidl_typesupport_c.so" to ""
-- Up-to-date: /home/zork/ProjectHailMarry/install/cuas_msgs/include/cuas_msgs/cuas_msgs
-- Up-to-date: /home/zork/ProjectHailMarry/install/cuas_msgs/include/cuas_msgs/cuas_msgs/msg
-- Installing: /home/zork/ProjectHailMarry/install/cuas_msgs/include/cuas_msgs/cuas_msgs/msg/threat_report.hpp
-- Installing: /home/zork/ProjectHailMarry/install/cuas_msgs/include/cuas_msgs/cuas_msgs/msg/fused_detection.hpp
-- Up-to-date: /home/zork/ProjectHailMarry/install/cuas_msgs/include/cuas_msgs/cuas_msgs/msg/detail
-- Installing: /home/zork/ProjectHailMarry/install/cuas_msgs/include/cuas_msgs/cuas_msgs/msg/detail/fused_detection__traits.hpp
-- Installing: /home/zork/ProjectHailMarry/install/cuas_msgs/include/cuas_msgs/cuas_msgs/msg/detail/radar_frame__struct.hpp
-- Installing: /home/zork/ProjectHailMarry/install/cuas_msgs/include/cuas_msgs/cuas_msgs/msg/detail/track_array__type_support.hpp
-- Installing: /home/zork/ProjectHailMarry/install/cuas_msgs/include/cuas_msgs/cuas_msgs/msg/detail/fused_detection__struct.hpp
-- Installing: /home/zork/ProjectHailMarry/install/cuas_msgs/include/cuas_msgs/cuas_msgs/msg/detail/radar_detection__type_support.hpp
-- Installing: /home/zork/ProjectHailMarry/install/cuas_msgs/include/cuas_msgs/cuas_msgs/msg/detail/track__type_support.hpp
-- Installing: /home/zork/ProjectHailMarry/install/cuas_msgs/include/cuas_msgs/cuas_msgs/msg/detail/track__struct.hpp
-- Installing: /home/zork/ProjectHailMarry/install/cuas_msgs/include/cuas_msgs/cuas_msgs/msg/detail/fused_detection__type_support.hpp
-- Installing: /home/zork/ProjectHailMarry/install/cuas_msgs/include/cuas_msgs/cuas_msgs/msg/detail/track_array__traits.hpp
-- Installing: /home/zork/ProjectHailMarry/install/cuas_msgs/include/cuas_msgs/cuas_msgs/msg/detail/radar_frame__builder.hpp
-- Installing: /home/zork/ProjectHailMarry/install/cuas_msgs/include/cuas_msgs/cuas_msgs/msg/detail/threat_report__builder.hpp
-- Installing: /home/zork/ProjectHailMarry/install/cuas_msgs/include/cuas_msgs/cuas_msgs/msg/detail/radar_frame__type_support.hpp
-- Installing: /home/zork/ProjectHailMarry/install/cuas_msgs/include/cuas_msgs/cuas_msgs/msg/detail/threat_report__traits.hpp
-- Installing: /home/zork/ProjectHailMarry/install/cuas_msgs/include/cuas_msgs/cuas_msgs/msg/detail/radar_detection__builder.hpp
-- Installing: /home/zork/ProjectHailMarry/install/cuas_msgs/include/cuas_msgs/cuas_msgs/msg/detail/radar_frame__traits.hpp
-- Installing: /home/zork/ProjectHailMarry/install/cuas_msgs/include/cuas_msgs/cuas_msgs/msg/detail/track_array__struct.hpp
-- Installing: /home/zork/ProjectHailMarry/install/cuas_msgs/include/cuas_msgs/cuas_msgs/msg/detail/track__traits.hpp
-- Installing: /home/zork/ProjectHailMarry/install/cuas_msgs/include/cuas_msgs/cuas_msgs/msg/detail/track__builder.hpp
-- Installing: /home/zork/ProjectHailMarry/install/cuas_msgs/include/cuas_msgs/cuas_msgs/msg/detail/threat_report__type_support.hpp
-- Installing: /home/zork/ProjectHailMarry/install/cuas_msgs/include/cuas_msgs/cuas_msgs/msg/detail/radar_detection__struct.hpp
-- Installing: /home/zork/ProjectHailMarry/install/cuas_msgs/include/cuas_msgs/cuas_msgs/msg/detail/fused_detection__builder.hpp
-- Installing: /home/zork/ProjectHailMarry/install/cuas_msgs/include/cuas_msgs/cuas_msgs/msg/detail/threat_report__struct.hpp
-- Installing: /home/zork/ProjectHailMarry/install/cuas_msgs/include/cuas_msgs/cuas_msgs/msg/detail/radar_detection__traits.hpp
-- Installing: /home/zork/ProjectHailMarry/install/cuas_msgs/include/cuas_msgs/cuas_msgs/msg/detail/track_array__builder.hpp
-- Installing: /home/zork/ProjectHailMarry/install/cuas_msgs/include/cuas_msgs/cuas_msgs/msg/track.hpp
-- Installing: /home/zork/ProjectHailMarry/install/cuas_msgs/include/cuas_msgs/cuas_msgs/msg/track_array.hpp
-- Installing: /home/zork/ProjectHailMarry/install/cuas_msgs/include/cuas_msgs/cuas_msgs/msg/radar_frame.hpp
-- Installing: /home/zork/ProjectHailMarry/install/cuas_msgs/include/cuas_msgs/cuas_msgs/msg/radar_detection.hpp
-- Installing: /home/zork/ProjectHailMarry/install/cuas_msgs/include/cuas_msgs/cuas_msgs/msg/rosidl_generator_cpp__visibility_control.hpp
-- Up-to-date: /home/zork/ProjectHailMarry/install/cuas_msgs/include/cuas_msgs/cuas_msgs
-- Up-to-date: /home/zork/ProjectHailMarry/install/cuas_msgs/include/cuas_msgs/cuas_msgs/msg
-- Up-to-date: /home/zork/ProjectHailMarry/install/cuas_msgs/include/cuas_msgs/cuas_msgs/msg/detail
-- Installing: /home/zork/ProjectHailMarry/install/cuas_msgs/include/cuas_msgs/cuas_msgs/msg/detail/dds_fastrtps
-- Installing: /home/zork/ProjectHailMarry/install/cuas_msgs/include/cuas_msgs/cuas_msgs/msg/detail/track__rosidl_typesupport_fastrtps_cpp.hpp
-- Installing: /home/zork/ProjectHailMarry/install/cuas_msgs/include/cuas_msgs/cuas_msgs/msg/detail/threat_report__rosidl_typesupport_fastrtps_cpp.hpp
-- Installing: /home/zork/ProjectHailMarry/install/cuas_msgs/include/cuas_msgs/cuas_msgs/msg/detail/fused_detection__rosidl_typesupport_fastrtps_cpp.hpp
-- Installing: /home/zork/ProjectHailMarry/install/cuas_msgs/include/cuas_msgs/cuas_msgs/msg/detail/radar_frame__rosidl_typesupport_fastrtps_cpp.hpp
-- Installing: /home/zork/ProjectHailMarry/install/cuas_msgs/include/cuas_msgs/cuas_msgs/msg/detail/radar_detection__rosidl_typesupport_fastrtps_cpp.hpp
-- Installing: /home/zork/ProjectHailMarry/install/cuas_msgs/include/cuas_msgs/cuas_msgs/msg/detail/track_array__rosidl_typesupport_fastrtps_cpp.hpp
-- Installing: /home/zork/ProjectHailMarry/install/cuas_msgs/include/cuas_msgs/cuas_msgs/msg/rosidl_typesupport_fastrtps_cpp__visibility_control.h
-- Installing: /home/zork/ProjectHailMarry/install/cuas_msgs/lib/libcuas_msgs__rosidl_typesupport_fastrtps_cpp.so
-- Set runtime path of "/home/zork/ProjectHailMarry/install/cuas_msgs/lib/libcuas_msgs__rosidl_typesupport_fastrtps_cpp.so" to ""
-- Up-to-date: /home/zork/ProjectHailMarry/install/cuas_msgs/include/cuas_msgs/cuas_msgs
-- Up-to-date: /home/zork/ProjectHailMarry/install/cuas_msgs/include/cuas_msgs/cuas_msgs/msg
-- Up-to-date: /home/zork/ProjectHailMarry/install/cuas_msgs/include/cuas_msgs/cuas_msgs/msg/detail
-- Installing: /home/zork/ProjectHailMarry/install/cuas_msgs/include/cuas_msgs/cuas_msgs/msg/detail/threat_report__type_support.cpp
-- Installing: /home/zork/ProjectHailMarry/install/cuas_msgs/include/cuas_msgs/cuas_msgs/msg/detail/threat_report__rosidl_typesupport_introspection_cpp.hpp
-- Installing: /home/zork/ProjectHailMarry/install/cuas_msgs/include/cuas_msgs/cuas_msgs/msg/detail/fused_detection__type_support.cpp
-- Installing: /home/zork/ProjectHailMarry/install/cuas_msgs/include/cuas_msgs/cuas_msgs/msg/detail/track__rosidl_typesupport_introspection_cpp.hpp
-- Installing: /home/zork/ProjectHailMarry/install/cuas_msgs/include/cuas_msgs/cuas_msgs/msg/detail/track__type_support.cpp
-- Installing: /home/zork/ProjectHailMarry/install/cuas_msgs/include/cuas_msgs/cuas_msgs/msg/detail/track_array__type_support.cpp
-- Installing: /home/zork/ProjectHailMarry/install/cuas_msgs/include/cuas_msgs/cuas_msgs/msg/detail/radar_frame__type_support.cpp
-- Installing: /home/zork/ProjectHailMarry/install/cuas_msgs/include/cuas_msgs/cuas_msgs/msg/detail/radar_detection__type_support.cpp
-- Installing: /home/zork/ProjectHailMarry/install/cuas_msgs/include/cuas_msgs/cuas_msgs/msg/detail/radar_frame__rosidl_typesupport_introspection_cpp.hpp
-- Installing: /home/zork/ProjectHailMarry/install/cuas_msgs/include/cuas_msgs/cuas_msgs/msg/detail/track_array__rosidl_typesupport_introspection_cpp.hpp
-- Installing: /home/zork/ProjectHailMarry/install/cuas_msgs/include/cuas_msgs/cuas_msgs/msg/detail/radar_detection__rosidl_typesupport_introspection_cpp.hpp
-- Installing: /home/zork/ProjectHailMarry/install/cuas_msgs/include/cuas_msgs/cuas_msgs/msg/detail/fused_detection__rosidl_typesupport_introspection_cpp.hpp
-- Installing: /home/zork/ProjectHailMarry/install/cuas_msgs/lib/libcuas_msgs__rosidl_typesupport_introspection_cpp.so
-- Set runtime path of "/home/zork/ProjectHailMarry/install/cuas_msgs/lib/libcuas_msgs__rosidl_typesupport_introspection_cpp.so" to ""
-- Installing: /home/zork/ProjectHailMarry/install/cuas_msgs/lib/libcuas_msgs__rosidl_typesupport_cpp.so
-- Set runtime path of "/home/zork/ProjectHailMarry/install/cuas_msgs/lib/libcuas_msgs__rosidl_typesupport_cpp.so" to ""
-- Installing: /home/zork/ProjectHailMarry/install/cuas_msgs/share/cuas_msgs/environment/pythonpath.sh
-- Installing: /home/zork/ProjectHailMarry/install/cuas_msgs/share/cuas_msgs/environment/pythonpath.dsv
-- Installing: /home/zork/ProjectHailMarry/install/cuas_msgs/local/lib/python3.10/dist-packages/cuas_msgs-0.1.0-py3.10.egg-info
-- Installing: /home/zork/ProjectHailMarry/install/cuas_msgs/local/lib/python3.10/dist-packages/cuas_msgs-0.1.0-py3.10.egg-info/SOURCES.txt
-- Installing: /home/zork/ProjectHailMarry/install/cuas_msgs/local/lib/python3.10/dist-packages/cuas_msgs-0.1.0-py3.10.egg-info/PKG-INFO
-- Installing: /home/zork/ProjectHailMarry/install/cuas_msgs/local/lib/python3.10/dist-packages/cuas_msgs-0.1.0-py3.10.egg-info/top_level.txt
-- Installing: /home/zork/ProjectHailMarry/install/cuas_msgs/local/lib/python3.10/dist-packages/cuas_msgs-0.1.0-py3.10.egg-info/dependency_links.txt
-- Installing: /home/zork/ProjectHailMarry/install/cuas_msgs/local/lib/python3.10/dist-packages/cuas_msgs
-- Installing: /home/zork/ProjectHailMarry/install/cuas_msgs/local/lib/python3.10/dist-packages/cuas_msgs/_cuas_msgs_s.ep.rosidl_typesupport_introspection_c.c
-- Installing: /home/zork/ProjectHailMarry/install/cuas_msgs/local/lib/python3.10/dist-packages/cuas_msgs/_cuas_msgs_s.ep.rosidl_typesupport_fastrtps_c.c
-- Installing: /home/zork/ProjectHailMarry/install/cuas_msgs/local/lib/python3.10/dist-packages/cuas_msgs/libcuas_msgs__rosidl_generator_py.so
-- Installing: /home/zork/ProjectHailMarry/install/cuas_msgs/local/lib/python3.10/dist-packages/cuas_msgs/msg
-- Installing: /home/zork/ProjectHailMarry/install/cuas_msgs/local/lib/python3.10/dist-packages/cuas_msgs/msg/_track_array_s.c
-- Installing: /home/zork/ProjectHailMarry/install/cuas_msgs/local/lib/python3.10/dist-packages/cuas_msgs/msg/_track_s.c
-- Installing: /home/zork/ProjectHailMarry/install/cuas_msgs/local/lib/python3.10/dist-packages/cuas_msgs/msg/__init__.py
-- Installing: /home/zork/ProjectHailMarry/install/cuas_msgs/local/lib/python3.10/dist-packages/cuas_msgs/msg/_threat_report_s.c
-- Installing: /home/zork/ProjectHailMarry/install/cuas_msgs/local/lib/python3.10/dist-packages/cuas_msgs/msg/_fused_detection_s.c
-- Installing: /home/zork/ProjectHailMarry/install/cuas_msgs/local/lib/python3.10/dist-packages/cuas_msgs/msg/_radar_detection.py
-- Installing: /home/zork/ProjectHailMarry/install/cuas_msgs/local/lib/python3.10/dist-packages/cuas_msgs/msg/_radar_frame.py
-- Installing: /home/zork/ProjectHailMarry/install/cuas_msgs/local/lib/python3.10/dist-packages/cuas_msgs/msg/_threat_report.py
-- Installing: /home/zork/ProjectHailMarry/install/cuas_msgs/local/lib/python3.10/dist-packages/cuas_msgs/msg/_radar_detection_s.c
-- Installing: /home/zork/ProjectHailMarry/install/cuas_msgs/local/lib/python3.10/dist-packages/cuas_msgs/msg/_fused_detection.py
-- Installing: /home/zork/ProjectHailMarry/install/cuas_msgs/local/lib/python3.10/dist-packages/cuas_msgs/msg/_track_array.py
-- Installing: /home/zork/ProjectHailMarry/install/cuas_msgs/local/lib/python3.10/dist-packages/cuas_msgs/msg/_track.py
-- Installing: /home/zork/ProjectHailMarry/install/cuas_msgs/local/lib/python3.10/dist-packages/cuas_msgs/msg/_radar_frame_s.c
-- Installing: /home/zork/ProjectHailMarry/install/cuas_msgs/local/lib/python3.10/dist-packages/cuas_msgs/cuas_msgs_s__rosidl_typesupport_introspection_c.cpython-310-aarch64-linux-gnu.so
-- Installing: /home/zork/ProjectHailMarry/install/cuas_msgs/local/lib/python3.10/dist-packages/cuas_msgs/__init__.py
-- Installing: /home/zork/ProjectHailMarry/install/cuas_msgs/local/lib/python3.10/dist-packages/cuas_msgs/cuas_msgs_s__rosidl_typesupport_c.cpython-310-aarch64-linux-gnu.so
-- Installing: /home/zork/ProjectHailMarry/install/cuas_msgs/local/lib/python3.10/dist-packages/cuas_msgs/cuas_msgs_s__rosidl_typesupport_fastrtps_c.cpython-310-aarch64-linux-gnu.so
-- Installing: /home/zork/ProjectHailMarry/install/cuas_msgs/local/lib/python3.10/dist-packages/cuas_msgs/_cuas_msgs_s.ep.rosidl_typesupport_c.c
Listing '/home/zork/ProjectHailMarry/install/cuas_msgs/local/lib/python3.10/dist-packages/cuas_msgs'...
Compiling '/home/zork/ProjectHailMarry/install/cuas_msgs/local/lib/python3.10/dist-packages/cuas_msgs/__init__.py'...
Listing '/home/zork/ProjectHailMarry/install/cuas_msgs/local/lib/python3.10/dist-packages/cuas_msgs/msg'...
Compiling '/home/zork/ProjectHailMarry/install/cuas_msgs/local/lib/python3.10/dist-packages/cuas_msgs/msg/__init__.py'...
Compiling '/home/zork/ProjectHailMarry/install/cuas_msgs/local/lib/python3.10/dist-packages/cuas_msgs/msg/_fused_detection.py'...
Compiling '/home/zork/ProjectHailMarry/install/cuas_msgs/local/lib/python3.10/dist-packages/cuas_msgs/msg/_radar_detection.py'...
Compiling '/home/zork/ProjectHailMarry/install/cuas_msgs/local/lib/python3.10/dist-packages/cuas_msgs/msg/_radar_frame.py'...
Compiling '/home/zork/ProjectHailMarry/install/cuas_msgs/local/lib/python3.10/dist-packages/cuas_msgs/msg/_threat_report.py'...
Compiling '/home/zork/ProjectHailMarry/install/cuas_msgs/local/lib/python3.10/dist-packages/cuas_msgs/msg/_track.py'...
Compiling '/home/zork/ProjectHailMarry/install/cuas_msgs/local/lib/python3.10/dist-packages/cuas_msgs/msg/_track_array.py'...
-- Installing: /home/zork/ProjectHailMarry/install/cuas_msgs/local/lib/python3.10/dist-packages/cuas_msgs/cuas_msgs_s__rosidl_typesupport_fastrtps_c.cpython-310-aarch64-linux-gnu.so
-- Set runtime path of "/home/zork/ProjectHailMarry/install/cuas_msgs/local/lib/python3.10/dist-packages/cuas_msgs/cuas_msgs_s__rosidl_typesupport_fastrtps_c.cpython-310-aarch64-linux-gnu.so" to ""
-- Installing: /home/zork/ProjectHailMarry/install/cuas_msgs/local/lib/python3.10/dist-packages/cuas_msgs/cuas_msgs_s__rosidl_typesupport_introspection_c.cpython-310-aarch64-linux-gnu.so
-- Set runtime path of "/home/zork/ProjectHailMarry/install/cuas_msgs/local/lib/python3.10/dist-packages/cuas_msgs/cuas_msgs_s__rosidl_typesupport_introspection_c.cpython-310-aarch64-linux-gnu.so" to ""
-- Installing: /home/zork/ProjectHailMarry/install/cuas_msgs/local/lib/python3.10/dist-packages/cuas_msgs/cuas_msgs_s__rosidl_typesupport_c.cpython-310-aarch64-linux-gnu.so
-- Set runtime path of "/home/zork/ProjectHailMarry/install/cuas_msgs/local/lib/python3.10/dist-packages/cuas_msgs/cuas_msgs_s__rosidl_typesupport_c.cpython-310-aarch64-linux-gnu.so" to ""
-- Installing: /home/zork/ProjectHailMarry/install/cuas_msgs/lib/libcuas_msgs__rosidl_generator_py.so
-- Set runtime path of "/home/zork/ProjectHailMarry/install/cuas_msgs/lib/libcuas_msgs__rosidl_generator_py.so" to ""
-- Installing: /home/zork/ProjectHailMarry/install/cuas_msgs/share/ament_index/resource_index/rust_packages/cuas_msgs
-- Installing: /home/zork/ProjectHailMarry/install/cuas_msgs/share/cuas_msgs/rust
-- Installing: /home/zork/ProjectHailMarry/install/cuas_msgs/share/cuas_msgs/rust/src
-- Installing: /home/zork/ProjectHailMarry/install/cuas_msgs/share/cuas_msgs/rust/src/msg
-- Installing: /home/zork/ProjectHailMarry/install/cuas_msgs/share/cuas_msgs/rust/src/msg/rmw.rs
-- Installing: /home/zork/ProjectHailMarry/install/cuas_msgs/share/cuas_msgs/rust/src/lib.rs
-- Installing: /home/zork/ProjectHailMarry/install/cuas_msgs/share/cuas_msgs/rust/src/msg.rs
-- Installing: /home/zork/ProjectHailMarry/install/cuas_msgs/share/cuas_msgs/rust/Cargo.toml
-- Installing: /home/zork/ProjectHailMarry/install/cuas_msgs/share/cuas_msgs/rust/build.rs
-- Installing: /home/zork/ProjectHailMarry/install/cuas_msgs/share/cuas_msgs/msg/RadarDetection.idl
-- Installing: /home/zork/ProjectHailMarry/install/cuas_msgs/share/cuas_msgs/msg/RadarFrame.idl
-- Installing: /home/zork/ProjectHailMarry/install/cuas_msgs/share/cuas_msgs/msg/FusedDetection.idl
-- Installing: /home/zork/ProjectHailMarry/install/cuas_msgs/share/cuas_msgs/msg/Track.idl
-- Installing: /home/zork/ProjectHailMarry/install/cuas_msgs/share/cuas_msgs/msg/TrackArray.idl
-- Installing: /home/zork/ProjectHailMarry/install/cuas_msgs/share/cuas_msgs/msg/ThreatReport.idl
-- Installing: /home/zork/ProjectHailMarry/install/cuas_msgs/share/cuas_msgs/msg/RadarDetection.msg
-- Installing: /home/zork/ProjectHailMarry/install/cuas_msgs/share/cuas_msgs/msg/RadarFrame.msg
-- Installing: /home/zork/ProjectHailMarry/install/cuas_msgs/share/cuas_msgs/msg/FusedDetection.msg
-- Installing: /home/zork/ProjectHailMarry/install/cuas_msgs/share/cuas_msgs/msg/Track.msg
-- Installing: /home/zork/ProjectHailMarry/install/cuas_msgs/share/cuas_msgs/msg/TrackArray.msg
-- Installing: /home/zork/ProjectHailMarry/install/cuas_msgs/share/cuas_msgs/msg/ThreatReport.msg
-- Installing: /home/zork/ProjectHailMarry/install/cuas_msgs/share/ament_index/resource_index/package_run_dependencies/cuas_msgs
-- Installing: /home/zork/ProjectHailMarry/install/cuas_msgs/share/ament_index/resource_index/parent_prefix_path/cuas_msgs
-- Installing: /home/zork/ProjectHailMarry/install/cuas_msgs/share/cuas_msgs/environment/ament_prefix_path.sh
-- Installing: /home/zork/ProjectHailMarry/install/cuas_msgs/share/cuas_msgs/environment/ament_prefix_path.dsv
-- Installing: /home/zork/ProjectHailMarry/install/cuas_msgs/share/cuas_msgs/environment/path.sh
-- Installing: /home/zork/ProjectHailMarry/install/cuas_msgs/share/cuas_msgs/environment/path.dsv
-- Installing: /home/zork/ProjectHailMarry/install/cuas_msgs/share/cuas_msgs/local_setup.bash
-- Installing: /home/zork/ProjectHailMarry/install/cuas_msgs/share/cuas_msgs/local_setup.sh
-- Installing: /home/zork/ProjectHailMarry/install/cuas_msgs/share/cuas_msgs/local_setup.zsh
-- Installing: /home/zork/ProjectHailMarry/install/cuas_msgs/share/cuas_msgs/local_setup.dsv
-- Installing: /home/zork/ProjectHailMarry/install/cuas_msgs/share/cuas_msgs/package.dsv
-- Installing: /home/zork/ProjectHailMarry/install/cuas_msgs/share/ament_index/resource_index/packages/cuas_msgs
-- Installing: /home/zork/ProjectHailMarry/install/cuas_msgs/share/cuas_msgs/cmake/export_cuas_msgs__rosidl_generator_cExport.cmake
-- Installing: /home/zork/ProjectHailMarry/install/cuas_msgs/share/cuas_msgs/cmake/export_cuas_msgs__rosidl_generator_cExport-noconfig.cmake
-- Installing: /home/zork/ProjectHailMarry/install/cuas_msgs/share/cuas_msgs/cmake/export_cuas_msgs__rosidl_typesupport_fastrtps_cExport.cmake
-- Installing: /home/zork/ProjectHailMarry/install/cuas_msgs/share/cuas_msgs/cmake/export_cuas_msgs__rosidl_typesupport_fastrtps_cExport-noconfig.cmake
-- Installing: /home/zork/ProjectHailMarry/install/cuas_msgs/share/cuas_msgs/cmake/cuas_msgs__rosidl_typesupport_introspection_cExport.cmake
-- Installing: /home/zork/ProjectHailMarry/install/cuas_msgs/share/cuas_msgs/cmake/cuas_msgs__rosidl_typesupport_introspection_cExport-noconfig.cmake
-- Installing: /home/zork/ProjectHailMarry/install/cuas_msgs/share/cuas_msgs/cmake/cuas_msgs__rosidl_typesupport_cExport.cmake
-- Installing: /home/zork/ProjectHailMarry/install/cuas_msgs/share/cuas_msgs/cmake/cuas_msgs__rosidl_typesupport_cExport-noconfig.cmake
-- Installing: /home/zork/ProjectHailMarry/install/cuas_msgs/share/cuas_msgs/cmake/export_cuas_msgs__rosidl_generator_cppExport.cmake
-- Installing: /home/zork/ProjectHailMarry/install/cuas_msgs/share/cuas_msgs/cmake/export_cuas_msgs__rosidl_typesupport_fastrtps_cppExport.cmake
-- Installing: /home/zork/ProjectHailMarry/install/cuas_msgs/share/cuas_msgs/cmake/export_cuas_msgs__rosidl_typesupport_fastrtps_cppExport-noconfig.cmake
-- Installing: /home/zork/ProjectHailMarry/install/cuas_msgs/share/cuas_msgs/cmake/cuas_msgs__rosidl_typesupport_introspection_cppExport.cmake
-- Installing: /home/zork/ProjectHailMarry/install/cuas_msgs/share/cuas_msgs/cmake/cuas_msgs__rosidl_typesupport_introspection_cppExport-noconfig.cmake
-- Installing: /home/zork/ProjectHailMarry/install/cuas_msgs/share/cuas_msgs/cmake/cuas_msgs__rosidl_typesupport_cppExport.cmake
-- Installing: /home/zork/ProjectHailMarry/install/cuas_msgs/share/cuas_msgs/cmake/cuas_msgs__rosidl_typesupport_cppExport-noconfig.cmake
-- Installing: /home/zork/ProjectHailMarry/install/cuas_msgs/share/cuas_msgs/cmake/export_cuas_msgs__rosidl_generator_pyExport.cmake
-- Installing: /home/zork/ProjectHailMarry/install/cuas_msgs/share/cuas_msgs/cmake/export_cuas_msgs__rosidl_generator_pyExport-noconfig.cmake
-- Installing: /home/zork/ProjectHailMarry/install/cuas_msgs/share/cuas_msgs/cmake/rosidl_cmake-extras.cmake
-- Installing: /home/zork/ProjectHailMarry/install/cuas_msgs/share/cuas_msgs/cmake/ament_cmake_export_include_directories-extras.cmake
-- Installing: /home/zork/ProjectHailMarry/install/cuas_msgs/share/cuas_msgs/cmake/ament_cmake_export_libraries-extras.cmake
-- Installing: /home/zork/ProjectHailMarry/install/cuas_msgs/share/cuas_msgs/cmake/ament_cmake_export_targets-extras.cmake
-- Installing: /home/zork/ProjectHailMarry/install/cuas_msgs/share/cuas_msgs/cmake/rosidl_cmake_export_typesupport_targets-extras.cmake
-- Installing: /home/zork/ProjectHailMarry/install/cuas_msgs/share/cuas_msgs/cmake/ament_cmake_export_dependencies-extras.cmake
-- Installing: /home/zork/ProjectHailMarry/install/cuas_msgs/share/cuas_msgs/cmake/rosidl_cmake_export_typesupport_libraries-extras.cmake
-- Installing: /home/zork/ProjectHailMarry/install/cuas_msgs/share/cuas_msgs/cmake/cuas_msgsConfig.cmake
-- Installing: /home/zork/ProjectHailMarry/install/cuas_msgs/share/cuas_msgs/cmake/cuas_msgsConfig-version.cmake
-- Installing: /home/zork/ProjectHailMarry/install/cuas_msgs/share/cuas_msgs/package.xml
