[0.191s] DEBUG:colcon:Command line arguments: ['/usr/bin/colcon', 'build', '--packages-select', 'cuas_msgs', 'cuas_fusion']
[0.192s] DEBUG:colcon:Parsed command line arguments: Namespace(log_base=None, log_level=None, verb_name='build', build_base='build', install_base='install', merge_install=False, symlink_install=False, test_result_base=None, continue_on_error=False, executor='parallel', parallel_workers=6, event_handlers=None, ignore_user_meta=False, metas=['./colcon.meta'], base_paths=['.'], packages_ignore=None, packages_ignore_regex=None, paths=None, packages_up_to=None, packages_up_to_regex=None, packages_above=None, packages_above_and_dependencies=None, packages_above_depth=None, packages_select_by_dep=None, packages_skip_by_dep=None, packages_skip_up_to=None, packages_select_build_failed=False, packages_skip_build_finished=False, packages_select_test_failures=False, packages_skip_test_passed=False, packages_select=['cuas_msgs', 'cuas_fusion'], packages_skip=None, packages_select_regex=None, packages_skip_regex=None, packages_start=None, packages_end=None, allow_overriding=[], cmake_args=None, cmake_target=None, cmake_target_skip_unavailable=False, cmake_clean_cache=False, cmake_clean_first=False, cmake_force_configure=False, ament_cmake_args=None, catkin_cmake_args=None, catkin_skip_building_tests=False, verb_parser=<colcon_defaults.argument_parser.defaults.DefaultArgumentsDecorator object at 0xffffb9d62d40>, verb_extension=<colcon_core.verb.build.BuildVerb object at 0xffffb9d62770>, main=<bound method BuildVerb.main of <colcon_core.verb.build.BuildVerb object at 0xffffb9d62770>>)
[0.485s] Level 1:colcon.colcon_core.package_discovery:discover_packages(colcon_meta) check parameters
[0.486s] Level 1:colcon.colcon_core.package_discovery:discover_packages(recursive) check parameters
[0.486s] Level 1:colcon.colcon_core.package_discovery:discover_packages(ignore) check parameters
[0.486s] Level 1:colcon.colcon_core.package_discovery:discover_packages(path) check parameters
[0.486s] Level 1:colcon.colcon_core.package_discovery:discover_packages(colcon_meta) discover
[0.486s] Level 1:colcon.colcon_core.package_discovery:discover_packages(recursive) discover
[0.486s] INFO:colcon.colcon_core.package_discovery:Crawling recursively for packages in '/home/zork/ProjectHailMarry'
[0.486s] Level 1:colcon.colcon_core.package_identification:_identify(.) by extensions ['ignore', 'ignore_ament_install']
[0.487s] Level 1:colcon.colcon_core.package_identification:_identify(.) by extension 'ignore'
[0.487s] Level 1:colcon.colcon_core.package_identification:_identify(.) by extension 'ignore_ament_install'
[0.487s] Level 1:colcon.colcon_core.package_identification:_identify(.) by extensions ['colcon_pkg']
[0.487s] Level 1:colcon.colcon_core.package_identification:_identify(.) by extension 'colcon_pkg'
[0.487s] Level 1:colcon.colcon_core.package_identification:_identify(.) by extensions ['colcon_meta']
[0.487s] Level 1:colcon.colcon_core.package_identification:_identify(.) by extension 'colcon_meta'
[0.487s] Level 1:colcon.colcon_core.package_identification:_identify(.) by extensions ['ros']
[0.487s] Level 1:colcon.colcon_core.package_identification:_identify(.) by extension 'ros'
[0.508s] Level 1:colcon.colcon_core.package_identification:_identify(.) by extensions ['cmake', 'python']
[0.509s] Level 1:colcon.colcon_core.package_identification:_identify(.) by extension 'cmake'
[0.509s] Level 1:colcon.colcon_core.package_identification:_identify(.) by extension 'python'
[0.509s] Level 1:colcon.colcon_core.package_identification:_identify(.) by extensions ['python_setup_py']
[0.509s] Level 1:colcon.colcon_core.package_identification:_identify(.) by extension 'python_setup_py'
[0.509s] Level 1:colcon.colcon_core.package_identification:_identify(build) by extensions ['ignore', 'ignore_ament_install']
[0.509s] Level 1:colcon.colcon_core.package_identification:_identify(build) by extension 'ignore'
[0.509s] Level 1:colcon.colcon_core.package_identification:_identify(build) ignored
[0.510s] Level 1:colcon.colcon_core.package_identification:_identify(docs) by extensions ['ignore', 'ignore_ament_install']
[0.510s] Level 1:colcon.colcon_core.package_identification:_identify(docs) by extension 'ignore'
[0.510s] Level 1:colcon.colcon_core.package_identification:_identify(docs) by extension 'ignore_ament_install'
[0.510s] Level 1:colcon.colcon_core.package_identification:_identify(docs) by extensions ['colcon_pkg']
[0.510s] Level 1:colcon.colcon_core.package_identification:_identify(docs) by extension 'colcon_pkg'
[0.510s] Level 1:colcon.colcon_core.package_identification:_identify(docs) by extensions ['colcon_meta']
[0.510s] Level 1:colcon.colcon_core.package_identification:_identify(docs) by extension 'colcon_meta'
[0.510s] Level 1:colcon.colcon_core.package_identification:_identify(docs) by extensions ['ros']
[0.511s] Level 1:colcon.colcon_core.package_identification:_identify(docs) by extension 'ros'
[0.511s] Level 1:colcon.colcon_core.package_identification:_identify(docs) by extensions ['cmake', 'python']
[0.511s] Level 1:colcon.colcon_core.package_identification:_identify(docs) by extension 'cmake'
[0.511s] Level 1:colcon.colcon_core.package_identification:_identify(docs) by extension 'python'
[0.511s] Level 1:colcon.colcon_core.package_identification:_identify(docs) by extensions ['python_setup_py']
[0.511s] Level 1:colcon.colcon_core.package_identification:_identify(docs) by extension 'python_setup_py'
[0.511s] Level 1:colcon.colcon_core.package_identification:_identify(install) by extensions ['ignore', 'ignore_ament_install']
[0.511s] Level 1:colcon.colcon_core.package_identification:_identify(install) by extension 'ignore'
[0.511s] Level 1:colcon.colcon_core.package_identification:_identify(install) ignored
[0.512s] Level 1:colcon.colcon_core.package_identification:_identify(log) by extensions ['ignore', 'ignore_ament_install']
[0.512s] Level 1:colcon.colcon_core.package_identification:_identify(log) by extension 'ignore'
[0.512s] Level 1:colcon.colcon_core.package_identification:_identify(log) ignored
[0.512s] Level 1:colcon.colcon_core.package_identification:_identify(msgs) by extensions ['ignore', 'ignore_ament_install']
[0.512s] Level 1:colcon.colcon_core.package_identification:_identify(msgs) by extension 'ignore'
[0.512s] Level 1:colcon.colcon_core.package_identification:_identify(msgs) by extension 'ignore_ament_install'
[0.512s] Level 1:colcon.colcon_core.package_identification:_identify(msgs) by extensions ['colcon_pkg']
[0.512s] Level 1:colcon.colcon_core.package_identification:_identify(msgs) by extension 'colcon_pkg'
[0.513s] Level 1:colcon.colcon_core.package_identification:_identify(msgs) by extensions ['colcon_meta']
[0.513s] Level 1:colcon.colcon_core.package_identification:_identify(msgs) by extension 'colcon_meta'
[0.513s] Level 1:colcon.colcon_core.package_identification:_identify(msgs) by extensions ['ros']
[0.513s] Level 1:colcon.colcon_core.package_identification:_identify(msgs) by extension 'ros'
[0.513s] Level 1:colcon.colcon_core.package_identification:_identify(msgs) by extensions ['cmake', 'python']
[0.513s] Level 1:colcon.colcon_core.package_identification:_identify(msgs) by extension 'cmake'
[0.513s] Level 1:colcon.colcon_core.package_identification:_identify(msgs) by extension 'python'
[0.513s] Level 1:colcon.colcon_core.package_identification:_identify(msgs) by extensions ['python_setup_py']
[0.513s] Level 1:colcon.colcon_core.package_identification:_identify(msgs) by extension 'python_setup_py'
[0.513s] Level 1:colcon.colcon_core.package_identification:_identify(msgs/cuas_msgs) by extensions ['ignore', 'ignore_ament_install']
[0.513s] Level 1:colcon.colcon_core.package_identification:_identify(msgs/cuas_msgs) by extension 'ignore'
[0.514s] Level 1:colcon.colcon_core.package_identification:_identify(msgs/cuas_msgs) by extension 'ignore_ament_install'
[0.514s] Level 1:colcon.colcon_core.package_identification:_identify(msgs/cuas_msgs) by extensions ['colcon_pkg']
[0.514s] Level 1:colcon.colcon_core.package_identification:_identify(msgs/cuas_msgs) by extension 'colcon_pkg'
[0.514s] Level 1:colcon.colcon_core.package_identification:_identify(msgs/cuas_msgs) by extensions ['colcon_meta']
[0.514s] Level 1:colcon.colcon_core.package_identification:_identify(msgs/cuas_msgs) by extension 'colcon_meta'
[0.514s] Level 1:colcon.colcon_core.package_identification:_identify(msgs/cuas_msgs) by extensions ['ros']
[0.514s] Level 1:colcon.colcon_core.package_identification:_identify(msgs/cuas_msgs) by extension 'ros'
[0.519s] DEBUG:colcon.colcon_core.package_identification:Found ROS schema reference in package manifest in 'msgs/cuas_msgs'
[0.519s] WARNING:colcon.colcon_core.package_identification:Failed to parse ROS package manifest in 'msgs/cuas_msgs': Error(s) in package 'msgs/cuas_msgs/package.xml':
Invalid email "zork@localhost" for person "zork"
[0.519s] Level 1:colcon.colcon_core.package_identification:_identify(msgs/cuas_msgs) by extensions ['cmake', 'python']
[0.519s] Level 1:colcon.colcon_core.package_identification:_identify(msgs/cuas_msgs) by extension 'cmake'
[0.522s] Level 1:colcon.colcon_core.package_identification:_identify(msgs/cuas_msgs) by extension 'python'
[0.522s] DEBUG:colcon.colcon_core.package_identification:Package 'msgs/cuas_msgs' with type 'cmake' and name 'cuas_msgs'
[0.522s] Level 1:colcon.colcon_core.package_identification:_identify(scripts) by extensions ['ignore', 'ignore_ament_install']
[0.522s] Level 1:colcon.colcon_core.package_identification:_identify(scripts) by extension 'ignore'
[0.522s] Level 1:colcon.colcon_core.package_identification:_identify(scripts) by extension 'ignore_ament_install'
[0.522s] Level 1:colcon.colcon_core.package_identification:_identify(scripts) by extensions ['colcon_pkg']
[0.522s] Level 1:colcon.colcon_core.package_identification:_identify(scripts) by extension 'colcon_pkg'
[0.523s] Level 1:colcon.colcon_core.package_identification:_identify(scripts) by extensions ['colcon_meta']
[0.523s] Level 1:colcon.colcon_core.package_identification:_identify(scripts) by extension 'colcon_meta'
[0.523s] Level 1:colcon.colcon_core.package_identification:_identify(scripts) by extensions ['ros']
[0.523s] Level 1:colcon.colcon_core.package_identification:_identify(scripts) by extension 'ros'
[0.523s] Level 1:colcon.colcon_core.package_identification:_identify(scripts) by extensions ['cmake', 'python']
[0.523s] Level 1:colcon.colcon_core.package_identification:_identify(scripts) by extension 'cmake'
[0.523s] Level 1:colcon.colcon_core.package_identification:_identify(scripts) by extension 'python'
[0.523s] Level 1:colcon.colcon_core.package_identification:_identify(scripts) by extensions ['python_setup_py']
[0.523s] Level 1:colcon.colcon_core.package_identification:_identify(scripts) by extension 'python_setup_py'
[0.523s] Level 1:colcon.colcon_core.package_identification:_identify(src) by extensions ['ignore', 'ignore_ament_install']
[0.524s] Level 1:colcon.colcon_core.package_identification:_identify(src) by extension 'ignore'
[0.524s] Level 1:colcon.colcon_core.package_identification:_identify(src) by extension 'ignore_ament_install'
[0.524s] Level 1:colcon.colcon_core.package_identification:_identify(src) by extensions ['colcon_pkg']
[0.524s] Level 1:colcon.colcon_core.package_identification:_identify(src) by extension 'colcon_pkg'
[0.524s] Level 1:colcon.colcon_core.package_identification:_identify(src) by extensions ['colcon_meta']
[0.524s] Level 1:colcon.colcon_core.package_identification:_identify(src) by extension 'colcon_meta'
[0.524s] Level 1:colcon.colcon_core.package_identification:_identify(src) by extensions ['ros']
[0.524s] Level 1:colcon.colcon_core.package_identification:_identify(src) by extension 'ros'
[0.524s] Level 1:colcon.colcon_core.package_identification:_identify(src) by extensions ['cmake', 'python']
[0.524s] Level 1:colcon.colcon_core.package_identification:_identify(src) by extension 'cmake'
[0.525s] Level 1:colcon.colcon_core.package_identification:_identify(src) by extension 'python'
[0.525s] Level 1:colcon.colcon_core.package_identification:_identify(src) by extensions ['python_setup_py']
[0.525s] Level 1:colcon.colcon_core.package_identification:_identify(src) by extension 'python_setup_py'
[0.525s] Level 1:colcon.colcon_core.package_identification:_identify(src/cuas_fusion) by extensions ['ignore', 'ignore_ament_install']
[0.525s] Level 1:colcon.colcon_core.package_identification:_identify(src/cuas_fusion) by extension 'ignore'
[0.525s] Level 1:colcon.colcon_core.package_identification:_identify(src/cuas_fusion) by extension 'ignore_ament_install'
[0.525s] Level 1:colcon.colcon_core.package_identification:_identify(src/cuas_fusion) by extensions ['colcon_pkg']
[0.525s] Level 1:colcon.colcon_core.package_identification:_identify(src/cuas_fusion) by extension 'colcon_pkg'
[0.525s] Level 1:colcon.colcon_core.package_identification:_identify(src/cuas_fusion) by extensions ['colcon_meta']
[0.525s] Level 1:colcon.colcon_core.package_identification:_identify(src/cuas_fusion) by extension 'colcon_meta'
[0.526s] Level 1:colcon.colcon_core.package_identification:_identify(src/cuas_fusion) by extensions ['ros']
[0.526s] Level 1:colcon.colcon_core.package_identification:_identify(src/cuas_fusion) by extension 'ros'
[0.527s] DEBUG:colcon.colcon_core.package_identification:Found ROS schema reference in package manifest in 'src/cuas_fusion'
[0.527s] WARNING:colcon.colcon_core.package_identification:Failed to parse ROS package manifest in 'src/cuas_fusion': Error(s) in package 'src/cuas_fusion/package.xml':
Invalid email "zork@localhost" for person "zork"
[0.527s] Level 1:colcon.colcon_core.package_identification:_identify(src/cuas_fusion) by extensions ['cmake', 'python']
[0.527s] Level 1:colcon.colcon_core.package_identification:_identify(src/cuas_fusion) by extension 'cmake'
[0.529s] Level 1:colcon.colcon_core.package_identification:_identify(src/cuas_fusion) by extension 'python'
[0.529s] DEBUG:colcon.colcon_core.package_identification:Package 'src/cuas_fusion' with type 'cmake' and name 'cuas_fusion'
[0.529s] Level 1:colcon.colcon_core.package_identification:_identify(src/cuas_msgs) by extensions ['ignore', 'ignore_ament_install']
[0.529s] Level 1:colcon.colcon_core.package_identification:_identify(src/cuas_msgs) by extension 'ignore'
[0.529s] Level 1:colcon.colcon_core.package_identification:_identify(src/cuas_msgs) by extension 'ignore_ament_install'
[0.530s] Level 1:colcon.colcon_core.package_identification:_identify(src/cuas_msgs) by extensions ['colcon_pkg']
[0.530s] Level 1:colcon.colcon_core.package_identification:_identify(src/cuas_msgs) by extension 'colcon_pkg'
[0.530s] Level 1:colcon.colcon_core.package_identification:_identify(src/cuas_msgs) by extensions ['colcon_meta']
[0.530s] Level 1:colcon.colcon_core.package_identification:_identify(src/cuas_msgs) by extension 'colcon_meta'
[0.530s] Level 1:colcon.colcon_core.package_identification:_identify(src/cuas_msgs) by extensions ['ros']
[0.530s] Level 1:colcon.colcon_core.package_identification:_identify(src/cuas_msgs) by extension 'ros'
[0.530s] Level 1:colcon.colcon_core.package_identification:_identify(src/cuas_msgs) by extensions ['cmake', 'python']
[0.530s] Level 1:colcon.colcon_core.package_identification:_identify(src/cuas_msgs) by extension 'cmake'
[0.530s] Level 1:colcon.colcon_core.package_identification:_identify(src/cuas_msgs) by extension 'python'
[0.530s] Level 1:colcon.colcon_core.package_identification:_identify(src/cuas_msgs) by extensions ['python_setup_py']
[0.530s] Level 1:colcon.colcon_core.package_identification:_identify(src/cuas_msgs) by extension 'python_setup_py'
[0.531s] Level 1:colcon.colcon_core.package_identification:_identify(src/cuas_msgs/msg) by extensions ['ignore', 'ignore_ament_install']
[0.531s] Level 1:colcon.colcon_core.package_identification:_identify(src/cuas_msgs/msg) by extension 'ignore'
[0.531s] Level 1:colcon.colcon_core.package_identification:_identify(src/cuas_msgs/msg) by extension 'ignore_ament_install'
[0.531s] Level 1:colcon.colcon_core.package_identification:_identify(src/cuas_msgs/msg) by extensions ['colcon_pkg']
[0.531s] Level 1:colcon.colcon_core.package_identification:_identify(src/cuas_msgs/msg) by extension 'colcon_pkg'
[0.531s] Level 1:colcon.colcon_core.package_identification:_identify(src/cuas_msgs/msg) by extensions ['colcon_meta']
[0.531s] Level 1:colcon.colcon_core.package_identification:_identify(src/cuas_msgs/msg) by extension 'colcon_meta'
[0.531s] Level 1:colcon.colcon_core.package_identification:_identify(src/cuas_msgs/msg) by extensions ['ros']
[0.531s] Level 1:colcon.colcon_core.package_identification:_identify(src/cuas_msgs/msg) by extension 'ros'
[0.532s] Level 1:colcon.colcon_core.package_identification:_identify(src/cuas_msgs/msg) by extensions ['cmake', 'python']
[0.532s] Level 1:colcon.colcon_core.package_identification:_identify(src/cuas_msgs/msg) by extension 'cmake'
[0.532s] Level 1:colcon.colcon_core.package_identification:_identify(src/cuas_msgs/msg) by extension 'python'
[0.532s] Level 1:colcon.colcon_core.package_identification:_identify(src/cuas_msgs/msg) by extensions ['python_setup_py']
[0.532s] Level 1:colcon.colcon_core.package_identification:_identify(src/cuas_msgs/msg) by extension 'python_setup_py'
[0.532s] Level 1:colcon.colcon_core.package_identification:_identify(test) by extensions ['ignore', 'ignore_ament_install']
[0.532s] Level 1:colcon.colcon_core.package_identification:_identify(test) by extension 'ignore'
[0.532s] Level 1:colcon.colcon_core.package_identification:_identify(test) by extension 'ignore_ament_install'
[0.532s] Level 1:colcon.colcon_core.package_identification:_identify(test) by extensions ['colcon_pkg']
[0.532s] Level 1:colcon.colcon_core.package_identification:_identify(test) by extension 'colcon_pkg'
[0.532s] Level 1:colcon.colcon_core.package_identification:_identify(test) by extensions ['colcon_meta']
[0.533s] Level 1:colcon.colcon_core.package_identification:_identify(test) by extension 'colcon_meta'
[0.533s] Level 1:colcon.colcon_core.package_identification:_identify(test) by extensions ['ros']
[0.533s] Level 1:colcon.colcon_core.package_identification:_identify(test) by extension 'ros'
[0.533s] Level 1:colcon.colcon_core.package_identification:_identify(test) by extensions ['cmake', 'python']
[0.533s] Level 1:colcon.colcon_core.package_identification:_identify(test) by extension 'cmake'
[0.533s] Level 1:colcon.colcon_core.package_identification:_identify(test) by extension 'python'
[0.533s] Level 1:colcon.colcon_core.package_identification:_identify(test) by extensions ['python_setup_py']
[0.533s] Level 1:colcon.colcon_core.package_identification:_identify(test) by extension 'python_setup_py'
[0.533s] Level 1:colcon.colcon_core.package_identification:_identify(test/integration) by extensions ['ignore', 'ignore_ament_install']
[0.533s] Level 1:colcon.colcon_core.package_identification:_identify(test/integration) by extension 'ignore'
[0.534s] Level 1:colcon.colcon_core.package_identification:_identify(test/integration) by extension 'ignore_ament_install'
[0.534s] Level 1:colcon.colcon_core.package_identification:_identify(test/integration) by extensions ['colcon_pkg']
[0.534s] Level 1:colcon.colcon_core.package_identification:_identify(test/integration) by extension 'colcon_pkg'
[0.534s] Level 1:colcon.colcon_core.package_identification:_identify(test/integration) by extensions ['colcon_meta']
[0.534s] Level 1:colcon.colcon_core.package_identification:_identify(test/integration) by extension 'colcon_meta'
[0.534s] Level 1:colcon.colcon_core.package_identification:_identify(test/integration) by extensions ['ros']
[0.534s] Level 1:colcon.colcon_core.package_identification:_identify(test/integration) by extension 'ros'
[0.534s] Level 1:colcon.colcon_core.package_identification:_identify(test/integration) by extensions ['cmake', 'python']
[0.534s] Level 1:colcon.colcon_core.package_identification:_identify(test/integration) by extension 'cmake'
[0.534s] Level 1:colcon.colcon_core.package_identification:_identify(test/integration) by extension 'python'
[0.534s] Level 1:colcon.colcon_core.package_identification:_identify(test/integration) by extensions ['python_setup_py']
[0.534s] Level 1:colcon.colcon_core.package_identification:_identify(test/integration) by extension 'python_setup_py'
[0.535s] Level 1:colcon.colcon_core.package_identification:_identify(test/unit) by extensions ['ignore', 'ignore_ament_install']
[0.535s] Level 1:colcon.colcon_core.package_identification:_identify(test/unit) by extension 'ignore'
[0.535s] Level 1:colcon.colcon_core.package_identification:_identify(test/unit) by extension 'ignore_ament_install'
[0.535s] Level 1:colcon.colcon_core.package_identification:_identify(test/unit) by extensions ['colcon_pkg']
[0.535s] Level 1:colcon.colcon_core.package_identification:_identify(test/unit) by extension 'colcon_pkg'
[0.535s] Level 1:colcon.colcon_core.package_identification:_identify(test/unit) by extensions ['colcon_meta']
[0.535s] Level 1:colcon.colcon_core.package_identification:_identify(test/unit) by extension 'colcon_meta'
[0.535s] Level 1:colcon.colcon_core.package_identification:_identify(test/unit) by extensions ['ros']
[0.535s] Level 1:colcon.colcon_core.package_identification:_identify(test/unit) by extension 'ros'
[0.536s] Level 1:colcon.colcon_core.package_identification:_identify(test/unit) by extensions ['cmake', 'python']
[0.536s] Level 1:colcon.colcon_core.package_identification:_identify(test/unit) by extension 'cmake'
[0.536s] Level 1:colcon.colcon_core.package_identification:_identify(test/unit) by extension 'python'
[0.536s] Level 1:colcon.colcon_core.package_identification:_identify(test/unit) by extensions ['python_setup_py']
[0.536s] Level 1:colcon.colcon_core.package_identification:_identify(test/unit) by extension 'python_setup_py'
[0.536s] Level 1:colcon.colcon_core.package_discovery:discover_packages(recursive) using defaults
[0.536s] Level 1:colcon.colcon_core.package_discovery:discover_packages(ignore) discover
[0.536s] Level 1:colcon.colcon_core.package_discovery:discover_packages(ignore) using defaults
[0.536s] Level 1:colcon.colcon_core.package_discovery:discover_packages(path) discover
[0.536s] Level 1:colcon.colcon_core.package_discovery:discover_packages(path) using defaults
[0.571s] Level 1:colcon.colcon_core.package_discovery:discover_packages(prefix_path) check parameters
[0.572s] Level 1:colcon.colcon_core.package_discovery:discover_packages(prefix_path) discover
[0.576s] DEBUG:colcon.colcon_installed_package_information.package_discovery:Found 273 installed packages in /opt/ros/humble
[0.608s] Level 1:colcon.colcon_core.package_discovery:discover_packages(prefix_path) using defaults
[0.676s] Level 5:colcon.colcon_core.verb:set package 'cuas_msgs' build argument 'cmake_args' from command line to 'None'
[0.676s] Level 5:colcon.colcon_core.verb:set package 'cuas_msgs' build argument 'cmake_target' from command line to 'None'
[0.676s] Level 5:colcon.colcon_core.verb:set package 'cuas_msgs' build argument 'cmake_target_skip_unavailable' from command line to 'False'
[0.677s] Level 5:colcon.colcon_core.verb:set package 'cuas_msgs' build argument 'cmake_clean_cache' from command line to 'False'
[0.677s] Level 5:colcon.colcon_core.verb:set package 'cuas_msgs' build argument 'cmake_clean_first' from command line to 'False'
[0.677s] Level 5:colcon.colcon_core.verb:set package 'cuas_msgs' build argument 'cmake_force_configure' from command line to 'False'
[0.677s] Level 5:colcon.colcon_core.verb:set package 'cuas_msgs' build argument 'ament_cmake_args' from command line to 'None'
[0.677s] Level 5:colcon.colcon_core.verb:set package 'cuas_msgs' build argument 'catkin_cmake_args' from command line to 'None'
[0.677s] Level 5:colcon.colcon_core.verb:set package 'cuas_msgs' build argument 'catkin_skip_building_tests' from command line to 'False'
[0.677s] DEBUG:colcon.colcon_core.verb:Building package 'cuas_msgs' with the following arguments: {'ament_cmake_args': None, 'build_base': '/home/zork/ProjectHailMarry/build/cuas_msgs', 'catkin_cmake_args': None, 'catkin_skip_building_tests': False, 'cmake_args': None, 'cmake_clean_cache': False, 'cmake_clean_first': False, 'cmake_force_configure': False, 'cmake_target': None, 'cmake_target_skip_unavailable': False, 'install_base': '/home/zork/ProjectHailMarry/install/cuas_msgs', 'merge_install': False, 'path': '/home/zork/ProjectHailMarry/msgs/cuas_msgs', 'symlink_install': False, 'test_result_base': None}
[0.678s] Level 5:colcon.colcon_core.verb:set package 'cuas_fusion' build argument 'cmake_args' from command line to 'None'
[0.678s] Level 5:colcon.colcon_core.verb:set package 'cuas_fusion' build argument 'cmake_target' from command line to 'None'
[0.678s] Level 5:colcon.colcon_core.verb:set package 'cuas_fusion' build argument 'cmake_target_skip_unavailable' from command line to 'False'
[0.678s] Level 5:colcon.colcon_core.verb:set package 'cuas_fusion' build argument 'cmake_clean_cache' from command line to 'False'
[0.678s] Level 5:colcon.colcon_core.verb:set package 'cuas_fusion' build argument 'cmake_clean_first' from command line to 'False'
[0.678s] Level 5:colcon.colcon_core.verb:set package 'cuas_fusion' build argument 'cmake_force_configure' from command line to 'False'
[0.678s] Level 5:colcon.colcon_core.verb:set package 'cuas_fusion' build argument 'ament_cmake_args' from command line to 'None'
[0.678s] Level 5:colcon.colcon_core.verb:set package 'cuas_fusion' build argument 'catkin_cmake_args' from command line to 'None'
[0.678s] Level 5:colcon.colcon_core.verb:set package 'cuas_fusion' build argument 'catkin_skip_building_tests' from command line to 'False'
[0.678s] DEBUG:colcon.colcon_core.verb:Building package 'cuas_fusion' with the following arguments: {'ament_cmake_args': None, 'build_base': '/home/zork/ProjectHailMarry/build/cuas_fusion', 'catkin_cmake_args': None, 'catkin_skip_building_tests': False, 'cmake_args': None, 'cmake_clean_cache': False, 'cmake_clean_first': False, 'cmake_force_configure': False, 'cmake_target': None, 'cmake_target_skip_unavailable': False, 'install_base': '/home/zork/ProjectHailMarry/install/cuas_fusion', 'merge_install': False, 'path': '/home/zork/ProjectHailMarry/src/cuas_fusion', 'symlink_install': False, 'test_result_base': None}
[0.678s] INFO:colcon.colcon_core.executor:Executing jobs using 'parallel' executor
[0.680s] DEBUG:colcon.colcon_parallel_executor.executor.parallel:run_until_complete
[0.681s] INFO:colcon.colcon_cmake.task.cmake.build:Building CMake package in '/home/zork/ProjectHailMarry/msgs/cuas_msgs'
[0.684s] INFO:colcon.colcon_core.plugin_system:Skipping extension 'colcon_core.shell.bat': Not used on non-Windows systems
[0.685s] INFO:colcon.colcon_core.shell:Skip shell extension 'powershell' for command environment: Not usable outside of PowerShell
[0.685s] DEBUG:colcon.colcon_core.shell:Skip shell extension 'dsv' for command environment
[0.697s] DEBUG:colcon.colcon_core.event_handler.log_command:Invoking command in '/home/zork/ProjectHailMarry/build/cuas_msgs': /usr/bin/cmake --build /home/zork/ProjectHailMarry/build/cuas_msgs -- -j6 -l6
[1.929s] DEBUG:colcon.colcon_core.event_handler.log_command:Invoked command in '/home/zork/ProjectHailMarry/build/cuas_msgs' returned '2': /usr/bin/cmake --build /home/zork/ProjectHailMarry/build/cuas_msgs -- -j6 -l6
[1.939s] DEBUG:colcon.colcon_parallel_executor.executor.parallel:closing loop
[1.942s] DEBUG:colcon.colcon_parallel_executor.executor.parallel:loop closed
[1.942s] DEBUG:colcon.colcon_parallel_executor.executor.parallel:run_until_complete finished with '2'
[1.943s] DEBUG:colcon.colcon_core.event_reactor:joining thread
[1.946s] DEBUG:colcon.colcon_core.event_reactor:joined thread
[1.948s] INFO:colcon.colcon_core.shell:Creating prefix script '/home/zork/ProjectHailMarry/install/local_setup.ps1'
[1.955s] INFO:colcon.colcon_core.shell:Creating prefix util module '/home/zork/ProjectHailMarry/install/_local_setup_util_ps1.py'
[1.963s] INFO:colcon.colcon_core.shell:Creating prefix chain script '/home/zork/ProjectHailMarry/install/setup.ps1'
[1.971s] INFO:colcon.colcon_core.shell:Creating prefix script '/home/zork/ProjectHailMarry/install/local_setup.sh'
[1.975s] INFO:colcon.colcon_core.shell:Creating prefix util module '/home/zork/ProjectHailMarry/install/_local_setup_util_sh.py'
[1.978s] INFO:colcon.colcon_core.shell:Creating prefix chain script '/home/zork/ProjectHailMarry/install/setup.sh'
[1.985s] INFO:colcon.colcon_core.shell:Creating prefix script '/home/zork/ProjectHailMarry/install/local_setup.bash'
[1.988s] INFO:colcon.colcon_core.shell:Creating prefix chain script '/home/zork/ProjectHailMarry/install/setup.bash'
[1.993s] INFO:colcon.colcon_core.shell:Creating prefix script '/home/zork/ProjectHailMarry/install/local_setup.zsh'
[1.995s] INFO:colcon.colcon_core.shell:Creating prefix chain script '/home/zork/ProjectHailMarry/install/setup.zsh'
