[0.189s] DEBUG:colcon:Command line arguments: ['/usr/bin/colcon', 'build', '--packages-select', 'cuas_msgs', 'cuas_fusion']
[0.189s] DEBUG:colcon:Parsed command line arguments: Namespace(log_base=None, log_level=None, verb_name='build', build_base='build', install_base='install', merge_install=False, symlink_install=False, test_result_base=None, continue_on_error=False, executor='parallel', parallel_workers=6, event_handlers=None, ignore_user_meta=False, metas=['./colcon.meta'], base_paths=['.'], packages_ignore=None, packages_ignore_regex=None, paths=None, packages_up_to=None, packages_up_to_regex=None, packages_above=None, packages_above_and_dependencies=None, packages_above_depth=None, packages_select_by_dep=None, packages_skip_by_dep=None, packages_skip_up_to=None, packages_select_build_failed=False, packages_skip_build_finished=False, packages_select_test_failures=False, packages_skip_test_passed=False, packages_select=['cuas_msgs', 'cuas_fusion'], packages_skip=None, packages_select_regex=None, packages_skip_regex=None, packages_start=None, packages_end=None, allow_overriding=[], cmake_args=None, cmake_target=None, cmake_target_skip_unavailable=False, cmake_clean_cache=False, cmake_clean_first=False, cmake_force_configure=False, ament_cmake_args=None, catkin_cmake_args=None, catkin_skip_building_tests=False, verb_parser=<colcon_defaults.argument_parser.defaults.DefaultArgumentsDecorator object at 0xffffb7072d10>, verb_extension=<colcon_core.verb.build.BuildVerb object at 0xffffb7072740>, main=<bound method BuildVerb.main of <colcon_core.verb.build.BuildVerb object at 0xffffb7072740>>)
[0.477s] Level 1:colcon.colcon_core.package_discovery:discover_packages(colcon_meta) check parameters
[0.478s] Level 1:colcon.colcon_core.package_discovery:discover_packages(recursive) check parameters
[0.478s] Level 1:colcon.colcon_core.package_discovery:discover_packages(ignore) check parameters
[0.478s] Level 1:colcon.colcon_core.package_discovery:discover_packages(path) check parameters
[0.478s] Level 1:colcon.colcon_core.package_discovery:discover_packages(colcon_meta) discover
[0.478s] Level 1:colcon.colcon_core.package_discovery:discover_packages(recursive) discover
[0.478s] INFO:colcon.colcon_core.package_discovery:Crawling recursively for packages in '/home/zork/ProjectHailMarry'
[0.478s] Level 1:colcon.colcon_core.package_identification:_identify(.) by extensions ['ignore', 'ignore_ament_install']
[0.479s] Level 1:colcon.colcon_core.package_identification:_identify(.) by extension 'ignore'
[0.479s] Level 1:colcon.colcon_core.package_identification:_identify(.) by extension 'ignore_ament_install'
[0.479s] Level 1:colcon.colcon_core.package_identification:_identify(.) by extensions ['colcon_pkg']
[0.479s] Level 1:colcon.colcon_core.package_identification:_identify(.) by extension 'colcon_pkg'
[0.479s] Level 1:colcon.colcon_core.package_identification:_identify(.) by extensions ['colcon_meta']
[0.479s] Level 1:colcon.colcon_core.package_identification:_identify(.) by extension 'colcon_meta'
[0.479s] Level 1:colcon.colcon_core.package_identification:_identify(.) by extensions ['ros']
[0.479s] Level 1:colcon.colcon_core.package_identification:_identify(.) by extension 'ros'
[0.500s] Level 1:colcon.colcon_core.package_identification:_identify(.) by extensions ['cmake', 'python']
[0.500s] Level 1:colcon.colcon_core.package_identification:_identify(.) by extension 'cmake'
[0.500s] Level 1:colcon.colcon_core.package_identification:_identify(.) by extension 'python'
[0.501s] Level 1:colcon.colcon_core.package_identification:_identify(.) by extensions ['python_setup_py']
[0.501s] Level 1:colcon.colcon_core.package_identification:_identify(.) by extension 'python_setup_py'
[0.501s] Level 1:colcon.colcon_core.package_identification:_identify(build) by extensions ['ignore', 'ignore_ament_install']
[0.501s] Level 1:colcon.colcon_core.package_identification:_identify(build) by extension 'ignore'
[0.501s] Level 1:colcon.colcon_core.package_identification:_identify(build) ignored
[0.501s] Level 1:colcon.colcon_core.package_identification:_identify(docs) by extensions ['ignore', 'ignore_ament_install']
[0.502s] Level 1:colcon.colcon_core.package_identification:_identify(docs) by extension 'ignore'
[0.502s] Level 1:colcon.colcon_core.package_identification:_identify(docs) by extension 'ignore_ament_install'
[0.502s] Level 1:colcon.colcon_core.package_identification:_identify(docs) by extensions ['colcon_pkg']
[0.502s] Level 1:colcon.colcon_core.package_identification:_identify(docs) by extension 'colcon_pkg'
[0.502s] Level 1:colcon.colcon_core.package_identification:_identify(docs) by extensions ['colcon_meta']
[0.502s] Level 1:colcon.colcon_core.package_identification:_identify(docs) by extension 'colcon_meta'
[0.502s] Level 1:colcon.colcon_core.package_identification:_identify(docs) by extensions ['ros']
[0.502s] Level 1:colcon.colcon_core.package_identification:_identify(docs) by extension 'ros'
[0.502s] Level 1:colcon.colcon_core.package_identification:_identify(docs) by extensions ['cmake', 'python']
[0.502s] Level 1:colcon.colcon_core.package_identification:_identify(docs) by extension 'cmake'
[0.503s] Level 1:colcon.colcon_core.package_identification:_identify(docs) by extension 'python'
[0.503s] Level 1:colcon.colcon_core.package_identification:_identify(docs) by extensions ['python_setup_py']
[0.503s] Level 1:colcon.colcon_core.package_identification:_identify(docs) by extension 'python_setup_py'
[0.503s] Level 1:colcon.colcon_core.package_identification:_identify(install) by extensions ['ignore', 'ignore_ament_install']
[0.503s] Level 1:colcon.colcon_core.package_identification:_identify(install) by extension 'ignore'
[0.503s] Level 1:colcon.colcon_core.package_identification:_identify(install) ignored
[0.503s] Level 1:colcon.colcon_core.package_identification:_identify(log) by extensions ['ignore', 'ignore_ament_install']
[0.503s] Level 1:colcon.colcon_core.package_identification:_identify(log) by extension 'ignore'
[0.504s] Level 1:colcon.colcon_core.package_identification:_identify(log) ignored
[0.504s] Level 1:colcon.colcon_core.package_identification:_identify(msgs) by extensions ['ignore', 'ignore_ament_install']
[0.504s] Level 1:colcon.colcon_core.package_identification:_identify(msgs) by extension 'ignore'
[0.504s] Level 1:colcon.colcon_core.package_identification:_identify(msgs) by extension 'ignore_ament_install'
[0.504s] Level 1:colcon.colcon_core.package_identification:_identify(msgs) by extensions ['colcon_pkg']
[0.504s] Level 1:colcon.colcon_core.package_identification:_identify(msgs) by extension 'colcon_pkg'
[0.504s] Level 1:colcon.colcon_core.package_identification:_identify(msgs) by extensions ['colcon_meta']
[0.504s] Level 1:colcon.colcon_core.package_identification:_identify(msgs) by extension 'colcon_meta'
[0.504s] Level 1:colcon.colcon_core.package_identification:_identify(msgs) by extensions ['ros']
[0.504s] Level 1:colcon.colcon_core.package_identification:_identify(msgs) by extension 'ros'
[0.505s] Level 1:colcon.colcon_core.package_identification:_identify(msgs) by extensions ['cmake', 'python']
[0.505s] Level 1:colcon.colcon_core.package_identification:_identify(msgs) by extension 'cmake'
[0.505s] Level 1:colcon.colcon_core.package_identification:_identify(msgs) by extension 'python'
[0.505s] Level 1:colcon.colcon_core.package_identification:_identify(msgs) by extensions ['python_setup_py']
[0.505s] Level 1:colcon.colcon_core.package_identification:_identify(msgs) by extension 'python_setup_py'
[0.505s] Level 1:colcon.colcon_core.package_identification:_identify(msgs/cuas_msgs) by extensions ['ignore', 'ignore_ament_install']
[0.505s] Level 1:colcon.colcon_core.package_identification:_identify(msgs/cuas_msgs) by extension 'ignore'
[0.505s] Level 1:colcon.colcon_core.package_identification:_identify(msgs/cuas_msgs) by extension 'ignore_ament_install'
[0.505s] Level 1:colcon.colcon_core.package_identification:_identify(msgs/cuas_msgs) by extensions ['colcon_pkg']
[0.505s] Level 1:colcon.colcon_core.package_identification:_identify(msgs/cuas_msgs) by extension 'colcon_pkg'
[0.506s] Level 1:colcon.colcon_core.package_identification:_identify(msgs/cuas_msgs) by extensions ['colcon_meta']
[0.506s] Level 1:colcon.colcon_core.package_identification:_identify(msgs/cuas_msgs) by extension 'colcon_meta'
[0.506s] Level 1:colcon.colcon_core.package_identification:_identify(msgs/cuas_msgs) by extensions ['ros']
[0.506s] Level 1:colcon.colcon_core.package_identification:_identify(msgs/cuas_msgs) by extension 'ros'
[0.507s] DEBUG:colcon.colcon_core.package_identification:Failed to parse potential ROS package manifest in'msgs/cuas_msgs': Error(s) in package 'msgs/cuas_msgs/package.xml':
The manifest contains invalid XML:
no element found: line 1, column 0
[0.507s] Level 1:colcon.colcon_core.package_identification:_identify(msgs/cuas_msgs) by extensions ['cmake', 'python']
[0.508s] Level 1:colcon.colcon_core.package_identification:_identify(msgs/cuas_msgs) by extension 'cmake'
[0.510s] Level 1:colcon.colcon_core.package_identification:_identify(msgs/cuas_msgs) by extension 'python'
[0.510s] DEBUG:colcon.colcon_core.package_identification:Package 'msgs/cuas_msgs' with type 'cmake' and name 'cuas_msgs'
[0.510s] Level 1:colcon.colcon_core.package_identification:_identify(scripts) by extensions ['ignore', 'ignore_ament_install']
[0.510s] Level 1:colcon.colcon_core.package_identification:_identify(scripts) by extension 'ignore'
[0.510s] Level 1:colcon.colcon_core.package_identification:_identify(scripts) by extension 'ignore_ament_install'
[0.510s] Level 1:colcon.colcon_core.package_identification:_identify(scripts) by extensions ['colcon_pkg']
[0.511s] Level 1:colcon.colcon_core.package_identification:_identify(scripts) by extension 'colcon_pkg'
[0.511s] Level 1:colcon.colcon_core.package_identification:_identify(scripts) by extensions ['colcon_meta']
[0.511s] Level 1:colcon.colcon_core.package_identification:_identify(scripts) by extension 'colcon_meta'
[0.511s] Level 1:colcon.colcon_core.package_identification:_identify(scripts) by extensions ['ros']
[0.511s] Level 1:colcon.colcon_core.package_identification:_identify(scripts) by extension 'ros'
[0.511s] Level 1:colcon.colcon_core.package_identification:_identify(scripts) by extensions ['cmake', 'python']
[0.511s] Level 1:colcon.colcon_core.package_identification:_identify(scripts) by extension 'cmake'
[0.511s] Level 1:colcon.colcon_core.package_identification:_identify(scripts) by extension 'python'
[0.511s] Level 1:colcon.colcon_core.package_identification:_identify(scripts) by extensions ['python_setup_py']
[0.511s] Level 1:colcon.colcon_core.package_identification:_identify(scripts) by extension 'python_setup_py'
[0.511s] Level 1:colcon.colcon_core.package_identification:_identify(src) by extensions ['ignore', 'ignore_ament_install']
[0.512s] Level 1:colcon.colcon_core.package_identification:_identify(src) by extension 'ignore'
[0.512s] Level 1:colcon.colcon_core.package_identification:_identify(src) by extension 'ignore_ament_install'
[0.512s] Level 1:colcon.colcon_core.package_identification:_identify(src) by extensions ['colcon_pkg']
[0.512s] Level 1:colcon.colcon_core.package_identification:_identify(src) by extension 'colcon_pkg'
[0.512s] Level 1:colcon.colcon_core.package_identification:_identify(src) by extensions ['colcon_meta']
[0.512s] Level 1:colcon.colcon_core.package_identification:_identify(src) by extension 'colcon_meta'
[0.512s] Level 1:colcon.colcon_core.package_identification:_identify(src) by extensions ['ros']
[0.512s] Level 1:colcon.colcon_core.package_identification:_identify(src) by extension 'ros'
[0.512s] Level 1:colcon.colcon_core.package_identification:_identify(src) by extensions ['cmake', 'python']
[0.512s] Level 1:colcon.colcon_core.package_identification:_identify(src) by extension 'cmake'
[0.512s] Level 1:colcon.colcon_core.package_identification:_identify(src) by extension 'python'
[0.513s] Level 1:colcon.colcon_core.package_identification:_identify(src) by extensions ['python_setup_py']
[0.513s] Level 1:colcon.colcon_core.package_identification:_identify(src) by extension 'python_setup_py'
[0.513s] Level 1:colcon.colcon_core.package_identification:_identify(src/cuas_fusion) by extensions ['ignore', 'ignore_ament_install']
[0.513s] Level 1:colcon.colcon_core.package_identification:_identify(src/cuas_fusion) by extension 'ignore'
[0.513s] Level 1:colcon.colcon_core.package_identification:_identify(src/cuas_fusion) by extension 'ignore_ament_install'
[0.513s] Level 1:colcon.colcon_core.package_identification:_identify(src/cuas_fusion) by extensions ['colcon_pkg']
[0.513s] Level 1:colcon.colcon_core.package_identification:_identify(src/cuas_fusion) by extension 'colcon_pkg'
[0.513s] Level 1:colcon.colcon_core.package_identification:_identify(src/cuas_fusion) by extensions ['colcon_meta']
[0.513s] Level 1:colcon.colcon_core.package_identification:_identify(src/cuas_fusion) by extension 'colcon_meta'
[0.513s] Level 1:colcon.colcon_core.package_identification:_identify(src/cuas_fusion) by extensions ['ros']
[0.514s] Level 1:colcon.colcon_core.package_identification:_identify(src/cuas_fusion) by extension 'ros'
[0.514s] DEBUG:colcon.colcon_core.package_identification:Failed to parse potential ROS package manifest in'src/cuas_fusion': Error(s) in package 'src/cuas_fusion/package.xml':
The manifest contains invalid XML:
no element found: line 1, column 0
[0.514s] Level 1:colcon.colcon_core.package_identification:_identify(src/cuas_fusion) by extensions ['cmake', 'python']
[0.514s] Level 1:colcon.colcon_core.package_identification:_identify(src/cuas_fusion) by extension 'cmake'
[0.515s] Level 1:colcon.colcon_core.package_identification:_identify(src/cuas_fusion) by extension 'python'
[0.516s] DEBUG:colcon.colcon_core.package_identification:Package 'src/cuas_fusion' with type 'cmake' and name 'cuas_fusion'
[0.516s] Level 1:colcon.colcon_core.package_identification:_identify(src/cuas_msgs) by extensions ['ignore', 'ignore_ament_install']
[0.516s] Level 1:colcon.colcon_core.package_identification:_identify(src/cuas_msgs) by extension 'ignore'
[0.516s] Level 1:colcon.colcon_core.package_identification:_identify(src/cuas_msgs) by extension 'ignore_ament_install'
[0.516s] Level 1:colcon.colcon_core.package_identification:_identify(src/cuas_msgs) by extensions ['colcon_pkg']
[0.516s] Level 1:colcon.colcon_core.package_identification:_identify(src/cuas_msgs) by extension 'colcon_pkg'
[0.516s] Level 1:colcon.colcon_core.package_identification:_identify(src/cuas_msgs) by extensions ['colcon_meta']
[0.516s] Level 1:colcon.colcon_core.package_identification:_identify(src/cuas_msgs) by extension 'colcon_meta'
[0.516s] Level 1:colcon.colcon_core.package_identification:_identify(src/cuas_msgs) by extensions ['ros']
[0.517s] Level 1:colcon.colcon_core.package_identification:_identify(src/cuas_msgs) by extension 'ros'
[0.517s] Level 1:colcon.colcon_core.package_identification:_identify(src/cuas_msgs) by extensions ['cmake', 'python']
[0.517s] Level 1:colcon.colcon_core.package_identification:_identify(src/cuas_msgs) by extension 'cmake'
[0.517s] Level 1:colcon.colcon_core.package_identification:_identify(src/cuas_msgs) by extension 'python'
[0.517s] Level 1:colcon.colcon_core.package_identification:_identify(src/cuas_msgs) by extensions ['python_setup_py']
[0.517s] Level 1:colcon.colcon_core.package_identification:_identify(src/cuas_msgs) by extension 'python_setup_py'
[0.517s] Level 1:colcon.colcon_core.package_identification:_identify(src/cuas_msgs/msg) by extensions ['ignore', 'ignore_ament_install']
[0.517s] Level 1:colcon.colcon_core.package_identification:_identify(src/cuas_msgs/msg) by extension 'ignore'
[0.517s] Level 1:colcon.colcon_core.package_identification:_identify(src/cuas_msgs/msg) by extension 'ignore_ament_install'
[0.518s] Level 1:colcon.colcon_core.package_identification:_identify(src/cuas_msgs/msg) by extensions ['colcon_pkg']
[0.518s] Level 1:colcon.colcon_core.package_identification:_identify(src/cuas_msgs/msg) by extension 'colcon_pkg'
[0.518s] Level 1:colcon.colcon_core.package_identification:_identify(src/cuas_msgs/msg) by extensions ['colcon_meta']
[0.518s] Level 1:colcon.colcon_core.package_identification:_identify(src/cuas_msgs/msg) by extension 'colcon_meta'
[0.518s] Level 1:colcon.colcon_core.package_identification:_identify(src/cuas_msgs/msg) by extensions ['ros']
[0.518s] Level 1:colcon.colcon_core.package_identification:_identify(src/cuas_msgs/msg) by extension 'ros'
[0.518s] Level 1:colcon.colcon_core.package_identification:_identify(src/cuas_msgs/msg) by extensions ['cmake', 'python']
[0.518s] Level 1:colcon.colcon_core.package_identification:_identify(src/cuas_msgs/msg) by extension 'cmake'
[0.518s] Level 1:colcon.colcon_core.package_identification:_identify(src/cuas_msgs/msg) by extension 'python'
[0.518s] Level 1:colcon.colcon_core.package_identification:_identify(src/cuas_msgs/msg) by extensions ['python_setup_py']
[0.518s] Level 1:colcon.colcon_core.package_identification:_identify(src/cuas_msgs/msg) by extension 'python_setup_py'
[0.518s] Level 1:colcon.colcon_core.package_identification:_identify(test) by extensions ['ignore', 'ignore_ament_install']
[0.519s] Level 1:colcon.colcon_core.package_identification:_identify(test) by extension 'ignore'
[0.519s] Level 1:colcon.colcon_core.package_identification:_identify(test) by extension 'ignore_ament_install'
[0.519s] Level 1:colcon.colcon_core.package_identification:_identify(test) by extensions ['colcon_pkg']
[0.519s] Level 1:colcon.colcon_core.package_identification:_identify(test) by extension 'colcon_pkg'
[0.519s] Level 1:colcon.colcon_core.package_identification:_identify(test) by extensions ['colcon_meta']
[0.519s] Level 1:colcon.colcon_core.package_identification:_identify(test) by extension 'colcon_meta'
[0.519s] Level 1:colcon.colcon_core.package_identification:_identify(test) by extensions ['ros']
[0.519s] Level 1:colcon.colcon_core.package_identification:_identify(test) by extension 'ros'
[0.519s] Level 1:colcon.colcon_core.package_identification:_identify(test) by extensions ['cmake', 'python']
[0.519s] Level 1:colcon.colcon_core.package_identification:_identify(test) by extension 'cmake'
[0.519s] Level 1:colcon.colcon_core.package_identification:_identify(test) by extension 'python'
[0.520s] Level 1:colcon.colcon_core.package_identification:_identify(test) by extensions ['python_setup_py']
[0.520s] Level 1:colcon.colcon_core.package_identification:_identify(test) by extension 'python_setup_py'
[0.520s] Level 1:colcon.colcon_core.package_identification:_identify(test/integration) by extensions ['ignore', 'ignore_ament_install']
[0.520s] Level 1:colcon.colcon_core.package_identification:_identify(test/integration) by extension 'ignore'
[0.520s] Level 1:colcon.colcon_core.package_identification:_identify(test/integration) by extension 'ignore_ament_install'
[0.520s] Level 1:colcon.colcon_core.package_identification:_identify(test/integration) by extensions ['colcon_pkg']
[0.520s] Level 1:colcon.colcon_core.package_identification:_identify(test/integration) by extension 'colcon_pkg'
[0.520s] Level 1:colcon.colcon_core.package_identification:_identify(test/integration) by extensions ['colcon_meta']
[0.520s] Level 1:colcon.colcon_core.package_identification:_identify(test/integration) by extension 'colcon_meta'
[0.520s] Level 1:colcon.colcon_core.package_identification:_identify(test/integration) by extensions ['ros']
[0.520s] Level 1:colcon.colcon_core.package_identification:_identify(test/integration) by extension 'ros'
[0.521s] Level 1:colcon.colcon_core.package_identification:_identify(test/integration) by extensions ['cmake', 'python']
[0.521s] Level 1:colcon.colcon_core.package_identification:_identify(test/integration) by extension 'cmake'
[0.521s] Level 1:colcon.colcon_core.package_identification:_identify(test/integration) by extension 'python'
[0.521s] Level 1:colcon.colcon_core.package_identification:_identify(test/integration) by extensions ['python_setup_py']
[0.521s] Level 1:colcon.colcon_core.package_identification:_identify(test/integration) by extension 'python_setup_py'
[0.521s] Level 1:colcon.colcon_core.package_identification:_identify(test/unit) by extensions ['ignore', 'ignore_ament_install']
[0.521s] Level 1:colcon.colcon_core.package_identification:_identify(test/unit) by extension 'ignore'
[0.521s] Level 1:colcon.colcon_core.package_identification:_identify(test/unit) by extension 'ignore_ament_install'
[0.521s] Level 1:colcon.colcon_core.package_identification:_identify(test/unit) by extensions ['colcon_pkg']
[0.522s] Level 1:colcon.colcon_core.package_identification:_identify(test/unit) by extension 'colcon_pkg'
[0.522s] Level 1:colcon.colcon_core.package_identification:_identify(test/unit) by extensions ['colcon_meta']
[0.522s] Level 1:colcon.colcon_core.package_identification:_identify(test/unit) by extension 'colcon_meta'
[0.522s] Level 1:colcon.colcon_core.package_identification:_identify(test/unit) by extensions ['ros']
[0.522s] Level 1:colcon.colcon_core.package_identification:_identify(test/unit) by extension 'ros'
[0.522s] Level 1:colcon.colcon_core.package_identification:_identify(test/unit) by extensions ['cmake', 'python']
[0.522s] Level 1:colcon.colcon_core.package_identification:_identify(test/unit) by extension 'cmake'
[0.522s] Level 1:colcon.colcon_core.package_identification:_identify(test/unit) by extension 'python'
[0.522s] Level 1:colcon.colcon_core.package_identification:_identify(test/unit) by extensions ['python_setup_py']
[0.522s] Level 1:colcon.colcon_core.package_identification:_identify(test/unit) by extension 'python_setup_py'
[0.522s] Level 1:colcon.colcon_core.package_discovery:discover_packages(recursive) using defaults
[0.523s] Level 1:colcon.colcon_core.package_discovery:discover_packages(ignore) discover
[0.523s] Level 1:colcon.colcon_core.package_discovery:discover_packages(ignore) using defaults
[0.523s] Level 1:colcon.colcon_core.package_discovery:discover_packages(path) discover
[0.523s] Level 1:colcon.colcon_core.package_discovery:discover_packages(path) using defaults
[0.557s] Level 1:colcon.colcon_core.package_discovery:discover_packages(prefix_path) check parameters
[0.557s] Level 1:colcon.colcon_core.package_discovery:discover_packages(prefix_path) discover
[0.561s] DEBUG:colcon.colcon_installed_package_information.package_discovery:Found 273 installed packages in /opt/ros/humble
[0.565s] Level 1:colcon.colcon_core.package_discovery:discover_packages(prefix_path) using defaults
[0.660s] Level 5:colcon.colcon_core.verb:set package 'cuas_fusion' build argument 'cmake_args' from command line to 'None'
[0.660s] Level 5:colcon.colcon_core.verb:set package 'cuas_fusion' build argument 'cmake_target' from command line to 'None'
[0.661s] Level 5:colcon.colcon_core.verb:set package 'cuas_fusion' build argument 'cmake_target_skip_unavailable' from command line to 'False'
[0.661s] Level 5:colcon.colcon_core.verb:set package 'cuas_fusion' build argument 'cmake_clean_cache' from command line to 'False'
[0.661s] Level 5:colcon.colcon_core.verb:set package 'cuas_fusion' build argument 'cmake_clean_first' from command line to 'False'
[0.661s] Level 5:colcon.colcon_core.verb:set package 'cuas_fusion' build argument 'cmake_force_configure' from command line to 'False'
[0.661s] Level 5:colcon.colcon_core.verb:set package 'cuas_fusion' build argument 'ament_cmake_args' from command line to 'None'
[0.661s] Level 5:colcon.colcon_core.verb:set package 'cuas_fusion' build argument 'catkin_cmake_args' from command line to 'None'
[0.661s] Level 5:colcon.colcon_core.verb:set package 'cuas_fusion' build argument 'catkin_skip_building_tests' from command line to 'False'
[0.661s] DEBUG:colcon.colcon_core.verb:Building package 'cuas_fusion' with the following arguments: {'ament_cmake_args': None, 'build_base': '/home/zork/ProjectHailMarry/build/cuas_fusion', 'catkin_cmake_args': None, 'catkin_skip_building_tests': False, 'cmake_args': None, 'cmake_clean_cache': False, 'cmake_clean_first': False, 'cmake_force_configure': False, 'cmake_target': None, 'cmake_target_skip_unavailable': False, 'install_base': '/home/zork/ProjectHailMarry/install/cuas_fusion', 'merge_install': False, 'path': '/home/zork/ProjectHailMarry/src/cuas_fusion', 'symlink_install': False, 'test_result_base': None}
[0.662s] Level 5:colcon.colcon_core.verb:set package 'cuas_msgs' build argument 'cmake_args' from command line to 'None'
[0.662s] Level 5:colcon.colcon_core.verb:set package 'cuas_msgs' build argument 'cmake_target' from command line to 'None'
[0.662s] Level 5:colcon.colcon_core.verb:set package 'cuas_msgs' build argument 'cmake_target_skip_unavailable' from command line to 'False'
[0.662s] Level 5:colcon.colcon_core.verb:set package 'cuas_msgs' build argument 'cmake_clean_cache' from command line to 'False'
[0.662s] Level 5:colcon.colcon_core.verb:set package 'cuas_msgs' build argument 'cmake_clean_first' from command line to 'False'
[0.662s] Level 5:colcon.colcon_core.verb:set package 'cuas_msgs' build argument 'cmake_force_configure' from command line to 'False'
[0.662s] Level 5:colcon.colcon_core.verb:set package 'cuas_msgs' build argument 'ament_cmake_args' from command line to 'None'
[0.662s] Level 5:colcon.colcon_core.verb:set package 'cuas_msgs' build argument 'catkin_cmake_args' from command line to 'None'
[0.662s] Level 5:colcon.colcon_core.verb:set package 'cuas_msgs' build argument 'catkin_skip_building_tests' from command line to 'False'
[0.662s] DEBUG:colcon.colcon_core.verb:Building package 'cuas_msgs' with the following arguments: {'ament_cmake_args': None, 'build_base': '/home/zork/ProjectHailMarry/build/cuas_msgs', 'catkin_cmake_args': None, 'catkin_skip_building_tests': False, 'cmake_args': None, 'cmake_clean_cache': False, 'cmake_clean_first': False, 'cmake_force_configure': False, 'cmake_target': None, 'cmake_target_skip_unavailable': False, 'install_base': '/home/zork/ProjectHailMarry/install/cuas_msgs', 'merge_install': False, 'path': '/home/zork/ProjectHailMarry/msgs/cuas_msgs', 'symlink_install': False, 'test_result_base': None}
[0.662s] INFO:colcon.colcon_core.executor:Executing jobs using 'parallel' executor
[0.664s] DEBUG:colcon.colcon_parallel_executor.executor.parallel:run_until_complete
[0.665s] INFO:colcon.colcon_cmake.task.cmake.build:Building CMake package in '/home/zork/ProjectHailMarry/src/cuas_fusion'
[0.668s] INFO:colcon.colcon_core.plugin_system:Skipping extension 'colcon_core.shell.bat': Not used on non-Windows systems
[0.669s] INFO:colcon.colcon_core.shell:Skip shell extension 'powershell' for command environment: Not usable outside of PowerShell
[0.669s] DEBUG:colcon.colcon_core.shell:Skip shell extension 'dsv' for command environment
[0.674s] INFO:colcon.colcon_cmake.task.cmake.build:Building CMake package in '/home/zork/ProjectHailMarry/msgs/cuas_msgs'
[0.675s] INFO:colcon.colcon_core.shell:Skip shell extension 'powershell' for command environment: Not usable outside of PowerShell
[0.675s] DEBUG:colcon.colcon_core.shell:Skip shell extension 'dsv' for command environment
[0.685s] DEBUG:colcon.colcon_core.event_handler.log_command:Invoking command in '/home/zork/ProjectHailMarry/build/cuas_fusion': /usr/bin/cmake --build /home/zork/ProjectHailMarry/build/cuas_fusion -- -j6 -l6
[0.689s] DEBUG:colcon.colcon_core.event_handler.log_command:Invoking command in '/home/zork/ProjectHailMarry/build/cuas_msgs': /usr/bin/cmake --build /home/zork/ProjectHailMarry/build/cuas_msgs -- -j6 -l6
[0.748s] DEBUG:colcon.colcon_core.event_handler.log_command:Invoked command in '/home/zork/ProjectHailMarry/build/cuas_msgs' returned '0': /usr/bin/cmake --build /home/zork/ProjectHailMarry/build/cuas_msgs -- -j6 -l6
[0.748s] WARNING:colcon.colcon_cmake.task.cmake.build:Could not run installation step for package 'cuas_msgs' because it has no 'install' target
[0.748s] Level 1:colcon.colcon_core.environment:create_environment_scripts_only(cuas_msgs)
[0.754s] Level 1:colcon.colcon_core.environment:checking '/home/zork/ProjectHailMarry/install/cuas_msgs' for CMake module files
[0.755s] Level 1:colcon.colcon_core.environment:checking '/home/zork/ProjectHailMarry/install/cuas_msgs' for CMake config files
[0.756s] Level 1:colcon.colcon_core.environment:checking '/home/zork/ProjectHailMarry/install/cuas_msgs/bin'
[0.756s] Level 1:colcon.colcon_core.environment:checking '/home/zork/ProjectHailMarry/install/cuas_msgs/lib/pkgconfig/cuas_msgs.pc'
[0.757s] Level 1:colcon.colcon_core.environment:checking '/home/zork/ProjectHailMarry/install/cuas_msgs/lib/python3.10/site-packages'
[0.758s] Level 1:colcon.colcon_core.environment:checking '/home/zork/ProjectHailMarry/install/cuas_msgs/bin'
[0.759s] INFO:colcon.colcon_core.shell:Creating package script '/home/zork/ProjectHailMarry/install/cuas_msgs/share/cuas_msgs/package.ps1'
[0.762s] INFO:colcon.colcon_core.shell:Creating package descriptor '/home/zork/ProjectHailMarry/install/cuas_msgs/share/cuas_msgs/package.dsv'
[0.763s] INFO:colcon.colcon_core.shell:Creating package script '/home/zork/ProjectHailMarry/install/cuas_msgs/share/cuas_msgs/package.sh'
[0.765s] INFO:colcon.colcon_core.shell:Creating package script '/home/zork/ProjectHailMarry/install/cuas_msgs/share/cuas_msgs/package.bash'
[0.767s] INFO:colcon.colcon_core.shell:Creating package script '/home/zork/ProjectHailMarry/install/cuas_msgs/share/cuas_msgs/package.zsh'
[0.769s] Level 1:colcon.colcon_core.environment:create_file_with_runtime_dependencies(/home/zork/ProjectHailMarry/install/cuas_msgs/share/colcon-core/packages/cuas_msgs)
[0.771s] WARNING:colcon.colcon_cmake.task.cmake.build:Could not run installation step for package 'cuas_fusion' because it has no 'install' target
[0.772s] Level 1:colcon.colcon_core.environment:create_environment_scripts_only(cuas_fusion)
[0.773s] Level 1:colcon.colcon_core.environment:checking '/home/zork/ProjectHailMarry/install/cuas_fusion' for CMake module files
[0.773s] DEBUG:colcon.colcon_core.event_handler.log_command:Invoked command in '/home/zork/ProjectHailMarry/build/cuas_fusion' returned '0': /usr/bin/cmake --build /home/zork/ProjectHailMarry/build/cuas_fusion -- -j6 -l6
[0.774s] Level 1:colcon.colcon_core.environment:checking '/home/zork/ProjectHailMarry/install/cuas_fusion' for CMake config files
[0.775s] Level 1:colcon.colcon_core.environment:checking '/home/zork/ProjectHailMarry/install/cuas_fusion/bin'
[0.775s] Level 1:colcon.colcon_core.environment:checking '/home/zork/ProjectHailMarry/install/cuas_fusion/lib/pkgconfig/cuas_fusion.pc'
[0.776s] Level 1:colcon.colcon_core.environment:checking '/home/zork/ProjectHailMarry/install/cuas_fusion/lib/python3.10/site-packages'
[0.777s] Level 1:colcon.colcon_core.environment:checking '/home/zork/ProjectHailMarry/install/cuas_fusion/bin'
[0.778s] INFO:colcon.colcon_core.shell:Creating package script '/home/zork/ProjectHailMarry/install/cuas_fusion/share/cuas_fusion/package.ps1'
[0.779s] INFO:colcon.colcon_core.shell:Creating package descriptor '/home/zork/ProjectHailMarry/install/cuas_fusion/share/cuas_fusion/package.dsv'
[0.780s] INFO:colcon.colcon_core.shell:Creating package script '/home/zork/ProjectHailMarry/install/cuas_fusion/share/cuas_fusion/package.sh'
[0.781s] INFO:colcon.colcon_core.shell:Creating package script '/home/zork/ProjectHailMarry/install/cuas_fusion/share/cuas_fusion/package.bash'
[0.782s] INFO:colcon.colcon_core.shell:Creating package script '/home/zork/ProjectHailMarry/install/cuas_fusion/share/cuas_fusion/package.zsh'
[0.783s] Level 1:colcon.colcon_core.environment:create_file_with_runtime_dependencies(/home/zork/ProjectHailMarry/install/cuas_fusion/share/colcon-core/packages/cuas_fusion)
[0.784s] DEBUG:colcon.colcon_parallel_executor.executor.parallel:closing loop
[0.785s] DEBUG:colcon.colcon_parallel_executor.executor.parallel:loop closed
[0.785s] DEBUG:colcon.colcon_parallel_executor.executor.parallel:run_until_complete finished with '0'
[0.785s] DEBUG:colcon.colcon_core.event_reactor:joining thread
[0.786s] DEBUG:colcon.colcon_core.event_reactor:joined thread
[0.787s] INFO:colcon.colcon_core.shell:Creating prefix script '/home/zork/ProjectHailMarry/install/local_setup.ps1'
[0.790s] INFO:colcon.colcon_core.shell:Creating prefix util module '/home/zork/ProjectHailMarry/install/_local_setup_util_ps1.py'
[0.793s] INFO:colcon.colcon_core.shell:Creating prefix chain script '/home/zork/ProjectHailMarry/install/setup.ps1'
[0.796s] INFO:colcon.colcon_core.shell:Creating prefix script '/home/zork/ProjectHailMarry/install/local_setup.sh'
[0.797s] INFO:colcon.colcon_core.shell:Creating prefix util module '/home/zork/ProjectHailMarry/install/_local_setup_util_sh.py'
[0.799s] INFO:colcon.colcon_core.shell:Creating prefix chain script '/home/zork/ProjectHailMarry/install/setup.sh'
[0.801s] INFO:colcon.colcon_core.shell:Creating prefix script '/home/zork/ProjectHailMarry/install/local_setup.bash'
[0.802s] INFO:colcon.colcon_core.shell:Creating prefix chain script '/home/zork/ProjectHailMarry/install/setup.bash'
[0.804s] INFO:colcon.colcon_core.shell:Creating prefix script '/home/zork/ProjectHailMarry/install/local_setup.zsh'
[0.805s] INFO:colcon.colcon_core.shell:Creating prefix chain script '/home/zork/ProjectHailMarry/install/setup.zsh'
