[0.189s] DEBUG:colcon:Command line arguments: ['/usr/bin/colcon', 'build', '--packages-select', 'cuas_fusion']
[0.189s] DEBUG:colcon:Parsed command line arguments: Namespace(log_base=None, log_level=None, verb_name='build', build_base='build', install_base='install', merge_install=False, symlink_install=False, test_result_base=None, continue_on_error=False, executor='parallel', parallel_workers=6, event_handlers=None, ignore_user_meta=False, metas=['./colcon.meta'], base_paths=['.'], packages_ignore=None, packages_ignore_regex=None, paths=None, packages_up_to=None, packages_up_to_regex=None, packages_above=None, packages_above_and_dependencies=None, packages_above_depth=None, packages_select_by_dep=None, packages_skip_by_dep=None, packages_skip_up_to=None, packages_select_build_failed=False, packages_skip_build_finished=False, packages_select_test_failures=False, packages_skip_test_passed=False, packages_select=['cuas_fusion'], packages_skip=None, packages_select_regex=None, packages_skip_regex=None, packages_start=None, packages_end=None, allow_overriding=[], cmake_args=None, cmake_target=None, cmake_target_skip_unavailable=False, cmake_clean_cache=False, cmake_clean_first=False, cmake_force_configure=False, ament_cmake_args=None, catkin_cmake_args=None, catkin_skip_building_tests=False, verb_parser=<colcon_defaults.argument_parser.defaults.DefaultArgumentsDecorator object at 0xffff9ceb2ec0>, verb_extension=<colcon_core.verb.build.BuildVerb object at 0xffff9ceb28f0>, main=<bound method BuildVerb.main of <colcon_core.verb.build.BuildVerb object at 0xffff9ceb28f0>>)
[0.474s] Level 1:colcon.colcon_core.package_discovery:discover_packages(colcon_meta) check parameters
[0.474s] Level 1:colcon.colcon_core.package_discovery:discover_packages(recursive) check parameters
[0.475s] Level 1:colcon.colcon_core.package_discovery:discover_packages(ignore) check parameters
[0.475s] Level 1:colcon.colcon_core.package_discovery:discover_packages(path) check parameters
[0.475s] Level 1:colcon.colcon_core.package_discovery:discover_packages(colcon_meta) discover
[0.475s] Level 1:colcon.colcon_core.package_discovery:discover_packages(recursive) discover
[0.475s] INFO:colcon.colcon_core.package_discovery:Crawling recursively for packages in '/home/zork/ProjectHailMarry'
[0.475s] Level 1:colcon.colcon_core.package_identification:_identify(.) by extensions ['ignore', 'ignore_ament_install']
[0.475s] Level 1:colcon.colcon_core.package_identification:_identify(.) by extension 'ignore'
[0.476s] Level 1:colcon.colcon_core.package_identification:_identify(.) by extension 'ignore_ament_install'
[0.476s] Level 1:colcon.colcon_core.package_identification:_identify(.) by extensions ['colcon_pkg']
[0.476s] Level 1:colcon.colcon_core.package_identification:_identify(.) by extension 'colcon_pkg'
[0.476s] Level 1:colcon.colcon_core.package_identification:_identify(.) by extensions ['colcon_meta']
[0.476s] Level 1:colcon.colcon_core.package_identification:_identify(.) by extension 'colcon_meta'
[0.476s] Level 1:colcon.colcon_core.package_identification:_identify(.) by extensions ['ros']
[0.476s] Level 1:colcon.colcon_core.package_identification:_identify(.) by extension 'ros'
[0.497s] Level 1:colcon.colcon_core.package_identification:_identify(.) by extensions ['cmake', 'python']
[0.497s] Level 1:colcon.colcon_core.package_identification:_identify(.) by extension 'cmake'
[0.497s] Level 1:colcon.colcon_core.package_identification:_identify(.) by extension 'python'
[0.497s] Level 1:colcon.colcon_core.package_identification:_identify(.) by extensions ['python_setup_py']
[0.497s] Level 1:colcon.colcon_core.package_identification:_identify(.) by extension 'python_setup_py'
[0.498s] Level 1:colcon.colcon_core.package_identification:_identify(build) by extensions ['ignore', 'ignore_ament_install']
[0.498s] Level 1:colcon.colcon_core.package_identification:_identify(build) by extension 'ignore'
[0.498s] Level 1:colcon.colcon_core.package_identification:_identify(build) ignored
[0.498s] Level 1:colcon.colcon_core.package_identification:_identify(docs) by extensions ['ignore', 'ignore_ament_install']
[0.498s] Level 1:colcon.colcon_core.package_identification:_identify(docs) by extension 'ignore'
[0.499s] Level 1:colcon.colcon_core.package_identification:_identify(docs) by extension 'ignore_ament_install'
[0.499s] Level 1:colcon.colcon_core.package_identification:_identify(docs) by extensions ['colcon_pkg']
[0.499s] Level 1:colcon.colcon_core.package_identification:_identify(docs) by extension 'colcon_pkg'
[0.499s] Level 1:colcon.colcon_core.package_identification:_identify(docs) by extensions ['colcon_meta']
[0.499s] Level 1:colcon.colcon_core.package_identification:_identify(docs) by extension 'colcon_meta'
[0.499s] Level 1:colcon.colcon_core.package_identification:_identify(docs) by extensions ['ros']
[0.499s] Level 1:colcon.colcon_core.package_identification:_identify(docs) by extension 'ros'
[0.499s] Level 1:colcon.colcon_core.package_identification:_identify(docs) by extensions ['cmake', 'python']
[0.499s] Level 1:colcon.colcon_core.package_identification:_identify(docs) by extension 'cmake'
[0.499s] Level 1:colcon.colcon_core.package_identification:_identify(docs) by extension 'python'
[0.499s] Level 1:colcon.colcon_core.package_identification:_identify(docs) by extensions ['python_setup_py']
[0.500s] Level 1:colcon.colcon_core.package_identification:_identify(docs) by extension 'python_setup_py'
[0.500s] Level 1:colcon.colcon_core.package_identification:_identify(install) by extensions ['ignore', 'ignore_ament_install']
[0.500s] Level 1:colcon.colcon_core.package_identification:_identify(install) by extension 'ignore'
[0.500s] Level 1:colcon.colcon_core.package_identification:_identify(install) ignored
[0.500s] Level 1:colcon.colcon_core.package_identification:_identify(log) by extensions ['ignore', 'ignore_ament_install']
[0.500s] Level 1:colcon.colcon_core.package_identification:_identify(log) by extension 'ignore'
[0.500s] Level 1:colcon.colcon_core.package_identification:_identify(log) ignored
[0.501s] Level 1:colcon.colcon_core.package_identification:_identify(msgs) by extensions ['ignore', 'ignore_ament_install']
[0.501s] Level 1:colcon.colcon_core.package_identification:_identify(msgs) by extension 'ignore'
[0.501s] Level 1:colcon.colcon_core.package_identification:_identify(msgs) by extension 'ignore_ament_install'
[0.501s] Level 1:colcon.colcon_core.package_identification:_identify(msgs) by extensions ['colcon_pkg']
[0.501s] Level 1:colcon.colcon_core.package_identification:_identify(msgs) by extension 'colcon_pkg'
[0.501s] Level 1:colcon.colcon_core.package_identification:_identify(msgs) by extensions ['colcon_meta']
[0.501s] Level 1:colcon.colcon_core.package_identification:_identify(msgs) by extension 'colcon_meta'
[0.501s] Level 1:colcon.colcon_core.package_identification:_identify(msgs) by extensions ['ros']
[0.501s] Level 1:colcon.colcon_core.package_identification:_identify(msgs) by extension 'ros'
[0.501s] Level 1:colcon.colcon_core.package_identification:_identify(msgs) by extensions ['cmake', 'python']
[0.501s] Level 1:colcon.colcon_core.package_identification:_identify(msgs) by extension 'cmake'
[0.501s] Level 1:colcon.colcon_core.package_identification:_identify(msgs) by extension 'python'
[0.502s] Level 1:colcon.colcon_core.package_identification:_identify(msgs) by extensions ['python_setup_py']
[0.502s] Level 1:colcon.colcon_core.package_identification:_identify(msgs) by extension 'python_setup_py'
[0.502s] Level 1:colcon.colcon_core.package_identification:_identify(msgs/cuas_msgs) by extensions ['ignore', 'ignore_ament_install']
[0.502s] Level 1:colcon.colcon_core.package_identification:_identify(msgs/cuas_msgs) by extension 'ignore'
[0.502s] Level 1:colcon.colcon_core.package_identification:_identify(msgs/cuas_msgs) by extension 'ignore_ament_install'
[0.502s] Level 1:colcon.colcon_core.package_identification:_identify(msgs/cuas_msgs) by extensions ['colcon_pkg']
[0.502s] Level 1:colcon.colcon_core.package_identification:_identify(msgs/cuas_msgs) by extension 'colcon_pkg'
[0.502s] Level 1:colcon.colcon_core.package_identification:_identify(msgs/cuas_msgs) by extensions ['colcon_meta']
[0.502s] Level 1:colcon.colcon_core.package_identification:_identify(msgs/cuas_msgs) by extension 'colcon_meta'
[0.502s] Level 1:colcon.colcon_core.package_identification:_identify(msgs/cuas_msgs) by extensions ['ros']
[0.503s] Level 1:colcon.colcon_core.package_identification:_identify(msgs/cuas_msgs) by extension 'ros'
[0.507s] DEBUG:colcon.colcon_core.package_identification:Package 'msgs/cuas_msgs' with type 'ros.catkin' and name 'cuas_msgs'
[0.507s] Level 1:colcon.colcon_core.package_identification:_identify(scripts) by extensions ['ignore', 'ignore_ament_install']
[0.507s] Level 1:colcon.colcon_core.package_identification:_identify(scripts) by extension 'ignore'
[0.507s] Level 1:colcon.colcon_core.package_identification:_identify(scripts) by extension 'ignore_ament_install'
[0.507s] Level 1:colcon.colcon_core.package_identification:_identify(scripts) by extensions ['colcon_pkg']
[0.507s] Level 1:colcon.colcon_core.package_identification:_identify(scripts) by extension 'colcon_pkg'
[0.507s] Level 1:colcon.colcon_core.package_identification:_identify(scripts) by extensions ['colcon_meta']
[0.508s] Level 1:colcon.colcon_core.package_identification:_identify(scripts) by extension 'colcon_meta'
[0.508s] Level 1:colcon.colcon_core.package_identification:_identify(scripts) by extensions ['ros']
[0.508s] Level 1:colcon.colcon_core.package_identification:_identify(scripts) by extension 'ros'
[0.508s] Level 1:colcon.colcon_core.package_identification:_identify(scripts) by extensions ['cmake', 'python']
[0.508s] Level 1:colcon.colcon_core.package_identification:_identify(scripts) by extension 'cmake'
[0.508s] Level 1:colcon.colcon_core.package_identification:_identify(scripts) by extension 'python'
[0.508s] Level 1:colcon.colcon_core.package_identification:_identify(scripts) by extensions ['python_setup_py']
[0.508s] Level 1:colcon.colcon_core.package_identification:_identify(scripts) by extension 'python_setup_py'
[0.508s] Level 1:colcon.colcon_core.package_identification:_identify(src) by extensions ['ignore', 'ignore_ament_install']
[0.508s] Level 1:colcon.colcon_core.package_identification:_identify(src) by extension 'ignore'
[0.509s] Level 1:colcon.colcon_core.package_identification:_identify(src) by extension 'ignore_ament_install'
[0.509s] Level 1:colcon.colcon_core.package_identification:_identify(src) by extensions ['colcon_pkg']
[0.509s] Level 1:colcon.colcon_core.package_identification:_identify(src) by extension 'colcon_pkg'
[0.509s] Level 1:colcon.colcon_core.package_identification:_identify(src) by extensions ['colcon_meta']
[0.509s] Level 1:colcon.colcon_core.package_identification:_identify(src) by extension 'colcon_meta'
[0.509s] Level 1:colcon.colcon_core.package_identification:_identify(src) by extensions ['ros']
[0.509s] Level 1:colcon.colcon_core.package_identification:_identify(src) by extension 'ros'
[0.509s] Level 1:colcon.colcon_core.package_identification:_identify(src) by extensions ['cmake', 'python']
[0.509s] Level 1:colcon.colcon_core.package_identification:_identify(src) by extension 'cmake'
[0.509s] Level 1:colcon.colcon_core.package_identification:_identify(src) by extension 'python'
[0.509s] Level 1:colcon.colcon_core.package_identification:_identify(src) by extensions ['python_setup_py']
[0.509s] Level 1:colcon.colcon_core.package_identification:_identify(src) by extension 'python_setup_py'
[0.510s] Level 1:colcon.colcon_core.package_identification:_identify(src/cuas_fusion) by extensions ['ignore', 'ignore_ament_install']
[0.510s] Level 1:colcon.colcon_core.package_identification:_identify(src/cuas_fusion) by extension 'ignore'
[0.510s] Level 1:colcon.colcon_core.package_identification:_identify(src/cuas_fusion) by extension 'ignore_ament_install'
[0.510s] Level 1:colcon.colcon_core.package_identification:_identify(src/cuas_fusion) by extensions ['colcon_pkg']
[0.510s] Level 1:colcon.colcon_core.package_identification:_identify(src/cuas_fusion) by extension 'colcon_pkg'
[0.510s] Level 1:colcon.colcon_core.package_identification:_identify(src/cuas_fusion) by extensions ['colcon_meta']
[0.510s] Level 1:colcon.colcon_core.package_identification:_identify(src/cuas_fusion) by extension 'colcon_meta'
[0.510s] Level 1:colcon.colcon_core.package_identification:_identify(src/cuas_fusion) by extensions ['ros']
[0.510s] Level 1:colcon.colcon_core.package_identification:_identify(src/cuas_fusion) by extension 'ros'
[0.512s] DEBUG:colcon.colcon_core.package_identification:Package 'src/cuas_fusion' with type 'ros.catkin' and name 'cuas_fusion'
[0.512s] Level 1:colcon.colcon_core.package_identification:_identify(src/cuas_msgs) by extensions ['ignore', 'ignore_ament_install']
[0.512s] Level 1:colcon.colcon_core.package_identification:_identify(src/cuas_msgs) by extension 'ignore'
[0.512s] Level 1:colcon.colcon_core.package_identification:_identify(src/cuas_msgs) by extension 'ignore_ament_install'
[0.512s] Level 1:colcon.colcon_core.package_identification:_identify(src/cuas_msgs) by extensions ['colcon_pkg']
[0.512s] Level 1:colcon.colcon_core.package_identification:_identify(src/cuas_msgs) by extension 'colcon_pkg'
[0.512s] Level 1:colcon.colcon_core.package_identification:_identify(src/cuas_msgs) by extensions ['colcon_meta']
[0.512s] Level 1:colcon.colcon_core.package_identification:_identify(src/cuas_msgs) by extension 'colcon_meta'
[0.512s] Level 1:colcon.colcon_core.package_identification:_identify(src/cuas_msgs) by extensions ['ros']
[0.513s] Level 1:colcon.colcon_core.package_identification:_identify(src/cuas_msgs) by extension 'ros'
[0.513s] Level 1:colcon.colcon_core.package_identification:_identify(src/cuas_msgs) by extensions ['cmake', 'python']
[0.513s] Level 1:colcon.colcon_core.package_identification:_identify(src/cuas_msgs) by extension 'cmake'
[0.513s] Level 1:colcon.colcon_core.package_identification:_identify(src/cuas_msgs) by extension 'python'
[0.513s] Level 1:colcon.colcon_core.package_identification:_identify(src/cuas_msgs) by extensions ['python_setup_py']
[0.513s] Level 1:colcon.colcon_core.package_identification:_identify(src/cuas_msgs) by extension 'python_setup_py'
[0.513s] Level 1:colcon.colcon_core.package_identification:_identify(src/cuas_msgs/msg) by extensions ['ignore', 'ignore_ament_install']
[0.514s] Level 1:colcon.colcon_core.package_identification:_identify(src/cuas_msgs/msg) by extension 'ignore'
[0.514s] Level 1:colcon.colcon_core.package_identification:_identify(src/cuas_msgs/msg) by extension 'ignore_ament_install'
[0.514s] Level 1:colcon.colcon_core.package_identification:_identify(src/cuas_msgs/msg) by extensions ['colcon_pkg']
[0.514s] Level 1:colcon.colcon_core.package_identification:_identify(src/cuas_msgs/msg) by extension 'colcon_pkg'
[0.514s] Level 1:colcon.colcon_core.package_identification:_identify(src/cuas_msgs/msg) by extensions ['colcon_meta']
[0.514s] Level 1:colcon.colcon_core.package_identification:_identify(src/cuas_msgs/msg) by extension 'colcon_meta'
[0.514s] Level 1:colcon.colcon_core.package_identification:_identify(src/cuas_msgs/msg) by extensions ['ros']
[0.514s] Level 1:colcon.colcon_core.package_identification:_identify(src/cuas_msgs/msg) by extension 'ros'
[0.514s] Level 1:colcon.colcon_core.package_identification:_identify(src/cuas_msgs/msg) by extensions ['cmake', 'python']
[0.514s] Level 1:colcon.colcon_core.package_identification:_identify(src/cuas_msgs/msg) by extension 'cmake'
[0.515s] Level 1:colcon.colcon_core.package_identification:_identify(src/cuas_msgs/msg) by extension 'python'
[0.515s] Level 1:colcon.colcon_core.package_identification:_identify(src/cuas_msgs/msg) by extensions ['python_setup_py']
[0.515s] Level 1:colcon.colcon_core.package_identification:_identify(src/cuas_msgs/msg) by extension 'python_setup_py'
[0.515s] Level 1:colcon.colcon_core.package_identification:_identify(test) by extensions ['ignore', 'ignore_ament_install']
[0.515s] Level 1:colcon.colcon_core.package_identification:_identify(test) by extension 'ignore'
[0.515s] Level 1:colcon.colcon_core.package_identification:_identify(test) by extension 'ignore_ament_install'
[0.515s] Level 1:colcon.colcon_core.package_identification:_identify(test) by extensions ['colcon_pkg']
[0.515s] Level 1:colcon.colcon_core.package_identification:_identify(test) by extension 'colcon_pkg'
[0.515s] Level 1:colcon.colcon_core.package_identification:_identify(test) by extensions ['colcon_meta']
[0.515s] Level 1:colcon.colcon_core.package_identification:_identify(test) by extension 'colcon_meta'
[0.516s] Level 1:colcon.colcon_core.package_identification:_identify(test) by extensions ['ros']
[0.516s] Level 1:colcon.colcon_core.package_identification:_identify(test) by extension 'ros'
[0.516s] Level 1:colcon.colcon_core.package_identification:_identify(test) by extensions ['cmake', 'python']
[0.516s] Level 1:colcon.colcon_core.package_identification:_identify(test) by extension 'cmake'
[0.516s] Level 1:colcon.colcon_core.package_identification:_identify(test) by extension 'python'
[0.516s] Level 1:colcon.colcon_core.package_identification:_identify(test) by extensions ['python_setup_py']
[0.516s] Level 1:colcon.colcon_core.package_identification:_identify(test) by extension 'python_setup_py'
[0.516s] Level 1:colcon.colcon_core.package_identification:_identify(test/integration) by extensions ['ignore', 'ignore_ament_install']
[0.516s] Level 1:colcon.colcon_core.package_identification:_identify(test/integration) by extension 'ignore'
[0.516s] Level 1:colcon.colcon_core.package_identification:_identify(test/integration) by extension 'ignore_ament_install'
[0.517s] Level 1:colcon.colcon_core.package_identification:_identify(test/integration) by extensions ['colcon_pkg']
[0.517s] Level 1:colcon.colcon_core.package_identification:_identify(test/integration) by extension 'colcon_pkg'
[0.517s] Level 1:colcon.colcon_core.package_identification:_identify(test/integration) by extensions ['colcon_meta']
[0.517s] Level 1:colcon.colcon_core.package_identification:_identify(test/integration) by extension 'colcon_meta'
[0.517s] Level 1:colcon.colcon_core.package_identification:_identify(test/integration) by extensions ['ros']
[0.517s] Level 1:colcon.colcon_core.package_identification:_identify(test/integration) by extension 'ros'
[0.517s] Level 1:colcon.colcon_core.package_identification:_identify(test/integration) by extensions ['cmake', 'python']
[0.517s] Level 1:colcon.colcon_core.package_identification:_identify(test/integration) by extension 'cmake'
[0.517s] Level 1:colcon.colcon_core.package_identification:_identify(test/integration) by extension 'python'
[0.517s] Level 1:colcon.colcon_core.package_identification:_identify(test/integration) by extensions ['python_setup_py']
[0.517s] Level 1:colcon.colcon_core.package_identification:_identify(test/integration) by extension 'python_setup_py'
[0.517s] Level 1:colcon.colcon_core.package_identification:_identify(test/unit) by extensions ['ignore', 'ignore_ament_install']
[0.518s] Level 1:colcon.colcon_core.package_identification:_identify(test/unit) by extension 'ignore'
[0.518s] Level 1:colcon.colcon_core.package_identification:_identify(test/unit) by extension 'ignore_ament_install'
[0.518s] Level 1:colcon.colcon_core.package_identification:_identify(test/unit) by extensions ['colcon_pkg']
[0.518s] Level 1:colcon.colcon_core.package_identification:_identify(test/unit) by extension 'colcon_pkg'
[0.518s] Level 1:colcon.colcon_core.package_identification:_identify(test/unit) by extensions ['colcon_meta']
[0.518s] Level 1:colcon.colcon_core.package_identification:_identify(test/unit) by extension 'colcon_meta'
[0.518s] Level 1:colcon.colcon_core.package_identification:_identify(test/unit) by extensions ['ros']
[0.518s] Level 1:colcon.colcon_core.package_identification:_identify(test/unit) by extension 'ros'
[0.518s] Level 1:colcon.colcon_core.package_identification:_identify(test/unit) by extensions ['cmake', 'python']
[0.518s] Level 1:colcon.colcon_core.package_identification:_identify(test/unit) by extension 'cmake'
[0.518s] Level 1:colcon.colcon_core.package_identification:_identify(test/unit) by extension 'python'
[0.518s] Level 1:colcon.colcon_core.package_identification:_identify(test/unit) by extensions ['python_setup_py']
[0.519s] Level 1:colcon.colcon_core.package_identification:_identify(test/unit) by extension 'python_setup_py'
[0.519s] Level 1:colcon.colcon_core.package_discovery:discover_packages(recursive) using defaults
[0.519s] Level 1:colcon.colcon_core.package_discovery:discover_packages(ignore) discover
[0.519s] Level 1:colcon.colcon_core.package_discovery:discover_packages(ignore) using defaults
[0.519s] Level 1:colcon.colcon_core.package_discovery:discover_packages(path) discover
[0.519s] Level 1:colcon.colcon_core.package_discovery:discover_packages(path) using defaults
[0.553s] INFO:colcon.colcon_core.package_selection:Skipping not selected package 'cuas_msgs' in 'msgs/cuas_msgs'
[0.553s] Level 1:colcon.colcon_core.package_discovery:discover_packages(prefix_path) check parameters
[0.554s] Level 1:colcon.colcon_core.package_discovery:discover_packages(prefix_path) discover
[0.558s] DEBUG:colcon.colcon_installed_package_information.package_discovery:Found 273 installed packages in /opt/ros/humble
[0.562s] Level 1:colcon.colcon_core.package_discovery:discover_packages(prefix_path) using defaults
[0.657s] Level 5:colcon.colcon_core.verb:set package 'cuas_fusion' build argument 'cmake_args' from command line to 'None'
[0.658s] Level 5:colcon.colcon_core.verb:set package 'cuas_fusion' build argument 'cmake_target' from command line to 'None'
[0.658s] Level 5:colcon.colcon_core.verb:set package 'cuas_fusion' build argument 'cmake_target_skip_unavailable' from command line to 'False'
[0.658s] Level 5:colcon.colcon_core.verb:set package 'cuas_fusion' build argument 'cmake_clean_cache' from command line to 'False'
[0.658s] Level 5:colcon.colcon_core.verb:set package 'cuas_fusion' build argument 'cmake_clean_first' from command line to 'False'
[0.658s] Level 5:colcon.colcon_core.verb:set package 'cuas_fusion' build argument 'cmake_force_configure' from command line to 'False'
[0.658s] Level 5:colcon.colcon_core.verb:set package 'cuas_fusion' build argument 'ament_cmake_args' from command line to 'None'
[0.658s] Level 5:colcon.colcon_core.verb:set package 'cuas_fusion' build argument 'catkin_cmake_args' from command line to 'None'
[0.658s] Level 5:colcon.colcon_core.verb:set package 'cuas_fusion' build argument 'catkin_skip_building_tests' from command line to 'False'
[0.658s] DEBUG:colcon.colcon_core.verb:Building package 'cuas_fusion' with the following arguments: {'ament_cmake_args': None, 'build_base': '/home/zork/ProjectHailMarry/build/cuas_fusion', 'catkin_cmake_args': None, 'catkin_skip_building_tests': False, 'cmake_args': None, 'cmake_clean_cache': False, 'cmake_clean_first': False, 'cmake_force_configure': False, 'cmake_target': None, 'cmake_target_skip_unavailable': False, 'install_base': '/home/zork/ProjectHailMarry/install/cuas_fusion', 'merge_install': False, 'path': '/home/zork/ProjectHailMarry/src/cuas_fusion', 'symlink_install': False, 'test_result_base': None}
[0.658s] INFO:colcon.colcon_core.executor:Executing jobs using 'parallel' executor
[0.660s] DEBUG:colcon.colcon_parallel_executor.executor.parallel:run_until_complete
[0.661s] INFO:colcon.colcon_ros.task.catkin.build:Building ROS package in '/home/zork/ProjectHailMarry/src/cuas_fusion' with build type 'catkin'
[0.661s] INFO:colcon.colcon_cmake.task.cmake.build:Building CMake package in '/home/zork/ProjectHailMarry/src/cuas_fusion'
[0.665s] INFO:colcon.colcon_core.plugin_system:Skipping extension 'colcon_core.shell.bat': Not used on non-Windows systems
[0.665s] INFO:colcon.colcon_core.shell:Skip shell extension 'powershell' for command environment: Not usable outside of PowerShell
[0.665s] DEBUG:colcon.colcon_core.shell:Skip shell extension 'dsv' for command environment
[0.680s] DEBUG:colcon.colcon_core.event_handler.log_command:Invoking command in '/home/zork/ProjectHailMarry/build/cuas_fusion': CMAKE_PREFIX_PATH=/home/zork/ProjectHailMarry/install/cuas_msgs LD_LIBRARY_PATH=/home/zork/ProjectHailMarry/install/cuas_msgs/lib:/opt/ros/humble/opt/rviz_ogre_vendor/lib:/opt/ros/humble/lib/aarch64-linux-gnu:/opt/ros/humble/lib:/usr/local/cuda-12.6/lib64 PKG_CONFIG_PATH=/home/zork/ProjectHailMarry/install/cuas_msgs/lib/aarch64-linux-gnu/pkgconfig:/home/zork/ProjectHailMarry/install/cuas_msgs/lib/pkgconfig PYTHONPATH=/home/zork/ProjectHailMarry/install/cuas_msgs/local/lib/python3.10/dist-packages:${PYTHONPATH} ROS_PACKAGE_PATH=/home/zork/ProjectHailMarry/install/cuas_msgs/share /usr/bin/cmake /home/zork/ProjectHailMarry/src/cuas_fusion -DCATKIN_INSTALL_INTO_PREFIX_ROOT=0 -DCMAKE_INSTALL_PREFIX=/home/zork/ProjectHailMarry/install/cuas_fusion
[1.606s] DEBUG:colcon.colcon_core.event_handler.log_command:Invoked command in '/home/zork/ProjectHailMarry/build/cuas_fusion' returned '0': CMAKE_PREFIX_PATH=/home/zork/ProjectHailMarry/install/cuas_msgs LD_LIBRARY_PATH=/home/zork/ProjectHailMarry/install/cuas_msgs/lib:/opt/ros/humble/opt/rviz_ogre_vendor/lib:/opt/ros/humble/lib/aarch64-linux-gnu:/opt/ros/humble/lib:/usr/local/cuda-12.6/lib64 PKG_CONFIG_PATH=/home/zork/ProjectHailMarry/install/cuas_msgs/lib/aarch64-linux-gnu/pkgconfig:/home/zork/ProjectHailMarry/install/cuas_msgs/lib/pkgconfig PYTHONPATH=/home/zork/ProjectHailMarry/install/cuas_msgs/local/lib/python3.10/dist-packages:${PYTHONPATH} ROS_PACKAGE_PATH=/home/zork/ProjectHailMarry/install/cuas_msgs/share /usr/bin/cmake /home/zork/ProjectHailMarry/src/cuas_fusion -DCATKIN_INSTALL_INTO_PREFIX_ROOT=0 -DCMAKE_INSTALL_PREFIX=/home/zork/ProjectHailMarry/install/cuas_fusion
[1.610s] DEBUG:colcon.colcon_core.event_handler.log_command:Invoking command in '/home/zork/ProjectHailMarry/build/cuas_fusion': CMAKE_PREFIX_PATH=/home/zork/ProjectHailMarry/install/cuas_msgs LD_LIBRARY_PATH=/home/zork/ProjectHailMarry/install/cuas_msgs/lib:/opt/ros/humble/opt/rviz_ogre_vendor/lib:/opt/ros/humble/lib/aarch64-linux-gnu:/opt/ros/humble/lib:/usr/local/cuda-12.6/lib64 PKG_CONFIG_PATH=/home/zork/ProjectHailMarry/install/cuas_msgs/lib/aarch64-linux-gnu/pkgconfig:/home/zork/ProjectHailMarry/install/cuas_msgs/lib/pkgconfig PYTHONPATH=/home/zork/ProjectHailMarry/install/cuas_msgs/local/lib/python3.10/dist-packages:${PYTHONPATH} ROS_PACKAGE_PATH=/home/zork/ProjectHailMarry/install/cuas_msgs/share /usr/bin/cmake --build /home/zork/ProjectHailMarry/build/cuas_fusion -- -j6 -l6
[10.839s] DEBUG:colcon.colcon_core.event_handler.log_command:Invoked command in '/home/zork/ProjectHailMarry/build/cuas_fusion' returned '0': CMAKE_PREFIX_PATH=/home/zork/ProjectHailMarry/install/cuas_msgs LD_LIBRARY_PATH=/home/zork/ProjectHailMarry/install/cuas_msgs/lib:/opt/ros/humble/opt/rviz_ogre_vendor/lib:/opt/ros/humble/lib/aarch64-linux-gnu:/opt/ros/humble/lib:/usr/local/cuda-12.6/lib64 PKG_CONFIG_PATH=/home/zork/ProjectHailMarry/install/cuas_msgs/lib/aarch64-linux-gnu/pkgconfig:/home/zork/ProjectHailMarry/install/cuas_msgs/lib/pkgconfig PYTHONPATH=/home/zork/ProjectHailMarry/install/cuas_msgs/local/lib/python3.10/dist-packages:${PYTHONPATH} ROS_PACKAGE_PATH=/home/zork/ProjectHailMarry/install/cuas_msgs/share /usr/bin/cmake --build /home/zork/ProjectHailMarry/build/cuas_fusion -- -j6 -l6
[10.870s] DEBUG:colcon.colcon_core.event_handler.log_command:Invoking command in '/home/zork/ProjectHailMarry/build/cuas_fusion': CMAKE_PREFIX_PATH=/home/zork/ProjectHailMarry/install/cuas_msgs LD_LIBRARY_PATH=/home/zork/ProjectHailMarry/install/cuas_msgs/lib:/opt/ros/humble/opt/rviz_ogre_vendor/lib:/opt/ros/humble/lib/aarch64-linux-gnu:/opt/ros/humble/lib:/usr/local/cuda-12.6/lib64 PKG_CONFIG_PATH=/home/zork/ProjectHailMarry/install/cuas_msgs/lib/aarch64-linux-gnu/pkgconfig:/home/zork/ProjectHailMarry/install/cuas_msgs/lib/pkgconfig PYTHONPATH=/home/zork/ProjectHailMarry/install/cuas_msgs/local/lib/python3.10/dist-packages:${PYTHONPATH} ROS_PACKAGE_PATH=/home/zork/ProjectHailMarry/install/cuas_msgs/share /usr/bin/cmake --install /home/zork/ProjectHailMarry/build/cuas_fusion
[10.900s] DEBUG:colcon.colcon_core.event_handler.log_command:Invoked command in '/home/zork/ProjectHailMarry/build/cuas_fusion' returned '0': CMAKE_PREFIX_PATH=/home/zork/ProjectHailMarry/install/cuas_msgs LD_LIBRARY_PATH=/home/zork/ProjectHailMarry/install/cuas_msgs/lib:/opt/ros/humble/opt/rviz_ogre_vendor/lib:/opt/ros/humble/lib/aarch64-linux-gnu:/opt/ros/humble/lib:/usr/local/cuda-12.6/lib64 PKG_CONFIG_PATH=/home/zork/ProjectHailMarry/install/cuas_msgs/lib/aarch64-linux-gnu/pkgconfig:/home/zork/ProjectHailMarry/install/cuas_msgs/lib/pkgconfig PYTHONPATH=/home/zork/ProjectHailMarry/install/cuas_msgs/local/lib/python3.10/dist-packages:${PYTHONPATH} ROS_PACKAGE_PATH=/home/zork/ProjectHailMarry/install/cuas_msgs/share /usr/bin/cmake --install /home/zork/ProjectHailMarry/build/cuas_fusion
[10.900s] Level 1:colcon.colcon_core.shell:create_environment_hook('cuas_fusion', 'ros_package_path')
[10.901s] INFO:colcon.colcon_core.shell:Creating environment hook '/home/zork/ProjectHailMarry/install/cuas_fusion/share/cuas_fusion/hook/ros_package_path.ps1'
[10.903s] INFO:colcon.colcon_core.shell:Creating environment descriptor '/home/zork/ProjectHailMarry/install/cuas_fusion/share/cuas_fusion/hook/ros_package_path.dsv'
[10.905s] INFO:colcon.colcon_core.shell:Creating environment hook '/home/zork/ProjectHailMarry/install/cuas_fusion/share/cuas_fusion/hook/ros_package_path.sh'
[10.908s] Level 1:colcon.colcon_core.shell:create_environment_hook('cuas_fusion', 'pkg_config_path')
[10.909s] INFO:colcon.colcon_core.shell:Creating environment hook '/home/zork/ProjectHailMarry/install/cuas_fusion/share/cuas_fusion/hook/pkg_config_path.ps1'
[10.910s] INFO:colcon.colcon_core.shell:Creating environment descriptor '/home/zork/ProjectHailMarry/install/cuas_fusion/share/cuas_fusion/hook/pkg_config_path.dsv'
[10.912s] INFO:colcon.colcon_core.shell:Creating environment hook '/home/zork/ProjectHailMarry/install/cuas_fusion/share/cuas_fusion/hook/pkg_config_path.sh'
[10.922s] Level 1:colcon.colcon_core.shell:create_environment_hook('cuas_fusion', 'pkg_config_path_multiarch')
[10.923s] INFO:colcon.colcon_core.shell:Creating environment hook '/home/zork/ProjectHailMarry/install/cuas_fusion/share/cuas_fusion/hook/pkg_config_path_multiarch.ps1'
[10.926s] INFO:colcon.colcon_core.shell:Creating environment descriptor '/home/zork/ProjectHailMarry/install/cuas_fusion/share/cuas_fusion/hook/pkg_config_path_multiarch.dsv'
[10.927s] INFO:colcon.colcon_core.shell:Creating environment hook '/home/zork/ProjectHailMarry/install/cuas_fusion/share/cuas_fusion/hook/pkg_config_path_multiarch.sh'
[10.931s] Level 1:colcon.colcon_core.environment:create_environment_scripts_only(cuas_fusion)
[10.941s] Level 1:colcon.colcon_core.environment:checking '/home/zork/ProjectHailMarry/install/cuas_fusion' for CMake module files
[10.943s] Level 1:colcon.colcon_core.environment:checking '/home/zork/ProjectHailMarry/install/cuas_fusion' for CMake config files
[10.944s] Level 1:colcon.colcon_core.shell:create_environment_hook('cuas_fusion', 'cmake_prefix_path')
[10.945s] INFO:colcon.colcon_core.shell:Creating environment hook '/home/zork/ProjectHailMarry/install/cuas_fusion/share/cuas_fusion/hook/cmake_prefix_path.ps1'
[10.947s] INFO:colcon.colcon_core.shell:Creating environment descriptor '/home/zork/ProjectHailMarry/install/cuas_fusion/share/cuas_fusion/hook/cmake_prefix_path.dsv'
[10.948s] INFO:colcon.colcon_core.shell:Creating environment hook '/home/zork/ProjectHailMarry/install/cuas_fusion/share/cuas_fusion/hook/cmake_prefix_path.sh'
[10.950s] Level 1:colcon.colcon_core.environment:checking '/home/zork/ProjectHailMarry/install/cuas_fusion/lib'
[10.951s] Level 1:colcon.colcon_core.environment:checking '/home/zork/ProjectHailMarry/install/cuas_fusion/bin'
[10.951s] Level 1:colcon.colcon_core.environment:checking '/home/zork/ProjectHailMarry/install/cuas_fusion/lib/pkgconfig/cuas_fusion.pc'
[10.952s] Level 1:colcon.colcon_core.environment:checking '/home/zork/ProjectHailMarry/install/cuas_fusion/lib/python3.10/site-packages'
[10.953s] Level 1:colcon.colcon_core.environment:checking '/home/zork/ProjectHailMarry/install/cuas_fusion/bin'
[10.954s] INFO:colcon.colcon_core.shell:Creating package script '/home/zork/ProjectHailMarry/install/cuas_fusion/share/cuas_fusion/package.ps1'
[10.958s] INFO:colcon.colcon_core.shell:Creating package descriptor '/home/zork/ProjectHailMarry/install/cuas_fusion/share/cuas_fusion/package.dsv'
[10.960s] INFO:colcon.colcon_core.shell:Creating package script '/home/zork/ProjectHailMarry/install/cuas_fusion/share/cuas_fusion/package.sh'
[10.962s] INFO:colcon.colcon_core.shell:Creating package script '/home/zork/ProjectHailMarry/install/cuas_fusion/share/cuas_fusion/package.bash'
[10.964s] INFO:colcon.colcon_core.shell:Creating package script '/home/zork/ProjectHailMarry/install/cuas_fusion/share/cuas_fusion/package.zsh'
[10.966s] Level 1:colcon.colcon_core.environment:create_file_with_runtime_dependencies(/home/zork/ProjectHailMarry/install/cuas_fusion/share/colcon-core/packages/cuas_fusion)
[10.967s] DEBUG:colcon.colcon_parallel_executor.executor.parallel:closing loop
[10.967s] DEBUG:colcon.colcon_parallel_executor.executor.parallel:loop closed
[10.968s] DEBUG:colcon.colcon_parallel_executor.executor.parallel:run_until_complete finished with '0'
[10.968s] DEBUG:colcon.colcon_core.event_reactor:joining thread
[10.969s] DEBUG:colcon.colcon_core.event_reactor:joined thread
[10.970s] INFO:colcon.colcon_core.shell:Creating prefix script '/home/zork/ProjectHailMarry/install/local_setup.ps1'
[10.973s] INFO:colcon.colcon_core.shell:Creating prefix util module '/home/zork/ProjectHailMarry/install/_local_setup_util_ps1.py'
[10.977s] INFO:colcon.colcon_core.shell:Creating prefix chain script '/home/zork/ProjectHailMarry/install/setup.ps1'
[10.981s] INFO:colcon.colcon_core.shell:Creating prefix script '/home/zork/ProjectHailMarry/install/local_setup.sh'
[10.983s] INFO:colcon.colcon_core.shell:Creating prefix util module '/home/zork/ProjectHailMarry/install/_local_setup_util_sh.py'
[10.985s] INFO:colcon.colcon_core.shell:Creating prefix chain script '/home/zork/ProjectHailMarry/install/setup.sh'
[10.988s] INFO:colcon.colcon_core.shell:Creating prefix script '/home/zork/ProjectHailMarry/install/local_setup.bash'
[10.990s] INFO:colcon.colcon_core.shell:Creating prefix chain script '/home/zork/ProjectHailMarry/install/setup.bash'
[10.992s] INFO:colcon.colcon_core.shell:Creating prefix script '/home/zork/ProjectHailMarry/install/local_setup.zsh'
[10.994s] INFO:colcon.colcon_core.shell:Creating prefix chain script '/home/zork/ProjectHailMarry/install/setup.zsh'
