[0.016s] Invoking command in '/home/zork/ProjectHailMarry/build/cuas_msgs': /usr/bin/cmake --build /home/zork/ProjectHailMarry/build/cuas_msgs -- -j6 -l6
[0.055s] -- Found ament_cmake: 1.3.14 (/opt/ros/humble/share/ament_cmake/cmake)
[0.355s] -- Found Python3: /usr/bin/python3 (found version "3.10.12") found components: Interpreter 
[0.566s] -- Found rosidl_default_generators: 1.2.1 (/opt/ros/humble/share/rosidl_default_generators/cmake)
[0.574s] -- Using all available rosidl_typesupport_c: rosidl_typesupport_fastrtps_c;rosidl_typesupport_introspection_c
[0.588s] -- Found rosidl_adapter: 3.1.8 (/opt/ros/humble/share/rosidl_adapter/cmake)
[0.656s] -- Using all available rosidl_typesupport_cpp: rosidl_typesupport_fastrtps_cpp;rosidl_typesupport_introspection_cpp
[1.080s] Error parsing '/home/zork/ProjectHailMarry/msgs/cuas_msgs/package.xml':
[1.165s] Traceback (most recent call last):
[1.165s]   File "/opt/ros/humble/share/ament_cmake_core/cmake/core/package_xml_2_cmake.py", line 150, in <module>
[1.165s]     main()
[1.165s]   File "/opt/ros/humble/share/ament_cmake_core/cmake/core/package_xml_2_cmake.py", line 53, in main
[1.165s]     raise e
[1.166s]   File "/opt/ros/humble/share/ament_cmake_core/cmake/core/package_xml_2_cmake.py", line 49, in main
[1.166s]     package = parse_package_string(
[1.166s]   File "/usr/lib/python3/dist-packages/catkin_pkg/package.py", line 788, in parse_package_string
[1.166s]     pkg.validate(warnings=warnings)
[1.166s]   File "/usr/lib/python3/dist-packages/catkin_pkg/package.py", line 330, in validate
[1.166s]     raise InvalidPackage('\n'.join(errors), self.filename)
[1.166s] catkin_pkg.package.InvalidPackage: Error(s) in package '/home/zork/ProjectHailMarry/msgs/cuas_msgs/package.xml':
[1.166s] Invalid email "zork@localhost" for person "zork"
[1.204s] CMake Error at /opt/ros/humble/share/ament_cmake_core/cmake/core/ament_package_xml.cmake:95 (message):
[1.204s]   execute_process(/usr/bin/python3
[1.204s]   /opt/ros/humble/share/ament_cmake_core/cmake/core/package_xml_2_cmake.py
[1.205s]   /home/zork/ProjectHailMarry/msgs/cuas_msgs/package.xml
[1.205s]   /home/zork/ProjectHailMarry/build/cuas_msgs/ament_cmake_core/package.cmake)
[1.205s]   returned error code 1
[1.205s] Call Stack (most recent call first):
[1.206s]   /opt/ros/humble/share/ament_cmake_core/cmake/core/ament_package_xml.cmake:49 (_ament_package_xml)
[1.206s]   /opt/ros/humble/share/rosidl_cmake/cmake/rosidl_generate_interfaces.cmake:226 (ament_package_xml)
[1.206s]   CMakeLists.txt:7 (rosidl_generate_interfaces)
[1.206s] 
[1.207s] 
[1.207s] -- Configuring incomplete, errors occurred!
[1.207s] See also "/home/zork/ProjectHailMarry/build/cuas_msgs/CMakeFiles/CMakeOutput.log".
[1.243s] gmake: *** [Makefile:138: cmake_check_build_system] Error 1
[1.248s] Invoked command in '/home/zork/ProjectHailMarry/build/cuas_msgs' returned '2': /usr/bin/cmake --build /home/zork/ProjectHailMarry/build/cuas_msgs -- -j6 -l6
